Archive member included because of file (symbol)

/Programs/devkitpro/libogc/lib/wii/libisfs.a(isfs.o)
                              isfs_example.o (ISFS_Unmount)
/Programs/devkitpro/libogc/lib/wii/libisfs.a(certs.bin.o)
                              /Programs/devkitpro/libogc/lib/wii/libisfs.a(isfs.o) (certs_bin_size)
/Programs/devkitpro/libogc/lib/wii/libisfs.a(su_tik.bin.o)
                              /Programs/devkitpro/libogc/lib/wii/libisfs.a(isfs.o) (su_tik_bin_size)
/Programs/devkitpro/libogc/lib/wii/libisfs.a(su_tmd.bin.o)
                              /Programs/devkitpro/libogc/lib/wii/libisfs.a(isfs.o) (su_tmd_bin_size)
/Programs/devkitpro/libogc/lib/wii/libogc.a(console.o)
                              isfs_example.o (CON_InitEx)
/Programs/devkitpro/libogc/lib/wii/libogc.a(video.o)
                              /Programs/devkitpro/libogc/lib/wii/libogc.a(console.o) (VIDEO_GetCurrentFramebuffer)
/Programs/devkitpro/libogc/lib/wii/libogc.a(pad.o)
                              isfs_example.o (PAD_Init)
/Programs/devkitpro/libogc/lib/wii/libogc.a(system.o)
                              /Programs/devkitpro/libogc/lib/wii/libogc.a(pad.o) (SYS_RegisterResetFunc)
/Programs/devkitpro/libogc/lib/wii/libogc.a(system_asm.o)
                              /Programs/devkitpro/libogc/lib/wii/libogc.a(system.o) (__realmode)
/Programs/devkitpro/libogc/lib/wii/libogc.a(cond.o)
                              /Programs/devkitpro/libogc/lib/wii/libogc.a(system.o) (__lwp_cond_init)
/Programs/devkitpro/libogc/lib/wii/libogc.a(decrementer.o)
                              /Programs/devkitpro/libogc/lib/wii/libogc.a(system.o) (__decrementer_init)
/Programs/devkitpro/libogc/lib/wii/libogc.a(message.o)
                              /Programs/devkitpro/libogc/lib/wii/libogc.a(system.o) (__lwp_mqbox_init)
/Programs/devkitpro/libogc/lib/wii/libogc.a(si.o)
                              /Programs/devkitpro/libogc/lib/wii/libogc.a(pad.o) (SI_Busy)
/Programs/devkitpro/libogc/lib/wii/libogc.a(ipc.o)
                              /Programs/devkitpro/libogc/lib/wii/libogc.a(system.o) (__IPC_ClntInit)
/Programs/devkitpro/libogc/lib/wii/libogc.a(ogc_crt0.o)
                              (_start)
/Programs/devkitpro/libogc/lib/wii/libogc.a(console_font_8x16.o)
                              /Programs/devkitpro/libogc/lib/wii/libogc.a(console.o) (console_font_8x16)
/Programs/devkitpro/libogc/lib/wii/libogc.a(timesupp.o)
                              /Programs/devkitpro/libogc/lib/wii/libogc.a(system.o) (gettick)
/Programs/devkitpro/libogc/lib/wii/libogc.a(lock_supp.o)
                              /Programs/devkitpro/libogc/lib/wii/libogc.a(system.o) (__libogc_lock_release)
/Programs/devkitpro/libogc/lib/wii/libogc.a(newlibc.o)
                              /Programs/devkitpro/libogc/lib/wii/libogc.a(system.o) (__libc_init)
/Programs/devkitpro/libogc/lib/wii/libogc.a(usbgecko.o)
                              /Programs/devkitpro/libogc/lib/wii/libogc.a(console.o) (usb_sendbuffer)
/Programs/devkitpro/libogc/lib/wii/libogc.a(sbrk.o)
                              /Programs/devkitpro/libogc/lib/wii/libogc.a(system.o) (__libogc_sbrk_r)
/Programs/devkitpro/libogc/lib/wii/libogc.a(malloc_lock.o)
                              /Programs/devkitpro/libogc/lib/wii/libogc.a(system.o) (__libogc_malloc_lock)
/Programs/devkitpro/libogc/lib/wii/libogc.a(stm.o)
                              /Programs/devkitpro/libogc/lib/wii/libogc.a(system.o) (STM_RegisterEventHandler)
/Programs/devkitpro/libogc/lib/wii/libogc.a(ios.o)
                              /Programs/devkitpro/libogc/lib/wii/libogc.a(system.o) (__IOS_ShutdownSubsystems)
/Programs/devkitpro/libogc/lib/wii/libogc.a(es.o)
                              /Programs/devkitpro/libogc/lib/wii/libogc.a(ios.o) (__ES_Reset)
/Programs/devkitpro/libogc/lib/wii/libogc.a(isfs.o)
                              /Programs/devkitpro/libogc/lib/wii/libisfs.a(isfs.o) (ISFS_ReadDir)
/Programs/devkitpro/libogc/lib/wii/libogc.a(argv.o)
                              /Programs/devkitpro/libogc/lib/wii/libogc.a(ogc_crt0.o) (__CheckARGV)
/Programs/devkitpro/libogc/lib/wii/libogc.a(conf.o)
                              /Programs/devkitpro/libogc/lib/wii/libogc.a(video.o) (CONF_GetDisplayOffsetH)
/Programs/devkitpro/libogc/lib/wii/libogc.a(wiilaunch.o)
                              /Programs/devkitpro/libogc/lib/wii/libogc.a(system.o) (WII_ReturnToMenu)
/Programs/devkitpro/libogc/lib/wii/libogc.a(lwp_priority.o)
                              /Programs/devkitpro/libogc/lib/wii/libogc.a(system.o) (__lwp_priority_init)
/Programs/devkitpro/libogc/lib/wii/libogc.a(lwp_threadq.o)
                              /Programs/devkitpro/libogc/lib/wii/libogc.a(cond.o) (__lwp_threadqueue_first)
/Programs/devkitpro/libogc/lib/wii/libogc.a(lwp_threads.o)
                              /Programs/devkitpro/libogc/lib/wii/libogc.a(timesupp.o) (__lwp_thread_setstate)
/Programs/devkitpro/libogc/lib/wii/libogc.a(lwp_messages.o)
[...]
Memory Configuration

Name             Origin             Length             Attributes
*default*        0x00000000         0xffffffff

Linker script and memory map

                0x00003400                . = 0x3400

.stub
 *(.stub)
                0x80004000                . = 0x80004000

.init           0x80004000      0x208
 *crt0.o(*.init)
 .init          0x80004000      0x1e4 /Programs/devkitpro/libogc/lib/wii/libogc.a(ogc_crt0.o)
                0x8000419c                _memset
                0x80004000                _start
                0x800041cc                video_line
 *(.init)
 .init          0x800041e4        0xc /Programs/devkitpro/devkitPPC/bin/../lib/gcc/powerpc-gekko/4.2.4/ecrti.o
                0x800041e4                __init
 .init          0x800041f0        0x4 /Programs/devkitpro/devkitPPC/bin/../lib/gcc/powerpc-gekko/4.2.4/crtbegin.o
 .init          0x800041f4        0x4 /Programs/devkitpro/devkitPPC/bin/../lib/gcc/powerpc-gekko/4.2.4/crtend.o
 .init          0x800041f8       0x10 /Programs/devkitpro/devkitPPC/bin/../lib/gcc/powerpc-gekko/4.2.4/ecrtn.o

.plt
 *(.plt)

.interp
 *(.interp)

.hash
 *(.hash)

.dynsym
 *(.dynsym)

.dynstr
 *(.dynstr)

.gnu.version
 *(.gnu.version)

.gnu.version_d
 *(.gnu.version_d)

.gnu.version_r
 *(.gnu.version_r)

.rel.init
 *(.rel.init)

.rela.init      0x80004208        0x0
 *(.rela.init)
 .rela.init     0x00000000        0x0 /Programs/devkitpro/devkitPPC/bin/../lib/gcc/powerpc-gekko/4.2.4/crtbegin.o

.rel.text
 *(.rel.text .rel.text.* .rel.gnu.linkonce.t.*)

.rela.text      0x80004208        0x0
 *(.rela.text .rela.text.* .rela.gnu.linkonce.t.*)
 .rela.text     0x00000000        0x0 /Programs/devkitpro/devkitPPC/bin/../lib/gcc/powerpc-gekko/4.2.4/crtbegin.o
 .rela.text.CON_EnableGecko
                0x00000000        0x0 /Programs/devkitpro/devkitPPC/bin/../lib/gcc/powerpc-gekko/4.2.4/crtbegin.o
 .rela.text.__console_init
                0x00000000        0x0 /Programs/devkitpro/devkitPPC/bin/../lib/gcc/powerpc-gekko/4.2.4/crtbegin.o
 .rela.text.__console_init_ex
                0x00000000        0x0 /Programs/devkitpro/devkitPPC/bin/../lib/gcc/powerpc-gekko/4.2.4/crtbegin.o
 .rela.text.__sram_sync
                0x00000000        0x0 /Programs/devkitpro/devkitPPC/bin/../lib/gcc/powerpc-gekko/4.2.4/crtbegin.o
 .rela.text.__locksram
                0x00000000        0x0 /Programs/devkitpro/devkitPPC/bin/../lib/gcc/powerpc-gekko/4.2.4/crtbegin.o
 .rela.text.__sram_init
                0x00000000        0x0 /Programs/devkitpro/devkitPPC/bin/../lib/gcc/powerpc-gekko/4.2.4/crtbegin.o
 .rela.text.SYS_Init
                0x00000000        0x0 /Programs/devkitpro/devkitPPC/bin/../lib/gcc/powerpc-gekko/4.2.4/crtbegin.o
 .rela.text.__unlocksram
                0x00000000        0x0 /Programs/devkitpro/devkitPPC/bin/../lib/gcc/powerpc-gekko/4.2.4/crtbegin.o
 .rela.text.__sram_writecallback
                0x00000000        0x0 /Programs/devkitpro/devkitPPC/bin/../lib/gcc/powerpc-gekko/4.2.4/crtbegin.o
 .rela.text.SYS_CancelAlarm
                0x00000000        0x0 /Programs/devkitpro/devkitPPC/bin/../lib/gcc/powerpc-gekko/4.2.4/crtbegin.o
 .rela.text.SYS_RemoveAlarm
                0x00000000        0x0 /Programs/devkitpro/devkitPPC/bin/../lib/gcc/powerpc-gekko/4.2.4/crtbegin.o
 .rela.text.SYS_SetAlarm
                0x00000000        0x0 /Programs/devkitpro/devkitPPC/bin/../lib/gcc/powerpc-gekko/4.2.4/crtbegin.o
 .rela.text.__sys_alarmhandler
                0x00000000        0x0 /Programs/devkitpro/devkitPPC/bin/../lib/gcc/powerpc-gekko/4.2.4/crtbegin.o
 .rela.text.SYS_SetPeriodicAlarm
                0x00000000        0x0 /Programs/devkitpro/devkitPPC/bin/../lib/gcc/powerpc-gekko/4.2.4/crtbegin.o
 .rela.text.__lwp_cond_init
                0x00000000        0x0 /Programs/devkitpro/devkitPPC/bin/../lib/gcc/powerpc-gekko/4.2.4/crtbegin.o
 .rela.text.LWP_CondDestroy
                0x00000000        0x0 /Programs/devkitpro/devkitPPC/bin/../lib/gcc/powerpc-gekko/4.2.4/crtbegin.o
 .rela.text.LWP_CondInit
                0x00000000        0x0 /Programs/devkitpro/devkitPPC/bin/../lib/gcc/powerpc-gekko/4.2.4/crtbegin.o
 .rela.text.__lwp_cond_signalsupp
                0x00000000        0x0 /Programs/devkitpro/devkitPPC/bin/../lib/gcc/powerpc-gekko/4.2.4/crtbegin.o
 .rela.text.__lwp_cond_waitsupp
                0x00000000        0x0 /Programs/devkitpro/devkitPPC/bin/../lib/gcc/powerpc-gekko/4.2.4/crtbegin.o
 .rela.text.c_decrementer_handler
                0x00000000        0x0 /Programs/devkitpro/devkitPPC/bin/../lib/gcc/powerpc-gekko/4.2.4/crtbegin.o
 .rela.text.__lwp_mqbox_init
                0x00000000        0x0 /Programs/devkitpro/devkitPPC/bin/../lib/gcc/powerpc-gekko/4.2.4/crtbegin.o
 .rela.text.MQ_Close
                0x00000000        0x0 /Programs/devkitpro/devkitPPC/bin/../lib/gcc/powerpc-gekko/4.2.4/crtbegin.o
 .rela.text.MQ_Init
                0x00000000        0x0 /Programs/devkitpro/devkitPPC/bin/../lib/gcc/powerpc-gekko/4.2.4/crtbegin.o
 .rela.text.MQ_Jam
                0x00000000        0x0 /Programs/devkitpro/devkitPPC/bin/../lib/gcc/powerpc-gekko/4.2.4/crtbegin.o
 .rela.text.MQ_Receive
                0x00000000        0x0 /Programs/devkitpro/devkitPPC/bin/../lib/gcc/powerpc-gekko/4.2.4/crtbegin.o
 .rela.text.MQ_Send
                0x00000000        0x0 /Programs/devkitpro/devkitPPC/bin/../lib/gcc/powerpc-gekko/4.2.4/crtbegin.o
 .rela.text.__ios_ioctlvformat_parse
                0x00000000        0x0 /Programs/devkitpro/devkitPPC/bin/../lib/gcc/powerpc-gekko/4.2.4/crtbegin.o
 .rela.text.__ioctlvfmtCB
                0x00000000        0x0 /Programs/devkitpro/devkitPPC/bin/../lib/gcc/powerpc-gekko/4.2.4/crtbegin.o
 .rela.text.IOS_IoctlvFormatAsync
                0x00000000        0x0 /Programs/devkitpro/devkitPPC/bin/../lib/gcc/powerpc-gekko/4.2.4/crtbegin.o
 .rela.text.IOS_IoctlvFormat
                0x00000000        0x0 /Programs/devkitpro/devkitPPC/bin/../lib/gcc/powerpc-gekko/4.2.4/crtbegin.o
 .rela.text.nanosleep
                0x00000000        0x0 /Programs/devkitpro/devkitPPC/bin/../lib/gcc/powerpc-gekko/4.2.4/crtbegin.o
 .rela.text.__libc_init
                0x00000000        0x0 /Programs/devkitpro/devkitPPC/bin/../lib/gcc/powerpc-gekko/4.2.4/crtbegin.o
 .rela.text.__libc_wrapup
                0x00000000        0x0 /Programs/devkitpro/devkitPPC/bin/../lib/gcc/powerpc-gekko/4.2.4/crtbegin.o
 .rela.text.__libc_delete_hook
                0x00000000        0x0 /Programs/devkitpro/devkitPPC/bin/../lib/gcc/powerpc-gekko/4.2.4/crtbegin.o
 .rela.text.__CheckARGV
                0x00000000        0x0 /Programs/devkitpro/devkitPPC/bin/../lib/gcc/powerpc-gekko/4.2.4/crtbegin.o
 .rela.text.__lwp_priority_init
                0x00000000        0x0 /Programs/devkitpro/devkitPPC/bin/../lib/gcc/powerpc-gekko/4.2.4/crtbegin.o
 .rela.text.__lwp_threadqueue_extractpriority
                0x00000000        0x0 /Programs/devkitpro/devkitPPC/bin/../lib/gcc/powerpc-gekko/4.2.4/crtbegin.o
 .rela.text.__lwp_threadqueue_extractfifo
                0x00000000        0x0 /Programs/devkitpro/devkitPPC/bin/../lib/gcc/powerpc-gekko/4.2.4/crtbegin.o
 .rela.text.__lwp_threadqueue_dequeuepriority
                0x00000000        0x0 /Programs/devkitpro/devkitPPC/bin/../lib/gcc/powerpc-gekko/4.2.4/crtbegin.o
 .rela.text.__lwp_threadqueue_enqueuepriority
                0x00000000        0x0 /Programs/devkitpro/devkitPPC/bin/../lib/gcc/powerpc-gekko/4.2.4/crtbegin.o
 .rela.text.__lwp_threadqueue_dequeuefifo
                0x00000000        0x0 /Programs/devkitpro/devkitPPC/bin/../lib/gcc/powerpc-gekko/4.2.4/crtbegin.o
 .rela.text.__lwp_threadqueue_enqueuefifo
                0x00000000        0x0 /Programs/devkitpro/devkitPPC/bin/../lib/gcc/powerpc-gekko/4.2.4/crtbegin.o
 .rela.text.__lwp_threadqueue_enqueue
                0x00000000        0x0 /Programs/devkitpro/devkitPPC/bin/../lib/gcc/powerpc-gekko/4.2.4/crtbegin.o
 .rela.text.__lwp_rotate_readyqueue
                0x00000000        0x0 /Programs/devkitpro/devkitPPC/bin/../lib/gcc/powerpc-gekko/4.2.4/crtbegin.o
 .rela.text.__lwp_thread_setstate
                0x00000000        0x0 /Programs/devkitpro/devkitPPC/bin/../lib/gcc/powerpc-gekko/4.2.4/crtbegin.o
 .rela.text.__lwp_thread_setpriority
                0x00000000        0x0 /Programs/devkitpro/devkitPPC/bin/../lib/gcc/powerpc-gekko/4.2.4/crtbegin.o
 .rela.text.__lwp_thread_ready
                0x00000000        0x0 /Programs/devkitpro/devkitPPC/bin/../lib/gcc/powerpc-gekko/4.2.4/crtbegin.o
 .rela.text.__lwp_thread_close
                0x00000000        0x0 /Programs/devkitpro/devkitPPC/bin/../lib/gcc/powerpc-gekko/4.2.4/crtbegin.o
 .rela.text.__lwp_thread_closeall
                0x00000000        0x0 /Programs/devkitpro/devkitPPC/bin/../lib/gcc/powerpc-gekko/4.2.4/crtbegin.o
 .rela.text.__lwp_thread_stopmultitasking
                0x00000000        0x0 /Programs/devkitpro/devkitPPC/bin/../lib/gcc/powerpc-gekko/4.2.4/crtbegin.o
 .rela.text.__lwp_thread_changepriority
                0x00000000        0x0 /Programs/devkitpro/devkitPPC/bin/../lib/gcc/powerpc-gekko/4.2.4/crtbegin.o
 .rela.text.__lwp_thread_coreinit
                0x00000000        0x0 /Programs/devkitpro/devkitPPC/bin/../lib/gcc/powerpc-gekko/4.2.4/crtbegin.o
 .rela.text.__lwp_thread_suspend
                0x00000000        0x0 /Programs/devkitpro/devkitPPC/bin/../lib/gcc/powerpc-gekko/4.2.4/crtbegin.o
 .rela.text.__lwp_thread_startmultitasking
                0x00000000        0x0 /Programs/devkitpro/devkitPPC/bin/../lib/gcc/powerpc-gekko/4.2.4/crtbegin.o
 .rela.text.__lwp_thread_tickle_timeslice
                0x00000000        0x0 /Programs/devkitpro/devkitPPC/bin/../lib/gcc/powerpc-gekko/4.2.4/crtbegin.o
 .rela.text.__lwpmq_close
                0x00000000        0x0 /Programs/devkitpro/devkitPPC/bin/../lib/gcc/powerpc-gekko/4.2.4/crtbegin.o
 .rela.text.__lwpmq_initialize
                0x00000000        0x0 /Programs/devkitpro/devkitPPC/bin/../lib/gcc/powerpc-gekko/4.2.4/crtbegin.o
 .rela.text.__lwp_thread_context
                0x00000000        0x0 /Programs/devkitpro/devkitPPC/bin/../lib/gcc/powerpc-gekko/4.2.4/crtbegin.o
 .rela.text.__lwp_thread_exists
                0x00000000        0x0 /Programs/devkitpro/devkitPPC/bin/../lib/gcc/powerpc-gekko/4.2.4/crtbegin.o
 .rela.text.__lwp_thread_isalive
                0x00000000        0x0 /Programs/devkitpro/devkitPPC/bin/../lib/gcc/powerpc-gekko/4.2.4/crtbegin.o
 .rela.text.__lwp_sysinit
                0x00000000        0x0 /Programs/devkitpro/devkitPPC/bin/../lib/gcc/powerpc-gekko/4.2.4/crtbegin.o
 .rela.text.LWP_ThreadSignal
                0x00000000        0x0 /Programs/devkitpro/devkitPPC/bin/../lib/gcc/powerpc-gekko/4.2.4/crtbegin.o
 .rela.text.LWP_ThreadBroadcast
                0x00000000        0x0 /Programs/devkitpro/devkitPPC/bin/../lib/gcc/powerpc-gekko/4.2.4/crtbegin.o
 .rela.text.LWP_ThreadSleep
                0x00000000        0x0 /Programs/devkitpro/devkitPPC/bin/../lib/gcc/powerpc-gekko/4.2.4/crtbegin.o
 .rela.text.LWP_CloseQueue
                0x00000000        0x0 /Programs/devkitpro/devkitPPC/bin/../lib/gcc/powerpc-gekko/4.2.4/crtbegin.o
 .rela.text.LWP_InitQueue
                0x00000000        0x0 /Programs/devkitpro/devkitPPC/bin/../lib/gcc/powerpc-gekko/4.2.4/crtbegin.o
 .rela.text.LWP_JoinThread
                0x00000000        0x0 /Programs/devkitpro/devkitPPC/bin/../lib/gcc/powerpc-gekko/4.2.4/crtbegin.o
 .rela.text.LWP_ThreadIsSuspended
                0x00000000        0x0 /Programs/devkitpro/devkitPPC/bin/../lib/gcc/powerpc-gekko/4.2.4/crtbegin.o
 .rela.text.LWP_SetThreadPriority
                0x00000000        0x0 /Programs/devkitpro/devkitPPC/bin/../lib/gcc/powerpc-gekko/4.2.4/crtbegin.o
 .rela.text.LWP_ResumeThread
                0x00000000        0x0 /Programs/devkitpro/devkitPPC/bin/../lib/gcc/powerpc-gekko/4.2.4/crtbegin.o
 .rela.text.LWP_SuspendThread
                0x00000000        0x0 /Programs/devkitpro/devkitPPC/bin/../lib/gcc/powerpc-gekko/4.2.4/crtbegin.o
 .rela.text.LWP_CreateThread
                0x00000000        0x0 /Programs/devkitpro/devkitPPC/bin/../lib/gcc/powerpc-gekko/4.2.4/crtbegin.o
 .rela.text.__lwp_stack_free
                0x00000000        0x0 /Programs/devkitpro/devkitPPC/bin/../lib/gcc/powerpc-gekko/4.2.4/crtbegin.o
 .rela.text.__lwp_stack_allocate
                0x00000000        0x0 /Programs/devkitpro/devkitPPC/bin/../lib/gcc/powerpc-gekko/4.2.4/crtbegin.o
 .rela.text.__lwp_watchdog_init
                0x00000000        0x0 /Programs/devkitpro/devkitPPC/bin/../lib/gcc/powerpc-gekko/4.2.4/crtbegin.o
 .rela.text.__lwp_wd_tickle
                0x00000000        0x0 /Programs/devkitpro/devkitPPC/bin/../lib/gcc/powerpc-gekko/4.2.4/crtbegin.o
 .rela.text.__lwp_wkspace_init
                0x00000000        0x0 /Programs/devkitpro/devkitPPC/bin/../lib/gcc/powerpc-gekko/4.2.4/crtbegin.o
 .rela.text.__lwp_wkspace_heapused
                0x00000000        0x0 /Programs/devkitpro/devkitPPC/bin/../lib/gcc/powerpc-gekko/4.2.4/crtbegin.o
 .rela.text.__lwp_wkspace_heapfree
                0x00000000        0x0 /Programs/devkitpro/devkitPPC/bin/../lib/gcc/powerpc-gekko/4.2.4/crtbegin.o
 .rela.text.__lwp_objmgr_initinfo
                0x00000000        0x0 /Programs/devkitpro/devkitPPC/bin/../lib/gcc/powerpc-gekko/4.2.4/crtbegin.o
 .rela.text.__exception_sethandler
                0x00000000        0x0 /Programs/devkitpro/devkitPPC/bin/../lib/gcc/powerpc-gekko/4.2.4/crtbegin.o
 .rela.text.__exception_init
                0x00000000        0x0 /Programs/devkitpro/devkitPPC/bin/../lib/gcc/powerpc-gekko/4.2.4/crtbegin.o
 .rela.text.__systemcall_init
                0x00000000        0x0 /Programs/devkitpro/devkitPPC/bin/../lib/gcc/powerpc-gekko/4.2.4/crtbegin.o
 .rela.text.__irq_init
                0x00000000        0x0 /Programs/devkitpro/devkitPPC/bin/../lib/gcc/powerpc-gekko/4.2.4/crtbegin.o
 .rela.text.__lwp_sema_init
                0x00000000        0x0 /Programs/devkitpro/devkitPPC/bin/../lib/gcc/powerpc-gekko/4.2.4/crtbegin.o
 .rela.text.LWP_SemInit
                0x00000000        0x0 /Programs/devkitpro/devkitPPC/bin/../lib/gcc/powerpc-gekko/4.2.4/crtbegin.o
 .rela.text.LWP_SemDestroy
                0x00000000        0x0 /Programs/devkitpro/devkitPPC/bin/../lib/gcc/powerpc-gekko/4.2.4/crtbegin.o
 .rela.text.LWP_SemPost
                0x00000000        0x0 /Programs/devkitpro/devkitPPC/bin/../lib/gcc/powerpc-gekko/4.2.4/crtbegin.o
 .rela.text.LWP_SemWait
                0x00000000        0x0 /Programs/devkitpro/devkitPPC/bin/../lib/gcc/powerpc-gekko/4.2.4/crtbegin.o
 .rela.text.LWP_MutexInit
                0x00000000        0x0 /Programs/devkitpro/devkitPPC/bin/../lib/gcc/powerpc-gekko/4.2.4/crtbegin.o
 .rela.text.__lwp_mutex_init
                0x00000000        0x0 /Programs/devkitpro/devkitPPC/bin/../lib/gcc/powerpc-gekko/4.2.4/crtbegin.o
 .rela.text.LWP_MutexDestroy
                0x00000000        0x0 /Programs/devkitpro/devkitPPC/bin/../lib/gcc/powerpc-gekko/4.2.4/crtbegin.o
 .rela.text.__lwp_mutex_locksupp
                0x00000000        0x0 /Programs/devkitpro/devkitPPC/bin/../lib/gcc/powerpc-gekko/4.2.4/crtbegin.o
 .rela.text.LWP_MutexUnlock
                0x00000000        0x0 /Programs/devkitpro/devkitPPC/bin/../lib/gcc/powerpc-gekko/4.2.4/crtbegin.o
 .rela.text.kprintf
                0x00000000        0x0 /Programs/devkitpro/devkitPPC/bin/../lib/gcc/powerpc-gekko/4.2.4/crtbegin.o

.rel.fini
 *(.rel.fini)

.rela.fini
 *(.rela.fini)

.rel.rodata
 *(.rel.rodata .rel.rodata.* .rel.gnu.linkonce.r.*)

.rela.rodata
 *(.rela.rodata .rela.rodata.* .rela.gnu.linkonce.r.*)

.rel.data
 *(.rel.data .rel.data.* .rel.gnu.linkonce.d.*)

.rela.data
 *(.rela.data .rela.data.* .rela.gnu.linkonce.d.*)

.rel.tdata
 *(.rel.tdata .rel.tdata.* .rel.gnu.linkonce.td.*)

.rela.tdata
 *(.rela.tdata .rela.tdata.* .rela.gnu.linkonce.td.*)

.rel.tbss
 *(.rel.tbss .rel.tbss.* .rel.gnu.linkonce.tb.*)

.rela.tbss
 *(.rela.tbss .rela.tbss.* .rela.gnu.linkonce.tb.*)

.rel.ctors
 *(.rel.ctors)

.rela.ctors
 *(.rela.ctors)

.rel.dtors
 *(.rel.dtors)

.rela.dtors
 *(.rela.dtors)

.rel.got
 *(.rel.got)

.rela.got
 *(.rela.got)

.rela.got1
 *(.rela.got1)

.rela.got2      0x80004208        0x0
 *(.rela.got2)
 .rela.got2     0x00000000        0x0 /Programs/devkitpro/devkitPPC/bin/../lib/gcc/powerpc-gekko/4.2.4/crtbegin.o

.rel.sdata
 *(.rel.sdata .rel.sdata.* .rel.gnu.linkonce.s.*)

.rela.sdata
 *(.rela.sdata .rela.sdata.* .rela.gnu.linkonce.s.*)

.rel.sbss
 *(.rel.sbss .rel.sbss.* .rel.gnu.linkonce.sb.*)

.rela.sbss
 *(.rela.sbss .rela.sbss.* .rel.gnu.linkonce.sb.*)

.rel.sdata2
 *(.rel.sdata2 .rel.sdata2.* .rel.gnu.linkonce.s2.*)

.rela.sdata2    0x80004208        0x0
 *(.rela.sdata2 .rela.sdata2.* .rela.gnu.linkonce.s2.*)
 .rela.sdata2.__sys_inIPL
                0x00000000        0x0 /Programs/devkitpro/devkitPPC/bin/../lib/gcc/powerpc-gekko/4.2.4/crtbegin.o

.rel.sbss2
 *(.rel.sbss2 .rel.sbss2.* .rel.gnu.linkonce.sb2.*)

.rela.sbss2
 *(.rela.sbss2 .rela.sbss2.* .rela.gnu.linkonce.sb2.*)

.rel.bss
 *(.rel.bss .rel.bss.* .rel.gnu.linkonce.b.*)

.rela.bss
 *(.rela.bss .rela.bss.* .rela.gnu.linkonce.b.*)

.rel.plt
 *(.rel.plt)

.rela.plt
 *(.rela.plt)

.text           0x80004220    0x21aa0
 *(.text)
 .text          0x80004220      0x140 /Programs/devkitpro/devkitPPC/bin/../lib/gcc/powerpc-gekko/4.2.4/crtbegin.o
 .text          0x80004360       0x48 /Programs/devkitpro/devkitPPC/bin/../lib/gcc/powerpc-gekko/4.2.4/../../../../powerpc-gekko/lib/crtmain.o
                0x80004364                __crtmain
 .text          0x800043a8      0xe44 /Programs/devkitpro/libogc/lib/wii/libisfs.a(isfs.o)
                0x80004628                ISFS_Unmount
                0x80004530                ISFS_SU
                0x800050fc                ISFS_Mount
 .text          0x800051ec      0x5c4 /Programs/devkitpro/libogc/lib/wii/libogc.a(system_asm.o)
                0x80005284                __configMEM1_48Mb
                0x80005710                __reset
                0x800051ec                __realmode
                0x800055f4                __CacheInit
                0x800053e4                __configMEM2_64Mb
                0x80005658                __SystemInit
                0x80005540                __configMEM2_128Mb
                0x80005204                __configMEM1_24Mb
                0x800055bc                __PSInit
                0x80005304                __configMEM2_56Mb
                0x80005460                __configMEM2_112Mb
                0x800056dc                __flush_cache
                0x80005780                SYS_SwitchFiber
 *fill*         0x800057b0       0x10 00000000
 .text          0x800057c0      0x4ec /Programs/devkitpro/libogc/lib/wii/libogc.a(lwp_handler.o)
                0x80005900                _cpu_context_restore_fp
                0x80005bc0                _cpu_context_save
                0x800057c0                _cpu_context_save_fp
                0x80005a40                _cpu_context_switch
                0x80005c40                _cpu_context_restore
 .text          0x80005cac      0x1b0 /Programs/devkitpro/libogc/lib/wii/libogc.a(irq_handler.o)
                0x80005cac                irq_exceptionhandler
 .text          0x80005e5c      0x118 /Programs/devkitpro/libogc/lib/wii/libogc.a(video_asm.o)
                0x80005e5c                __VIClearFramebuffer
 .text          0x80005f74      0x4d8 /Programs/devkitpro/libogc/lib/wii/libogc.a(cache_asm.o)
                0x80006250                L2Disable
                0x80005fd8                DCBlockZero
                0x80006090                DCFlushRangeNoSync
                0x800061e4                ICBlockInvalidate
                0x80005f74                DCFlashInvalidate
                0x80005fe0                DCBlockStore
                0x800060f0                DCZeroRange
                0x80006404                LCLoadBlocks
                0x80005fd0                DCTouchLoad
                0x800063c4                LCAllocTags
                0x800061ac                ICDisable
                0x80006198                ICEnable
                0x80006268                L2GlobalInvalidate
                0x80006428                LCStoreBlocks
                0x80006188                ICFlashInvalidate
                0x80006120                DCTouchRange
                0x800060c0                DCStoreRangeNoSync
                0x800061c0                ICFreeze
                0x80005f98                DCDisable
                0x80005fe8                DCBlockFlush
                0x80005f84                DCEnable
                0x8000623c                L2Enable
                0x800062c0                __LCEnable
                0x80005ff8                DCInvalidateRange
                0x800063b0                LCAllocOneTag
                0x80005fc0                DCUnfreeze
                0x80006150                ICInvalidateRange
                0x80006028                DCFlushRange
                0x800061ec                ICSync
                0x80005ff0                DCBlockInvalidate
                0x80005fac                DCFreeze
                0x800061f4                L2Init
                0x800061d4                ICUnfreeze
                0x8000605c                DCStoreRange
                0x80006388                LCDisable
 .text          0x8000644c      0x1b0 /Programs/devkitpro/libogc/lib/wii/libogc.a(decrementer_handler.o)
                0x8000644c                dec_exceptionhandler
 .text          0x800065fc      0x34c /Programs/devkitpro/libogc/lib/wii/libogc.a(exception_handler.o)
                0x800065fc                exceptionhandler_start
                0x800066b0                default_exceptionhandler
                0x80006944                systemcallhandler_end
                0x80006928                systemcallhandler_start
                0x800066ac                exceptionhandler_end
                0x80006678                exceptionhandler_patch
                0x800067f0                fpu_exceptionhandler
 .text          0x80006948      0x408 /Programs/devkitpro/devkitPPC/bin/../lib/gcc/powerpc-gekko/4.2.4/libgcc.a(_udivdi3.o)
                0x80006948                __udivdi3
 .text          0x80006d50       0x28 /Programs/devkitpro/devkitPPC/bin/../lib/gcc/powerpc-gekko/4.2.4/../../../../powerpc-gekko/lib/libsysbase.a(abort.o)
                0x80006d50                abort
 .text          0x80006d78      0x2c4 /Programs/devkitpro/devkitPPC/bin/../lib/gcc/powerpc-gekko/4.2.4/../../../../powerpc-gekko/lib/libsysbase.a(iosupport.o)
                0x80006fec                RemoveDevice
                0x80006d78                setDefaultDevice
                0x80006d90                AddDevice
                0x80006fa8                GetDeviceOpTab
                0x80006eb8                FindDevice
 .text          0x8000703c       0x28 /Programs/devkitpro/devkitPPC/bin/../lib/gcc/powerpc-gekko/4.2.4/../../../../powerpc-gekko/lib/libsysbase.a(_exit.o)
                0x8000703c                _exit
 .text          0x80007064      0x290 /Programs/devkitpro/devkitPPC/bin/../lib/gcc/powerpc-gekko/4.2.4/../../../../powerpc-gekko/lib/libsysbase.a(dir.o)
                0x80007064                dirreset
                0x800070d0                dirnext
                0x800071d8                diropen
                0x8000714c                dirclose
 .text          0x800072f4       0x9c /Programs/devkitpro/devkitPPC/bin/../lib/gcc/powerpc-gekko/4.2.4/../../../../powerpc-gekko/lib/libsysbase.a(build_argv.o)
                0x800072f4                build_argv
 .text          0x80007390      0x168 /Programs/devkitpro/devkitPPC/bin/../lib/gcc/powerpc-gekko/4.2.4/../../../../powerpc-gekko/lib/libsysbase.a(syscall_support.o)
                0x800074c4                __malloc_unlock
                0x80007410                __libc_lock_release
                0x80007390                __libc_lock_init
                0x80007490                __malloc_lock
                0x800073d0                __libc_lock_close
                0x80007450                __libc_lock_acquire
 .text          0x800074f8       0x34 /Programs/devkitpro/devkitPPC/bin/../lib/gcc/powerpc-gekko/4.2.4/../../../../powerpc-gekko/lib/libc.a(lib_a-calloc.o)
                0x800074f8                calloc
 .text          0x8000752c       0xd0 /Programs/devkitpro/devkitPPC/bin/../lib/gcc/powerpc-gekko/4.2.4/../../../../powerpc-gekko/lib/libc.a(lib_a-callocr.o)
                0x8000752c                _calloc_r
 .text          0x800075fc        0xc /Programs/devkitpro/devkitPPC/bin/../lib/gcc/powerpc-gekko/4.2.4/../../../../powerpc-gekko/lib/libc.a(lib_a-errno.o)
                0x800075fc                __errno
 .text          0x80007608       0x40 /Programs/devkitpro/devkitPPC/bin/../lib/gcc/powerpc-gekko/4.2.4/../../../../powerpc-gekko/lib/libc.a(lib_a-exit.o)
                0x80007608                exit
 .text          0x80007648      0x3f8 /Programs/devkitpro/devkitPPC/bin/../lib/gcc/powerpc-gekko/4.2.4/../../../../powerpc-gekko/lib/libc.a(lib_a-freer.o)
                0x80007764                _free_r
                0x80007648                _malloc_trim_r
 .text          0x80007a40       0x34 /Programs/devkitpro/devkitPPC/bin/../lib/gcc/powerpc-gekko/4.2.4/../../../../powerpc-gekko/lib/libc.a(lib_a-malign.o)
                0x80007a40                memalign
 .text          0x80007a74      0x1b0 /Programs/devkitpro/devkitPPC/bin/../lib/gcc/powerpc-gekko/4.2.4/../../../../powerpc-gekko/lib/libc.a(lib_a-malignr.o)
                0x80007a74                _memalign_r
 .text          0x80007c24       0x58 /Programs/devkitpro/devkitPPC/bin/../lib/gcc/powerpc-gekko/4.2.4/../../../../powerpc-gekko/lib/libc.a(lib_a-malloc.o)
                0x80007c50                malloc
                0x80007c24                free
 .text          0x80007c7c      0x86c /Programs/devkitpro/devkitPPC/bin/../lib/gcc/powerpc-gekko/4.2.4/../../../../powerpc-gekko/lib/libc.a(lib_a-mallocr.o)
                0x80007c7c                _malloc_r
 .text          0x800084e8       0x8c /Programs/devkitpro/devkitPPC/bin/../lib/gcc/powerpc-gekko/4.2.4/../../../../powerpc-gekko/lib/libc.a(lib_a-memcmp.o)
                0x800084e8                memcmp
 .text          0x80008574       0xc8 /Programs/devkitpro/devkitPPC/bin/../lib/gcc/powerpc-gekko/4.2.4/../../../../powerpc-gekko/lib/libc.a(lib_a-memcpy.o)
                0x80008574                memcpy
 .text          0x8000863c      0x104 /Programs/devkitpro/devkitPPC/bin/../lib/gcc/powerpc-gekko/4.2.4/../../../../powerpc-gekko/lib/libc.a(lib_a-memmove.o)
                0x8000863c                memmove
 .text          0x80008740       0xac /Programs/devkitpro/devkitPPC/bin/../lib/gcc/powerpc-gekko/4.2.4/../../../../powerpc-gekko/lib/libc.a(lib_a-memset.o)
                0x80008740                memset
 .text          0x800087ec      0x124 /Programs/devkitpro/devkitPPC/bin/../lib/gcc/powerpc-gekko/4.2.4/../../../../powerpc-gekko/lib/libc.a(lib_a-printf.o)
                0x800087ec                printf
                0x80008884                _printf_r
 .text          0x80008910       0xa8 /Programs/devkitpro/devkitPPC/bin/../lib/gcc/powerpc-gekko/4.2.4/../../../../powerpc-gekko/lib/libc.a(lib_a-puts.o)
                0x80008910                _puts_r
                0x800089a8                puts
 .text          0x800089b8       0x34 /Programs/devkitpro/devkitPPC/bin/../lib/gcc/powerpc-gekko/4.2.4/../../../../powerpc-gekko/lib/libc.a(lib_a-realloc.o)
                0x800089b8                realloc
 .text          0x800089ec      0x668 /Programs/devkitpro/devkitPPC/bin/../lib/gcc/powerpc-gekko/4.2.4/../../../../powerpc-gekko/lib/libc.a(lib_a-reallocr.o)
                0x800089ec                _realloc_r
 .text          0x80009054      0x248 /Programs/devkitpro/devkitPPC/bin/../lib/gcc/powerpc-gekko/4.2.4/../../../../powerpc-gekko/lib/libc.a(lib_a-reent.o)
                0x80009114                cleanup_glue
                0x80009164                _reclaim_reent
                0x80009054                _wrapup_reent
 .text          0x8000929c      0x2cc /Programs/devkitpro/devkitPPC/bin/../lib/gcc/powerpc-gekko/4.2.4/../../../../powerpc-gekko/lib/libc.a(lib_a-setvbuf.o)
                0x8000929c                setvbuf
 .text          0x80009568      0x188 /Programs/devkitpro/devkitPPC/bin/../lib/gcc/powerpc-gekko/4.2.4/../../../../powerpc-gekko/lib/libc.a(lib_a-sprintf.o)
                0x80009634                _sprintf_r
                0x80009568                sprintf
 .text          0x800096f0       0xf0 /Programs/devkitpro/devkitPPC/bin/../lib/gcc/powerpc-gekko/4.2.4/../../../../powerpc-gekko/lib/libc.a(lib_a-strchr.o)
                0x800096f0                strchr
 .text          0x800097e0       0xc0 /Programs/devkitpro/devkitPPC/bin/../lib/gcc/powerpc-gekko/4.2.4/../../../../powerpc-gekko/lib/libc.a(lib_a-strcmp.o)
                0x800097e0                strcmp
 .text          0x800098a0       0x74 /Programs/devkitpro/devkitPPC/bin/../lib/gcc/powerpc-gekko/4.2.4/../../../../powerpc-gekko/lib/libc.a(lib_a-strcpy.o)
                0x800098a0                strcpy
 .text          0x80009914       0x2c /Programs/devkitpro/devkitPPC/bin/../lib/gcc/powerpc-gekko/4.2.4/../../../../powerpc-gekko/lib/libc.a(lib_a-strdup.o)
                0x80009914                strdup
 .text          0x80009940       0x6c /Programs/devkitpro/devkitPPC/bin/../lib/gcc/powerpc-gekko/4.2.4/../../../../powerpc-gekko/lib/libc.a(lib_a-strdup_r.o)
                0x80009940                _strdup_r
 .text          0x800099ac       0x64 /Programs/devkitpro/devkitPPC/bin/../lib/gcc/powerpc-gekko/4.2.4/../../../../powerpc-gekko/lib/libc.a(lib_a-strlen.o)
                0x800099ac                strlen
 .text          0x80009a10       0xc0 /Programs/devkitpro/devkitPPC/bin/../lib/gcc/powerpc-gekko/4.2.4/../../../../powerpc-gekko/lib/libc.a(lib_a-strncasecmp.o)
                0x80009a10                strncasecmp
 .text          0x80009ad0      0x144 /Programs/devkitpro/devkitPPC/bin/../lib/gcc/powerpc-gekko/4.2.4/../../../../powerpc-gekko/lib/libc.a(lib_a-strncmp.o)
                0x80009ad0                strncmp
 .text          0x80009c14       0xdc /Programs/devkitpro/devkitPPC/bin/../lib/gcc/powerpc-gekko/4.2.4/../../../../powerpc-gekko/lib/libc.a(lib_a-strncpy.o)
                0x80009c14                strncpy
 .text          0x80009cf0       0x44 /Programs/devkitpro/devkitPPC/bin/../lib/gcc/powerpc-gekko/4.2.4/../../../../powerpc-gekko/lib/libc.a(lib_a-strnlen.o)
                0x80009cf0                strnlen
 .text          0x80009d34      0x1ec /Programs/devkitpro/devkitPPC/bin/../lib/gcc/powerpc-gekko/4.2.4/../../../../powerpc-gekko/lib/libc.a(lib_a-strtoul.o)
                0x80009f00                strtoul
                0x80009d34                _strtoul_r
 .text          0x80009f20      0x288 /Programs/devkitpro/devkitPPC/bin/../lib/gcc/powerpc-gekko/4.2.4/../../../../powerpc-gekko/lib/libc.a(lib_a-strtoull_r.o)
                0x80009f20                _strtoull_r
 .text          0x8000a1a8       0x3c /Programs/devkitpro/devkitPPC/bin/../lib/gcc/powerpc-gekko/4.2.4/../../../../powerpc-gekko/lib/libc.a(lib_a-syswrite.o)
                0x8000a1a8                write
 .text          0x8000a1e4     0x2344 /Programs/devkitpro/devkitPPC/bin/../lib/gcc/powerpc-gekko/4.2.4/../../../../powerpc-gekko/lib/libc.a(lib_a-vfprintf.o)
                0x8000a244                _vfprintf_r
                0x8000c508                vfprintf
 .text          0x8000c528       0xa4 /Programs/devkitpro/devkitPPC/bin/../lib/gcc/powerpc-gekko/4.2.4/../../../../powerpc-gekko/lib/libc.a(lib_a-wcrtomb.o)
                0x8000c528                _wcrtomb_r
                0x8000c5ac                wcrtomb
 .text          0x8000c5cc      0x1d8 /Programs/devkitpro/devkitPPC/bin/../lib/gcc/powerpc-gekko/4.2.4/../../../../powerpc-gekko/lib/libc.a(lib_a-wcsrtombs.o)
                0x8000c5cc                _wcsrtombs_r
                0x8000c77c                wcsrtombs
 .text          0x8000c7a4      0x464 /Programs/devkitpro/devkitPPC/bin/../lib/gcc/powerpc-gekko/4.2.4/../../../../powerpc-gekko/lib/libc.a(lib_a-wctomb_r.o)
                0x8000c7a4                _wctomb_r
 .text          0x8000cc08      0x178 /Programs/devkitpro/devkitPPC/bin/../lib/gcc/powerpc-gekko/4.2.4/../../../../powerpc-gekko/lib/libc.a(lib_a-wsetup.o)
                0x8000cc08                __swsetup_r
 .text          0x8000cd80      0x1ac /Programs/devkitpro/devkitPPC/bin/../lib/gcc/powerpc-gekko/4.2.4/../../../../powerpc-gekko/lib/libc.a(lib_a-__call_atexit.o)
                0x8000cd80                __call_exitprocs
 .text          0x8000cf2c     0x1390 /Programs/devkitpro/devkitPPC/bin/../lib/gcc/powerpc-gekko/4.2.4/../../../../powerpc-gekko/lib/libc.a(lib_a-dtoa.o)
                0x8000d168                _dtoa_r
 .text          0x8000e2bc      0x350 /Programs/devkitpro/devkitPPC/bin/../lib/gcc/powerpc-gekko/4.2.4/../../../../powerpc-gekko/lib/libc.a(lib_a-fflush.o)
                0x8000e5bc                fflush
                0x8000e2bc                _fflush_r
 .text          0x8000e60c      0x4ac /Programs/devkitpro/devkitPPC/bin/../lib/gcc/powerpc-gekko/4.2.4/../../../../powerpc-gekko/lib/libc.a(lib_a-findfp.o)
                0x8000e7f8                __sinit
                0x8000e918                __sfmoreglue
                0x8000e634                _cleanup
                0x8000e60c                _cleanup_r
                0x8000e8e4                __fp_lock_all
                0x8000e894                __sfp_lock_acquire
                0x8000e990                __sfp
                0x8000e6a0                __sinit_lock_release
                0x8000e6f4                __fp_unlock_all
                0x8000e6c8                __sfp_lock_release
                0x8000e7ac                __sinit_lock_acquire
 .text          0x8000eab8      0x504 /Programs/devkitpro/devkitPPC/bin/../lib/gcc/powerpc-gekko/4.2.4/../../../../powerpc-gekko/lib/libc.a(lib_a-fvwrite.o)
                0x8000eab8                __sfvwrite_r
 .text          0x8000efbc      0x20c /Programs/devkitpro/devkitPPC/bin/../lib/gcc/powerpc-gekko/4.2.4/../../../../powerpc-gekko/lib/libc.a(lib_a-fwalk.o)
                0x8000f0c8                _fwalk
                0x8000efbc                _fwalk_reent
 .text          0x8000f1c8      0x4c4 /Programs/devkitpro/devkitPPC/bin/../lib/gcc/powerpc-gekko/4.2.4/../../../../powerpc-gekko/lib/libc.a(lib_a-locale.o)
                0x8000f1ec                _setlocale_r
                0x8000f1c8                __locale_charset
                0x8000f1d4                _localeconv_r
                0x8000f674                setlocale
                0x8000f1e0                localeconv
 .text          0x8000f68c      0x1bc /Programs/devkitpro/devkitPPC/bin/../lib/gcc/powerpc-gekko/4.2.4/../../../../powerpc-gekko/lib/libc.a(lib_a-makebuf.o)
                0x8000f68c                __smakebuf_r
 .text          0x8000f848      0x9a8 /Programs/devkitpro/devkitPPC/bin/../lib/gcc/powerpc-gekko/4.2.4/../../../../powerpc-gekko/lib/libc.a(lib_a-mbtowc_r.o)
                0x8000f848                _mbtowc_r
 .text          0x800101f0       0xf4 /Programs/devkitpro/devkitPPC/bin/../lib/gcc/powerpc-gekko/4.2.4/../../../../powerpc-gekko/lib/libc.a(lib_a-memchr.o)
                0x800101f0                memchr
 .text          0x800102e4     0x1114 /Programs/devkitpro/devkitPPC/bin/../lib/gcc/powerpc-gekko/4.2.4/../../../../powerpc-gekko/lib/libc.a(lib_a-mprec.o)
                0x8001074c                _mprec_log10
                0x800107f0                __any_on
                0x80010890                _Balloc
                0x80010688                __ratio
                0x80011050                __i2b
                0x80010538                __b2d
                0x800112d0                __s2b
                0x80010438                __mcmp
                0x80010308                __hi0bits
                0x800111a4                __pow5mult
                0x80010cb4                __lshift
                0x80010e1c                __multiply
                0x80010960                __d2b
                0x80010788                __copybits
                0x80010498                __ulp
                0x80010b08                __mdiff
                0x80010374                __lo0bits
                0x8001108c                __multadd
                0x800102e4                _Bfree
 .text          0x800113f8       0x44 /Programs/devkitpro/devkitPPC/bin/../lib/gcc/powerpc-gekko/4.2.4/../../../../powerpc-gekko/lib/libc.a(lib_a-s_isinfd.o)
                0x800113f8                __isinfd
 .text          0x8001143c       0x38 /Programs/devkitpro/devkitPPC/bin/../lib/gcc/powerpc-gekko/4.2.4/../../../../powerpc-gekko/lib/libc.a(lib_a-s_isnand.o)
                0x8001143c                __isnand
 .text          0x80011474      0x184 /Programs/devkitpro/devkitPPC/bin/../lib/gcc/powerpc-gekko/4.2.4/../../../../powerpc-gekko/lib/libc.a(lib_a-stdio.o)
                0x80011498                __sseek
                0x80011594                __sread
                0x80011474                __sclose
                0x80011508                __swrite
 .text          0x800115f8      0x188 /Programs/devkitpro/devkitPPC/bin/../lib/gcc/powerpc-gekko/4.2.4/../../../../powerpc-gekko/lib/libc.a(lib_a-fclose.o)
                0x800115f8                _fclose_r
                0x80011770                fclose
 .text          0x80011780       0xa0 /Programs/devkitpro/devkitPPC/bin/../lib/gcc/powerpc-gekko/4.2.4/../../../../powerpc-gekko/lib/libsysbase.a(close.o)
                0x80011780                _close_r
 .text          0x80011820       0xc8 /Programs/devkitpro/devkitPPC/bin/../lib/gcc/powerpc-gekko/4.2.4/../../../../powerpc-gekko/lib/libsysbase.a(fstat.o)
                0x80011820                _fstat_r
 .text          0x800118e8        0x8 /Programs/devkitpro/devkitPPC/bin/../lib/gcc/powerpc-gekko/4.2.4/../../../../powerpc-gekko/lib/libsysbase.a(isatty.o)
                0x800118e8                isatty
 .text          0x800118f0       0xe8 /Programs/devkitpro/devkitPPC/bin/../lib/gcc/powerpc-gekko/4.2.4/../../../../powerpc-gekko/lib/libsysbase.a(lseek.o)
                0x800118f0                _lseek_r
 .text          0x800119d8       0xcc /Programs/devkitpro/devkitPPC/bin/../lib/gcc/powerpc-gekko/4.2.4/../../../../powerpc-gekko/lib/libsysbase.a(read.o)
                0x800119d8                _read_r
 .text          0x80011aa4       0x50 /Programs/devkitpro/devkitPPC/bin/../lib/gcc/powerpc-gekko/4.2.4/../../../../powerpc-gekko/lib/libsysbase.a(sbrk.o)
                0x80011aa4                _sbrk_r
 .text          0x80011af4       0xcc /Programs/devkitpro/devkitPPC/bin/../lib/gcc/powerpc-gekko/4.2.4/../../../../powerpc-gekko/lib/libsysbase.a(write.o)
                0x80011af4                _write_r
 .text          0x80011bc0       0x6c /Programs/devkitpro/devkitPPC/bin/../lib/gcc/powerpc-gekko/4.2.4/../../../../powerpc-gekko/lib/libsysbase.a(flock.o)
                0x80011be4                __flockfile
                0x80011bc0                __funlockfile
 .text          0x80011c2c      0x120 /Programs/devkitpro/devkitPPC/bin/../lib/gcc/powerpc-gekko/4.2.4/../../../../powerpc-gekko/lib/libsysbase.a(handle_manager.o)
                0x80011cf0                __release_handle
                0x80011c58                __alloc_handle
                0x80011c2c                __get_handle
 .text          0x80011d4c      0x450 /Programs/devkitpro/devkitPPC/bin/../lib/gcc/powerpc-gekko/4.2.4/libgcc.a(_umoddi3.o)
                0x80011d4c                __umoddi3
 .text          0x8001219c       0x6c /Programs/devkitpro/devkitPPC/bin/../lib/gcc/powerpc-gekko/4.2.4/crtend.o
 *(.text.*)
 .text.main     0x80012208      0x200 isfs_example.o
                0x80012208                main
 .text.__console_clear
                0x80012408       0x60 /Programs/devkitpro/libogc/lib/wii/libogc.a(console.o)
 .text.__console_init
                0x80012468      0x128 /Programs/devkitpro/libogc/lib/wii/libogc.a(console.o)
                0x80012468                __console_init
 .text.__console_init_ex
                0x80012590      0x14c /Programs/devkitpro/libogc/lib/wii/libogc.a(console.o)
                0x80012590                __console_init_ex
 .text.CON_InitEx
                0x800126dc       0xc8 /Programs/devkitpro/libogc/lib/wii/libogc.a(console.o)
                0x800126dc                CON_InitEx
 .text.__console_write
                0x800127a4      0x644 /Programs/devkitpro/libogc/lib/wii/libogc.a(console.o)
                0x800127a4                __console_write
 .text.__console_vipostcb
                0x80012de8       0xd8 /Programs/devkitpro/libogc/lib/wii/libogc.a(console.o)
                0x80012de8                __console_vipostcb
 .text.__gettiming
                0x80012ec0       0xb0 /Programs/devkitpro/libogc/lib/wii/libogc.a(video.o)
 .text.VIDEO_GetCurrentFramebuffer
                0x80012f70        0xc /Programs/devkitpro/libogc/lib/wii/libogc.a(video.o)
                0x80012f70                VIDEO_GetCurrentFramebuffer
 .text.VIDEO_Flush
                0x80012f7c      0x178 /Programs/devkitpro/libogc/lib/wii/libogc.a(video.o)
                0x80012f7c                VIDEO_Flush
 .text.VIDEO_GetCurrentTvMode
                0x800130f4       0x70 /Programs/devkitpro/libogc/lib/wii/libogc.a(video.o)
                0x800130f4                VIDEO_GetCurrentTvMode
 .text.VIDEO_SetPostRetraceCallback
                0x80013164       0x44 /Programs/devkitpro/libogc/lib/wii/libogc.a(video.o)
                0x80013164                VIDEO_SetPostRetraceCallback
 .text.VIDEO_HaveComponentCable
                0x800131a8       0x14 /Programs/devkitpro/libogc/lib/wii/libogc.a(video.o)
                0x800131a8                VIDEO_HaveComponentCable
 .text.VIDEO_ClearFrameBuffer
                0x800131bc       0x3c /Programs/devkitpro/libogc/lib/wii/libogc.a(video.o)
                0x800131bc                VIDEO_ClearFrameBuffer
 .text.VIDEO_GetPreferredMode
                0x800131f8       0xd0 /Programs/devkitpro/libogc/lib/wii/libogc.a(video.o)
                0x800131f8                VIDEO_GetPreferredMode
 .text.VIDEO_WaitVSync
                0x800132c8       0x90 /Programs/devkitpro/libogc/lib/wii/libogc.a(video.o)
                0x800132c8                VIDEO_WaitVSync
 .text.__VISendI2CData
                0x80013358      0x560 /Programs/devkitpro/libogc/lib/wii/libogc.a(video.o)
 .text.__VIWriteI2CRegisterBuf
                0x800138b8       0x54 /Programs/devkitpro/libogc/lib/wii/libogc.a(video.o)
 .text.__VIWriteI2CRegister32
                0x8001390c       0x58 /Programs/devkitpro/libogc/lib/wii/libogc.a(video.o)
 .text.__VIWriteI2CRegister16
                0x80013964       0x48 /Programs/devkitpro/libogc/lib/wii/libogc.a(video.o)
 .text.__VIWriteI2CRegister8
                0x800139ac       0x3c /Programs/devkitpro/libogc/lib/wii/libogc.a(video.o)
 .text.__VISetFilterEURGB60
                0x800139e8        0xc /Programs/devkitpro/libogc/lib/wii/libogc.a(video.o)
 .text.__VISetYUVSEL
                0x800139f4       0x90 /Programs/devkitpro/libogc/lib/wii/libogc.a(video.o)
 .text.VIDEO_Init
                0x80013a84      0x818 /Programs/devkitpro/libogc/lib/wii/libogc.a(video.o)
                0x80013a84                VIDEO_Init
 .text.__VIRetraceHandler
                0x8001429c      0x308 /Programs/devkitpro/libogc/lib/wii/libogc.a(video.o)
 .text.VIDEO_GetCurrentLine
                0x800145a4       0xa8 /Programs/devkitpro/libogc/lib/wii/libogc.a(video.o)
                0x800145a4                VIDEO_GetCurrentLine
 .text.VIDEO_SetBlack
                0x8001464c      0x158 /Programs/devkitpro/libogc/lib/wii/libogc.a(video.o)
                0x8001464c                VIDEO_SetBlack
 .text.VIDEO_Configure
                0x800147a4      0x874 /Programs/devkitpro/libogc/lib/wii/libogc.a(video.o)
                0x800147a4                VIDEO_Configure
 .text.VIDEO_SetNextFramebuffer
                0x80015018      0x234 /Programs/devkitpro/libogc/lib/wii/libogc.a(video.o)
                0x80015018                VIDEO_SetNextFramebuffer
 .text.VIDEO_SetFramebuffer
                0x8001524c      0x340 /Programs/devkitpro/libogc/lib/wii/libogc.a(video.o)
                0x8001524c                VIDEO_SetFramebuffer
 .text.SPEC0_MakeStatus
                0x8001558c      0x120 /Programs/devkitpro/libogc/lib/wii/libogc.a(pad.o)
 .text.SPEC1_MakeStatus
                0x800156ac      0x120 /Programs/devkitpro/libogc/lib/wii/libogc.a(pad.o)
 .text.__pad_clampS8
                0x800157cc       0x38 /Programs/devkitpro/libogc/lib/wii/libogc.a(pad.o)
 .text.__pad_clampU8
                0x80015804       0x20 /Programs/devkitpro/libogc/lib/wii/libogc.a(pad.o)
 .text.SPEC2_MakeStatus
                0x80015824      0x148 /Programs/devkitpro/libogc/lib/wii/libogc.a(pad.o)
 .text.__pad_samplinghandler
                0x8001596c        0x4 /Programs/devkitpro/libogc/lib/wii/libogc.a(pad.o)
 .text.__PADDisableRecalibration
                0x80015970       0x5c /Programs/devkitpro/libogc/lib/wii/libogc.a(pad.o)
                0x80015970                __PADDisableRecalibration
 .text.PAD_Recalibrate
                0x800159cc       0x38 /Programs/devkitpro/libogc/lib/wii/libogc.a(pad.o)
                0x800159cc                PAD_Recalibrate
 .text.PAD_SetSpec
                0x80015a04       0x74 /Programs/devkitpro/libogc/lib/wii/libogc.a(pad.o)
                0x80015a04                PAD_SetSpec
 .text.PAD_ButtonsDown
                0x80015a78       0x34 /Programs/devkitpro/libogc/lib/wii/libogc.a(pad.o)
                0x80015a78                PAD_ButtonsDown
 .text.PAD_SetSamplingCallback
                0x80015aac       0x6c /Programs/devkitpro/libogc/lib/wii/libogc.a(pad.o)
                0x80015aac                PAD_SetSamplingCallback
 .text.__pad_updateorigin
                0x80015b18       0xa4 /Programs/devkitpro/libogc/lib/wii/libogc.a(pad.o)
 .text.PAD_Sync
                0x80015bbc       0x5c /Programs/devkitpro/libogc/lib/wii/libogc.a(pad.o)
                0x80015bbc                PAD_Sync
 .text.__pad_onreset
                0x80015c18       0xa8 /Programs/devkitpro/libogc/lib/wii/libogc.a(pad.o)
 .text.__pad_doreset
                0x80015cc0       0x74 /Programs/devkitpro/libogc/lib/wii/libogc.a(pad.o)
 .text.PAD_Reset
                0x80015d34      0x12c /Programs/devkitpro/libogc/lib/wii/libogc.a(pad.o)
                0x80015d34                PAD_Reset
 .text.__pad_enable
                0x80015e60       0x68 /Programs/devkitpro/libogc/lib/wii/libogc.a(pad.o)
 .text.__pad_typeandstatuscallback
                0x80015ec8      0x194 /Programs/devkitpro/libogc/lib/wii/libogc.a(pad.o)
 .text.__pad_origincallback
                0x8001605c       0x40 /Programs/devkitpro/libogc/lib/wii/libogc.a(pad.o)
 .text.__pad_probecallback
                0x8001609c       0x54 /Programs/devkitpro/libogc/lib/wii/libogc.a(pad.o)
 .text.__pad_disable
                0x800160f0       0xd0 /Programs/devkitpro/libogc/lib/wii/libogc.a(pad.o)
 .text.PAD_Read
                0x800161c0      0x2f4 /Programs/devkitpro/libogc/lib/wii/libogc.a(pad.o)
                0x800161c0                PAD_Read
 .text.PAD_ScanPads
                0x800164b4      0x17c /Programs/devkitpro/libogc/lib/wii/libogc.a(pad.o)
                0x800164b4                PAD_ScanPads
 .text.__pad_receivecheckcallback
                0x80016630       0xc0 /Programs/devkitpro/libogc/lib/wii/libogc.a(pad.o)
 .text.__pad_originupdatecallback
                0x800166f0       0x88 /Programs/devkitpro/libogc/lib/wii/libogc.a(pad.o)
 .text.PAD_Init
                0x80016778      0x100 /Programs/devkitpro/libogc/lib/wii/libogc.a(pad.o)
                0x80016778                PAD_Init
 .text.__MEMInterruptHandler
                0x80016878       0x14 /Programs/devkitpro/libogc/lib/wii/libogc.a(system.o)
 .text.__RSWDefaultHandler
                0x8001688c        0x4 /Programs/devkitpro/libogc/lib/wii/libogc.a(system.o)
 .text.__POWDefaultHandler
                0x80016890        0x4 /Programs/devkitpro/libogc/lib/wii/libogc.a(system.o)
 .text.__sram_sync
                0x80016894        0xc /Programs/devkitpro/libogc/lib/wii/libogc.a(system.o)
 .text.__call_resetfuncs
                0x800168a0       0xb0 /Programs/devkitpro/libogc/lib/wii/libogc.a(system.o)
 .text.__locksram
                0x80016950       0x60 /Programs/devkitpro/libogc/lib/wii/libogc.a(system.o)
 .text.__SYS_LockSramEx
                0x800169b0        0x8 /Programs/devkitpro/libogc/lib/wii/libogc.a(system.o)
                0x800169b0                __SYS_LockSramEx
 .text.__SYS_GetIPCBufferLo
                0x800169b8        0xc /Programs/devkitpro/libogc/lib/wii/libogc.a(system.o)
                0x800169b8                __SYS_GetIPCBufferLo
 .text.__SYS_GetIPCBufferHi
                0x800169c4        0xc /Programs/devkitpro/libogc/lib/wii/libogc.a(system.o)
                0x800169c4                __SYS_GetIPCBufferHi
 .text._V_EXPORTNAME
                0x800169d0       0x24 /Programs/devkitpro/libogc/lib/wii/libogc.a(system.o)
                0x800169d0                _V_EXPORTNAME
 .text.__SYS_InitCallbacks
                0x800169f4       0x30 /Programs/devkitpro/libogc/lib/wii/libogc.a(system.o)
                0x800169f4                __SYS_InitCallbacks
 .text.SYS_ResetButtonDown
                0x80016a24       0x18 /Programs/devkitpro/libogc/lib/wii/libogc.a(system.o)
                0x80016a24                SYS_ResetButtonDown
 .text.__STMEventHandler
                0x80016a3c      0x10c /Programs/devkitpro/libogc/lib/wii/libogc.a(system.o)
 .text.SYS_RegisterResetFunc
                0x80016b48       0x94 /Programs/devkitpro/libogc/lib/wii/libogc.a(system.o)
                0x80016b48                SYS_RegisterResetFunc
 .text.SYS_SetArena1Lo
                0x80016bdc       0x3c /Programs/devkitpro/libogc/lib/wii/libogc.a(system.o)
                0x80016bdc                SYS_SetArena1Lo
 .text.SYS_GetArena1Lo
                0x80016c18       0x3c /Programs/devkitpro/libogc/lib/wii/libogc.a(system.o)
                0x80016c18                SYS_GetArena1Lo
 .text.SYS_SetArena1Hi
                0x80016c54       0x3c /Programs/devkitpro/libogc/lib/wii/libogc.a(system.o)
                0x80016c54                SYS_SetArena1Hi
 .text.SYS_GetArena1Hi
                0x80016c90       0x3c /Programs/devkitpro/libogc/lib/wii/libogc.a(system.o)
                0x80016c90                SYS_GetArena1Hi
 .text.SYS_SetArena2Lo
                0x80016ccc       0x3c /Programs/devkitpro/libogc/lib/wii/libogc.a(system.o)
                0x80016ccc                SYS_SetArena2Lo
 .text.SYS_SetArena2Hi
                0x80016d08       0x3c /Programs/devkitpro/libogc/lib/wii/libogc.a(system.o)
                0x80016d08                SYS_SetArena2Hi
 .text.SYS_GetHollywoodRevision
                0x80016d44       0x3c /Programs/devkitpro/libogc/lib/wii/libogc.a(system.o)
                0x80016d44                SYS_GetHollywoodRevision
 .text.SYS_AllocateFramebuffer
                0x80016d80       0x3c /Programs/devkitpro/libogc/lib/wii/libogc.a(system.o)
                0x80016d80                SYS_AllocateFramebuffer
 .text.__mem_onreset
                0x80016dbc       0x54 /Programs/devkitpro/libogc/lib/wii/libogc.a(system.o)
 .text.SYS_PreMain
                0x80016e10       0x38 /Programs/devkitpro/libogc/lib/wii/libogc.a(system.o)
                0x80016e10                SYS_PreMain
 .text.__sram_init
                0x80016e48      0x168 /Programs/devkitpro/libogc/lib/wii/libogc.a(system.o)
                0x80016e48                __sram_init
 .text.SYS_Init
                0x80016fb0      0x540 /Programs/devkitpro/libogc/lib/wii/libogc.a(system.o)
                0x80016fb0                SYS_Init
 .text.__sram_write
                0x800174f0      0x148 /Programs/devkitpro/libogc/lib/wii/libogc.a(system.o)
 .text.__unlocksram
                0x80017638      0x14c /Programs/devkitpro/libogc/lib/wii/libogc.a(system.o)
 .text.__SYS_UnlockSramEx
                0x80017784        0x8 /Programs/devkitpro/libogc/lib/wii/libogc.a(system.o)
                0x80017784                __SYS_UnlockSramEx
 .text.SYS_GetWirelessID
                0x8001778c       0x4c /Programs/devkitpro/libogc/lib/wii/libogc.a(system.o)
                0x8001778c                SYS_GetWirelessID
 .text.SYS_SetWirelessID
                0x800177d8       0x60 /Programs/devkitpro/libogc/lib/wii/libogc.a(system.o)
                0x800177d8                SYS_SetWirelessID
 .text.__sram_writecallback
                0x80017838       0x58 /Programs/devkitpro/libogc/lib/wii/libogc.a(system.o)
 .text.SYS_ResetSystem
                0x80017890      0x234 /Programs/devkitpro/libogc/lib/wii/libogc.a(system.o)
                0x80017890                SYS_ResetSystem
 .text.SYS_CreateAlarm
                0x80017ac4      0x10c /Programs/devkitpro/libogc/lib/wii/libogc.a(system.o)
                0x80017ac4                SYS_CreateAlarm
 .text.SYS_CancelAlarm
                0x80017bd0       0xb0 /Programs/devkitpro/libogc/lib/wii/libogc.a(system.o)
                0x80017bd0                SYS_CancelAlarm
 .text.SYS_SetAlarm
                0x80017c80      0x17c /Programs/devkitpro/libogc/lib/wii/libogc.a(system.o)
                0x80017c80                SYS_SetAlarm
 .text.__sys_alarmhandler
                0x80017dfc      0x104 /Programs/devkitpro/libogc/lib/wii/libogc.a(system.o)
 .text.__lwp_cond_init
                0x80017f00       0x30 /Programs/devkitpro/libogc/lib/wii/libogc.a(cond.o)
                0x80017f00                __lwp_cond_init
 .text.__decrementer_init
                0x80017f30        0x4 /Programs/devkitpro/libogc/lib/wii/libogc.a(decrementer.o)
                0x80017f30                __decrementer_init
 .text.c_decrementer_handler
                0x80017f34       0x28 /Programs/devkitpro/libogc/lib/wii/libogc.a(decrementer.o)
                0x80017f34                c_decrementer_handler
 .text.__lwp_mqbox_init
                0x80017f5c       0x30 /Programs/devkitpro/libogc/lib/wii/libogc.a(message.o)
                0x80017f5c                __lwp_mqbox_init
 .text.__si_transfer
                0x80017f8c      0x15c /Programs/devkitpro/libogc/lib/wii/libogc.a(si.o)
 .text.__si_alarmhandler
                0x800180e8       0xb4 /Programs/devkitpro/libogc/lib/wii/libogc.a(si.o)
 .text.__si_calltypandstatuscallback
                0x8001819c       0x8c /Programs/devkitpro/libogc/lib/wii/libogc.a(si.o)
 .text.SI_Busy  0x80018228       0x18 /Programs/devkitpro/libogc/lib/wii/libogc.a(si.o)
                0x80018228                SI_Busy
 .text.SI_IsChanBusy
                0x80018240       0x38 /Programs/devkitpro/libogc/lib/wii/libogc.a(si.o)
                0x80018240                SI_IsChanBusy
 .text.SI_SetXY
                0x80018278       0x64 /Programs/devkitpro/libogc/lib/wii/libogc.a(si.o)
                0x80018278                SI_SetXY
 .text.SI_DisablePolling
                0x800182dc       0x58 /Programs/devkitpro/libogc/lib/wii/libogc.a(si.o)
                0x800182dc                SI_DisablePolling
 .text.SI_GetStatus
                0x80018334       0x7c /Programs/devkitpro/libogc/lib/wii/libogc.a(si.o)
                0x80018334                SI_GetStatus
 .text.SI_GetResponseRaw
                0x800183b0       0x78 /Programs/devkitpro/libogc/lib/wii/libogc.a(si.o)
                0x800183b0                SI_GetResponseRaw
 .text.SI_GetResponse
                0x80018428       0xb4 /Programs/devkitpro/libogc/lib/wii/libogc.a(si.o)
                0x80018428                SI_GetResponse
 .text.SI_SetCommand
                0x800184dc       0x10 /Programs/devkitpro/libogc/lib/wii/libogc.a(si.o)
                0x800184dc                SI_SetCommand
 .text.SI_TransferCommands
                0x800184ec       0x14 /Programs/devkitpro/libogc/lib/wii/libogc.a(si.o)
                0x800184ec                SI_TransferCommands
 .text.SI_EnablePolling
                0x80018500       0xa0 /Programs/devkitpro/libogc/lib/wii/libogc.a(si.o)
                0x80018500                SI_EnablePolling
 .text.SI_EnablePollingInterrupt
                0x800185a0       0xb8 /Programs/devkitpro/libogc/lib/wii/libogc.a(si.o)
                0x800185a0                SI_EnablePollingInterrupt
 .text.SI_UnregisterPollingHandler
                0x80018658       0xe8 /Programs/devkitpro/libogc/lib/wii/libogc.a(si.o)
                0x80018658                SI_UnregisterPollingHandler
 .text.SI_RegisterPollingHandler
                0x80018740      0x124 /Programs/devkitpro/libogc/lib/wii/libogc.a(si.o)
                0x80018740                SI_RegisterPollingHandler
 .text.__si_completetransfer
                0x80018864      0x1a8 /Programs/devkitpro/libogc/lib/wii/libogc.a(si.o)
 .text.__si_transfernext
                0x80018a0c       0xe0 /Programs/devkitpro/libogc/lib/wii/libogc.a(si.o)
 .text.SI_Transfer
                0x80018aec      0x21c /Programs/devkitpro/libogc/lib/wii/libogc.a(si.o)
                0x80018aec                SI_Transfer
 .text.SI_GetType
                0x80018d08      0x228 /Programs/devkitpro/libogc/lib/wii/libogc.a(si.o)
                0x80018d08                SI_GetType
 .text.SI_GetTypeAsync
                0x80018f30      0x13c /Programs/devkitpro/libogc/lib/wii/libogc.a(si.o)
                0x80018f30                SI_GetTypeAsync
 .text.__si_interrupthandler
                0x8001906c      0x24c /Programs/devkitpro/libogc/lib/wii/libogc.a(si.o)
 .text.__si_gettypecallback
                0x800192b8      0x268 /Programs/devkitpro/libogc/lib/wii/libogc.a(si.o)
 .text.SI_SetSamplingRate
                0x80019520       0xf4 /Programs/devkitpro/libogc/lib/wii/libogc.a(si.o)
                0x80019520                SI_SetSamplingRate
 .text.__si_init
                0x80019614       0xf8 /Programs/devkitpro/libogc/lib/wii/libogc.a(si.o)
                0x80019614                __si_init
 .text.SI_RefreshSamplingRate
                0x8001970c        0xc /Programs/devkitpro/libogc/lib/wii/libogc.a(si.o)
                0x8001970c                SI_RefreshSamplingRate
 .text.IPC_GetBufferLo
                0x80019718        0xc /Programs/devkitpro/libogc/lib/wii/libogc.a(ipc.o)
                0x80019718                IPC_GetBufferLo
 .text.IPC_GetBufferHi
                0x80019724        0xc /Programs/devkitpro/libogc/lib/wii/libogc.a(ipc.o)
                0x80019724                IPC_GetBufferHi
 .text.IPC_SetBufferLo
                0x80019730       0x1c /Programs/devkitpro/libogc/lib/wii/libogc.a(ipc.o)
                0x80019730                IPC_SetBufferLo
 .text.__ipc_sendrequest
                0x8001974c      0x10c /Programs/devkitpro/libogc/lib/wii/libogc.a(ipc.o)
 .text.__ipc_syncrequest
                0x80019858       0xe4 /Programs/devkitpro/libogc/lib/wii/libogc.a(ipc.o)
 .text.iosAlloc
                0x8001993c       0x4c /Programs/devkitpro/libogc/lib/wii/libogc.a(ipc.o)
                0x8001993c                iosAlloc
 .text.iosFree  0x80019988       0x44 /Programs/devkitpro/libogc/lib/wii/libogc.a(ipc.o)
                0x80019988                iosFree
 .text.__ios_ioctlvformat_parse
                0x800199cc      0x790 /Programs/devkitpro/libogc/lib/wii/libogc.a(ipc.o)
 .text.__ioctlvfmtCB
                0x8001a15c      0x110 /Programs/devkitpro/libogc/lib/wii/libogc.a(ipc.o)
 .text.__IPC_Init
                0x8001a26c       0x64 /Programs/devkitpro/libogc/lib/wii/libogc.a(ipc.o)
                0x8001a26c                __IPC_Init
 .text.iosCreateHeap
                0x8001a2d0      0x160 /Programs/devkitpro/libogc/lib/wii/libogc.a(ipc.o)
                0x8001a2d0                iosCreateHeap
 .text.__IPC_ClntInit
                0x8001a430       0x78 /Programs/devkitpro/libogc/lib/wii/libogc.a(ipc.o)
                0x8001a430                __IPC_ClntInit
 .text.__ipc_interrupthandler
                0x8001a4a8      0x320 /Programs/devkitpro/libogc/lib/wii/libogc.a(ipc.o)
 .text.IOS_Write
                0x8001a7c8       0xc0 /Programs/devkitpro/libogc/lib/wii/libogc.a(ipc.o)
                0x8001a7c8                IOS_Write
 .text.__ipc_asyncrequest
                0x8001a888      0x110 /Programs/devkitpro/libogc/lib/wii/libogc.a(ipc.o)
 .text.IOS_IoctlvReboot
                0x8001a998      0x1a0 /Programs/devkitpro/libogc/lib/wii/libogc.a(ipc.o)
                0x8001a998                IOS_IoctlvReboot
 .text.IOS_Open
                0x8001ab38       0xc8 /Programs/devkitpro/libogc/lib/wii/libogc.a(ipc.o)
                0x8001ab38                IOS_Open
 .text.IOS_Read
                0x8001ac00       0xc0 /Programs/devkitpro/libogc/lib/wii/libogc.a(ipc.o)
                0x8001ac00                IOS_Read
 .text.IOS_Close
                0x8001acc0       0x8c /Programs/devkitpro/libogc/lib/wii/libogc.a(ipc.o)
                0x8001acc0                IOS_Close
 .text.IOS_Ioctlv
                0x8001ad4c      0x19c /Programs/devkitpro/libogc/lib/wii/libogc.a(ipc.o)
                0x8001ad4c                IOS_Ioctlv
 .text.IOS_IoctlvFormat
                0x8001aee8      0x178 /Programs/devkitpro/libogc/lib/wii/libogc.a(ipc.o)
                0x8001aee8                IOS_IoctlvFormat
 .text.IOS_IoctlAsync
                0x8001b060      0x128 /Programs/devkitpro/libogc/lib/wii/libogc.a(ipc.o)
                0x8001b060                IOS_IoctlAsync
 .text.IOS_Ioctl
                0x8001b188      0x100 /Programs/devkitpro/libogc/lib/wii/libogc.a(ipc.o)
                0x8001b188                IOS_Ioctl
 .text.IOS_Seek
                0x8001b288       0xac /Programs/devkitpro/libogc/lib/wii/libogc.a(ipc.o)
                0x8001b288                IOS_Seek
 .text.gettick  0x8001b334       0x10 /Programs/devkitpro/libogc/lib/wii/libogc.a(timesupp.o)
                0x8001b334                gettick
 .text.gettime  0x8001b344       0x24 /Programs/devkitpro/libogc/lib/wii/libogc.a(timesupp.o)
                0x8001b344                gettime
 .text.diff_usec
                0x8001b368       0x9c /Programs/devkitpro/libogc/lib/wii/libogc.a(timesupp.o)
                0x8001b368                diff_usec
 .text.udelay   0x8001b404       0x64 /Programs/devkitpro/libogc/lib/wii/libogc.a(timesupp.o)
                0x8001b404                udelay
 .text.nanosleep
                0x8001b468      0x120 /Programs/devkitpro/libogc/lib/wii/libogc.a(timesupp.o)
                0x8001b468                nanosleep
 .text.sleep    0x8001b588       0x30 /Programs/devkitpro/libogc/lib/wii/libogc.a(timesupp.o)
                0x8001b588                sleep
 .text.__timesystem_init
                0x8001b5b8       0x40 /Programs/devkitpro/libogc/lib/wii/libogc.a(timesupp.o)
                0x8001b5b8                __timesystem_init
 .text.__libogc_lock_release
                0x8001b5f8       0x3c /Programs/devkitpro/libogc/lib/wii/libogc.a(lock_supp.o)
                0x8001b5f8                __libogc_lock_release
 .text.__libogc_lock_acquire
                0x8001b634       0x3c /Programs/devkitpro/libogc/lib/wii/libogc.a(lock_supp.o)
                0x8001b634                __libogc_lock_acquire
 .text.__libogc_lock_close
                0x8001b670       0x50 /Programs/devkitpro/libogc/lib/wii/libogc.a(lock_supp.o)
                0x8001b670                __libogc_lock_close
 .text.__libogc_lock_init
                0x8001b6c0       0x64 /Programs/devkitpro/libogc/lib/wii/libogc.a(lock_supp.o)
                0x8001b6c0                __libogc_lock_init
 .text.__libc_create_hook
                0x8001b724       0x10 /Programs/devkitpro/libogc/lib/wii/libogc.a(newlibc.o)
                0x8001b724                __libc_create_hook
 .text.__libc_init
                0x8001b734      0x178 /Programs/devkitpro/libogc/lib/wii/libogc.a(newlibc.o)
                0x8001b734                __libc_init
 .text.__libc_delete_hook
                0x8001b8ac       0xbc /Programs/devkitpro/libogc/lib/wii/libogc.a(newlibc.o)
                0x8001b8ac                __libc_delete_hook
 .text.__libc_start_hook
                0x8001b968      0x1c0 /Programs/devkitpro/libogc/lib/wii/libogc.a(newlibc.o)
                0x8001b968                __libc_start_hook
 .text.__usbgecko_init
                0x8001bb28       0x58 /Programs/devkitpro/libogc/lib/wii/libogc.a(usbgecko.o)
 .text.__usbgecko_exi_unlock
                0x8001bb80       0x34 /Programs/devkitpro/libogc/lib/wii/libogc.a(usbgecko.o)
 .text.__usb_sendbyte
                0x8001bbb4       0xc8 /Programs/devkitpro/libogc/lib/wii/libogc.a(usbgecko.o)
 .text.usb_sendbuffer
                0x8001bc7c      0x138 /Programs/devkitpro/libogc/lib/wii/libogc.a(usbgecko.o)
                0x8001bc7c                usb_sendbuffer
 .text.__usb_checksend
                0x8001bdb4       0xc0 /Programs/devkitpro/libogc/lib/wii/libogc.a(usbgecko.o)
                0x8001bdb4                __usb_checksend
 .text.usb_sendbuffer_safe
                0x8001be74      0x150 /Programs/devkitpro/libogc/lib/wii/libogc.a(usbgecko.o)
                0x8001be74                usb_sendbuffer_safe
 .text.__libogc_sbrk_r
                0x8001bfc4       0xe0 /Programs/devkitpro/libogc/lib/wii/libogc.a(sbrk.o)
                0x8001bfc4                __libogc_sbrk_r
 .text.__libogc_malloc_lock
                0x8001c0a4      0x230 /Programs/devkitpro/libogc/lib/wii/libogc.a(malloc_lock.o)
                0x8001c0a4                __libogc_malloc_lock
 .text.__memlock_init
                0x8001c2d4       0x70 /Programs/devkitpro/libogc/lib/wii/libogc.a(malloc_lock.o)
                0x8001c2d4                __memlock_init
 .text.__libogc_malloc_unlock
                0x8001c344       0x70 /Programs/devkitpro/libogc/lib/wii/libogc.a(malloc_lock.o)
                0x8001c344                __libogc_malloc_unlock
 .text.STM_RegisterEventHandler
                0x8001c3b4       0x14 /Programs/devkitpro/libogc/lib/wii/libogc.a(stm.o)
                0x8001c3b4                STM_RegisterEventHandler
 .text.STM_RebootSystem
                0x8001c3c8       0x70 /Programs/devkitpro/libogc/lib/wii/libogc.a(stm.o)
                0x8001c3c8                STM_RebootSystem
 .text.STM_SetLedMode
                0x8001c438       0x60 /Programs/devkitpro/libogc/lib/wii/libogc.a(stm.o)
                0x8001c438                STM_SetLedMode
 .text.STM_ShutdownToStandby
                0x8001c498       0x70 /Programs/devkitpro/libogc/lib/wii/libogc.a(stm.o)
                0x8001c498                STM_ShutdownToStandby
 .text.__STM_ReleaseEventHook
                0x8001c508       0x94 /Programs/devkitpro/libogc/lib/wii/libogc.a(stm.o)
                0x8001c508                __STM_ReleaseEventHook
 .text.STM_ShutdownToIdle
                0x8001c59c       0x9c /Programs/devkitpro/libogc/lib/wii/libogc.a(stm.o)
                0x8001c59c                STM_ShutdownToIdle
 .text.__STM_SetEventHook
                0x8001c638       0xe8 /Programs/devkitpro/libogc/lib/wii/libogc.a(stm.o)
                0x8001c638                __STM_SetEventHook
 .text.__STMEventHandler
                0x8001c720       0x6c /Programs/devkitpro/libogc/lib/wii/libogc.a(stm.o)
 .text.__STM_Close
                0x8001c78c       0x9c /Programs/devkitpro/libogc/lib/wii/libogc.a(stm.o)
                0x8001c78c                __STM_Close
 .text.__STM_Init
                0x8001c828       0xac /Programs/devkitpro/libogc/lib/wii/libogc.a(stm.o)
                0x8001c828                __STM_Init
 .text.IOS_GetVersion
                0x8001c8d4       0x54 /Programs/devkitpro/libogc/lib/wii/libogc.a(ios.o)
                0x8001c8d4                IOS_GetVersion
 .text.__IOS_LaunchNewIOS
                0x8001c928       0xf4 /Programs/devkitpro/libogc/lib/wii/libogc.a(ios.o)
                0x8001c928                __IOS_LaunchNewIOS
 .text.__IOS_ShutdownSubsystems
                0x8001ca1c       0x48 /Programs/devkitpro/libogc/lib/wii/libogc.a(ios.o)
                0x8001ca1c                __IOS_ShutdownSubsystems
 .text.__IOS_InitializeSubsystems
                0x8001ca64       0x48 /Programs/devkitpro/libogc/lib/wii/libogc.a(ios.o)
                0x8001ca64                __IOS_InitializeSubsystems
 .text.__IOS_InitHeap
                0x8001caac       0x70 /Programs/devkitpro/libogc/lib/wii/libogc.a(ios.o)
                0x8001caac                __IOS_InitHeap
 .text.IOS_GetPreferredVersion
                0x8001cb1c      0x100 /Programs/devkitpro/libogc/lib/wii/libogc.a(ios.o)
                0x8001cb1c                IOS_GetPreferredVersion
 .text.__IOS_LoadStartupIOS
                0x8001cc1c       0x6c /Programs/devkitpro/libogc/lib/wii/libogc.a(ios.o)
                0x8001cc1c                __IOS_LoadStartupIOS
 .text.__ES_Reset
                0x8001cc88       0x14 /Programs/devkitpro/libogc/lib/wii/libogc.a(es.o)
                0x8001cc88                __ES_Reset
 .text.ES_NextCert
                0x8001cc9c       0x78 /Programs/devkitpro/libogc/lib/wii/libogc.a(es.o)
                0x8001cc9c                ES_NextCert
 .text.__ES_sanity_check_certlist
                0x8001cd14       0x68 /Programs/devkitpro/libogc/lib/wii/libogc.a(es.o)
                0x8001cd14                __ES_sanity_check_certlist
 .text.ES_CloseContent
                0x8001cd7c       0x6c /Programs/devkitpro/libogc/lib/wii/libogc.a(es.o)
                0x8001cd7c                ES_CloseContent
 .text.ES_SeekContent
                0x8001cde8       0x78 /Programs/devkitpro/libogc/lib/wii/libogc.a(es.o)
                0x8001cde8                ES_SeekContent
 .text.ES_ReadContent
                0x8001ce60       0x98 /Programs/devkitpro/libogc/lib/wii/libogc.a(es.o)
                0x8001ce60                ES_ReadContent
 .text.ES_OpenTitleContent
                0x8001cef8       0x5c /Programs/devkitpro/libogc/lib/wii/libogc.a(es.o)
                0x8001cef8                ES_OpenTitleContent
 .text.ES_OpenContent
                0x8001cf54       0x50 /Programs/devkitpro/libogc/lib/wii/libogc.a(es.o)
                0x8001cf54                ES_OpenContent
 .text.ES_GetStoredTMD
                0x8001cfa4       0xa4 /Programs/devkitpro/libogc/lib/wii/libogc.a(es.o)
                0x8001cfa4                ES_GetStoredTMD
 .text.ES_GetStoredTMDSize
                0x8001d048       0x88 /Programs/devkitpro/libogc/lib/wii/libogc.a(es.o)
                0x8001d048                ES_GetStoredTMDSize
 .text.ES_GetTitles
                0x8001d0d0       0x90 /Programs/devkitpro/libogc/lib/wii/libogc.a(es.o)
                0x8001d0d0                ES_GetTitles
 .text.ES_GetNumTitles
                0x8001d160       0x7c /Programs/devkitpro/libogc/lib/wii/libogc.a(es.o)
                0x8001d160                ES_GetNumTitles
 .text.ES_GetTicketViews
                0x8001d1dc       0xa0 /Programs/devkitpro/libogc/lib/wii/libogc.a(es.o)
                0x8001d1dc                ES_GetTicketViews
 .text.ES_GetNumTicketViews
                0x8001d27c       0x88 /Programs/devkitpro/libogc/lib/wii/libogc.a(es.o)
                0x8001d27c                ES_GetNumTicketViews
 .text.ES_GetTitleID
                0x8001d304       0x84 /Programs/devkitpro/libogc/lib/wii/libogc.a(es.o)
                0x8001d304                ES_GetTitleID
 .text.ES_LaunchTitle
                0x8001d388       0xb8 /Programs/devkitpro/libogc/lib/wii/libogc.a(es.o)
                0x8001d388                ES_LaunchTitle
 .text.__ES_Close
                0x8001d440       0x7c /Programs/devkitpro/libogc/lib/wii/libogc.a(es.o)
                0x8001d440                __ES_Close
 .text.__ES_Init
                0x8001d4bc       0x84 /Programs/devkitpro/libogc/lib/wii/libogc.a(es.o)
                0x8001d4bc                __ES_Init
 .text.ES_Identify
                0x8001d540      0x28c /Programs/devkitpro/libogc/lib/wii/libogc.a(es.o)
                0x8001d540                ES_Identify
 .text._ES_decodepath
                0x8001d7cc      0x33c /Programs/devkitpro/libogc/lib/wii/libogc.a(es.o)
 .text._ES_fillstat
                0x8001db08      0x164 /Programs/devkitpro/libogc/lib/wii/libogc.a(es.o)
 .text._ES_stat_r
                0x8001dc6c       0x64 /Programs/devkitpro/libogc/lib/wii/libogc.a(es.o)
 .text._ES_fstat_r
                0x8001dcd0       0x8c /Programs/devkitpro/libogc/lib/wii/libogc.a(es.o)
 .text._ES_seek_r
                0x8001dd5c       0xc0 /Programs/devkitpro/libogc/lib/wii/libogc.a(es.o)
 .text._ES_read_r
                0x8001de1c      0x1a8 /Programs/devkitpro/libogc/lib/wii/libogc.a(es.o)
 .text._ES_close_r
                0x8001dfc4       0x8c /Programs/devkitpro/libogc/lib/wii/libogc.a(es.o)
 .text._ES_open_r
                0x8001e050       0xd0 /Programs/devkitpro/libogc/lib/wii/libogc.a(es.o)
 .text.ISFS_ReadDir
                0x8001e120      0x16c /Programs/devkitpro/libogc/lib/wii/libogc.a(isfs.o)
                0x8001e120                ISFS_ReadDir
 .text.ISFS_GetFileStats
                0x8001e28c       0x4c /Programs/devkitpro/libogc/lib/wii/libogc.a(isfs.o)
                0x8001e28c                ISFS_GetFileStats
 .text.ISFS_Close
                0x8001e2d8       0x34 /Programs/devkitpro/libogc/lib/wii/libogc.a(isfs.o)
                0x8001e2d8                ISFS_Close
 .text.ISFS_Seek
                0x8001e30c       0x20 /Programs/devkitpro/libogc/lib/wii/libogc.a(isfs.o)
                0x8001e30c                ISFS_Seek
 .text.ISFS_Read
                0x8001e32c       0x40 /Programs/devkitpro/libogc/lib/wii/libogc.a(isfs.o)
                0x8001e32c                ISFS_Read
 .text.ISFS_Open
                0x8001e36c       0xd0 /Programs/devkitpro/libogc/lib/wii/libogc.a(isfs.o)
                0x8001e36c                ISFS_Open
 .text.ISFS_Initialize
                0x8001e43c       0x94 /Programs/devkitpro/libogc/lib/wii/libogc.a(isfs.o)
                0x8001e43c                ISFS_Initialize
 .text.__CheckARGV
                0x8001e4d0       0x9c /Programs/devkitpro/libogc/lib/wii/libogc.a(argv.o)
                0x8001e4d0                __CheckARGV
 .text.__CONF_DecryptTextBuffer
                0x8001e56c       0x48 /Programs/devkitpro/libogc/lib/wii/libogc.a(conf.o)
                0x8001e56c                __CONF_DecryptTextBuffer
 .text.__CONF_Find
                0x8001e5b4      0x118 /Programs/devkitpro/libogc/lib/wii/libogc.a(conf.o)
                0x8001e5b4                __CONF_Find
 .text.CONF_GetLength
                0x8001e6cc       0xd4 /Programs/devkitpro/libogc/lib/wii/libogc.a(conf.o)
                0x8001e6cc                CONF_GetLength
 .text.CONF_Get
                0x8001e7a0      0x13c /Programs/devkitpro/libogc/lib/wii/libogc.a(conf.o)
                0x8001e7a0                CONF_Get
 .text.CONF_GetDisplayOffsetH
                0x8001e8dc       0x64 /Programs/devkitpro/libogc/lib/wii/libogc.a(conf.o)
                0x8001e8dc                CONF_GetDisplayOffsetH
 .text.CONF_GetEuRGB60
                0x8001e940       0x58 /Programs/devkitpro/libogc/lib/wii/libogc.a(conf.o)
                0x8001e940                CONF_GetEuRGB60
 .text.CONF_GetProgressiveScan
                0x8001e998       0x58 /Programs/devkitpro/libogc/lib/wii/libogc.a(conf.o)
                0x8001e998                CONF_GetProgressiveScan
 .text.CONF_GetIdleLedMode
                0x8001e9f0       0x5c /Programs/devkitpro/libogc/lib/wii/libogc.a(conf.o)
                0x8001e9f0                CONF_GetIdleLedMode
 .text.CONF_GetShutdownMode
                0x8001ea4c       0x5c /Programs/devkitpro/libogc/lib/wii/libogc.a(conf.o)
                0x8001ea4c                CONF_GetShutdownMode
 .text.__CONF_GetTxt
                0x8001eaa8      0x19c /Programs/devkitpro/libogc/lib/wii/libogc.a(conf.o)
                0x8001eaa8                __CONF_GetTxt
 .text.CONF_GetVideo
                0x8001ec44       0xac /Programs/devkitpro/libogc/lib/wii/libogc.a(conf.o)
                0x8001ec44                CONF_GetVideo
 .text.CONF_Init
                0x8001ecf0      0x138 /Programs/devkitpro/libogc/lib/wii/libogc.a(conf.o)
                0x8001ecf0                CONF_Init
 .text.__CalcChecksum
                0x8001ee28       0x3c /Programs/devkitpro/libogc/lib/wii/libogc.a(wiilaunch.o)
 .text.__SetChecksum
                0x8001ee64       0x30 /Programs/devkitpro/libogc/lib/wii/libogc.a(wiilaunch.o)
 .text.__ValidChecksum
                0x8001ee94       0x38 /Programs/devkitpro/libogc/lib/wii/libogc.a(wiilaunch.o)
 .text.__WII_WriteStateFlags
                0x8001eecc       0x9c /Programs/devkitpro/libogc/lib/wii/libogc.a(wiilaunch.o)
 .text.WII_LaunchTitle
                0x8001ef68       0xcc /Programs/devkitpro/libogc/lib/wii/libogc.a(wiilaunch.o)
                0x8001ef68                WII_LaunchTitle
 .text.WII_ReturnToMenu
                0x8001f034       0x74 /Programs/devkitpro/libogc/lib/wii/libogc.a(wiilaunch.o)
                0x8001f034                WII_ReturnToMenu
 .text.WII_Initialize
                0x8001f0a8      0x204 /Programs/devkitpro/libogc/lib/wii/libogc.a(wiilaunch.o)
                0x8001f0a8                WII_Initialize
 .text.__lwp_priority_init
                0x8001f2ac       0x34 /Programs/devkitpro/libogc/lib/wii/libogc.a(lwp_priority.o)
                0x8001f2ac                __lwp_priority_init
 .text.__lwp_threadqueue_extractpriority
                0x8001f2e0      0x16c /Programs/devkitpro/libogc/lib/wii/libogc.a(lwp_threadq.o)
                0x8001f2e0                __lwp_threadqueue_extractpriority
 .text.__lwp_threadqueue_extractfifo
                0x8001f44c       0xe8 /Programs/devkitpro/libogc/lib/wii/libogc.a(lwp_threadq.o)
                0x8001f44c                __lwp_threadqueue_extractfifo
 .text.__lwp_threadqueue_extract
                0x8001f534       0x1c /Programs/devkitpro/libogc/lib/wii/libogc.a(lwp_threadq.o)
                0x8001f534                __lwp_threadqueue_extract
 .text.__lwp_threadqueue_extractproxy
                0x8001f550       0x3c /Programs/devkitpro/libogc/lib/wii/libogc.a(lwp_threadq.o)
                0x8001f550                __lwp_threadqueue_extractproxy
 .text.__lwp_threadqueue_timeout
                0x8001f58c       0x8c /Programs/devkitpro/libogc/lib/wii/libogc.a(lwp_threadq.o)
 .text.__lwp_threadqueue_dequeuepriority
                0x8001f618      0x210 /Programs/devkitpro/libogc/lib/wii/libogc.a(lwp_threadq.o)
                0x8001f618                __lwp_threadqueue_dequeuepriority
 .text.__lwp_threadqueue_enqueuepriority
                0x8001f828      0x3b8 /Programs/devkitpro/libogc/lib/wii/libogc.a(lwp_threadq.o)
                0x8001f828                __lwp_threadqueue_enqueuepriority
 .text.__lwp_threadqueue_dequeuefifo
                0x8001fbe0      0x14c /Programs/devkitpro/libogc/lib/wii/libogc.a(lwp_threadq.o)
                0x8001fbe0                __lwp_threadqueue_dequeuefifo
 .text.__lwp_threadqueue_dequeue
                0x8001fd2c       0x24 /Programs/devkitpro/libogc/lib/wii/libogc.a(lwp_threadq.o)
                0x8001fd2c                __lwp_threadqueue_dequeue
 .text.__lwp_threadqueue_flush
                0x8001fd50       0x4c /Programs/devkitpro/libogc/lib/wii/libogc.a(lwp_threadq.o)
                0x8001fd50                __lwp_threadqueue_flush
 .text.__lwp_threadqueue_enqueuefifo
                0x8001fd9c      0x128 /Programs/devkitpro/libogc/lib/wii/libogc.a(lwp_threadq.o)
                0x8001fd9c                __lwp_threadqueue_enqueuefifo
 .text.__lwp_threadqueue_enqueue
                0x8001fec4      0x13c /Programs/devkitpro/libogc/lib/wii/libogc.a(lwp_threadq.o)
                0x8001fec4                __lwp_threadqueue_enqueue
 .text.__lwp_threadqueue_init
                0x80020000       0x88 /Programs/devkitpro/libogc/lib/wii/libogc.a(lwp_threadq.o)
                0x80020000                __lwp_threadqueue_init
 .text.__lwp_isr_in_progress
                0x80020088        0x8 /Programs/devkitpro/libogc/lib/wii/libogc.a(lwp_threads.o)
                0x80020088                __lwp_isr_in_progress
 .text.__lwp_thread_resettimeslice
                0x80020090       0xd0 /Programs/devkitpro/libogc/lib/wii/libogc.a(lwp_threads.o)
                0x80020090                __lwp_thread_resettimeslice
 .text.__lwp_thread_setstate
                0x80020160      0x158 /Programs/devkitpro/libogc/lib/wii/libogc.a(lwp_threads.o)
                0x80020160                __lwp_thread_setstate
 .text.__lwp_thread_clearstate
                0x800202b8      0x104 /Programs/devkitpro/libogc/lib/wii/libogc.a(lwp_threads.o)
                0x800202b8                __lwp_thread_clearstate
 .text.__lwp_thread_delayended
                0x800203bc       0x48 /Programs/devkitpro/libogc/lib/wii/libogc.a(lwp_threads.o)
                0x800203bc                __lwp_thread_delayended
 .text.__lwp_thread_setpriority
                0x80020404       0x5c /Programs/devkitpro/libogc/lib/wii/libogc.a(lwp_threads.o)
                0x80020404                __lwp_thread_setpriority
 .text.__lwp_thread_settransient
                0x80020460       0xd0 /Programs/devkitpro/libogc/lib/wii/libogc.a(lwp_threads.o)
                0x80020460                __lwp_thread_settransient
 .text.__lwp_thread_loadenv
                0x80020530       0x78 /Programs/devkitpro/libogc/lib/wii/libogc.a(lwp_threads.o)
                0x80020530                __lwp_thread_loadenv
 .text.__lwp_thread_ready
                0x800205a8       0xf8 /Programs/devkitpro/libogc/lib/wii/libogc.a(lwp_threads.o)
                0x800205a8                __lwp_thread_ready
 .text.__thread_dispatch
                0x800206a0      0x12c /Programs/devkitpro/libogc/lib/wii/libogc.a(lwp_threads.o)
                0x800206a0                __thread_dispatch
 .text.__lwp_thread_start
                0x800207cc       0x64 /Programs/devkitpro/libogc/lib/wii/libogc.a(lwp_threads.o)
                0x800207cc                __lwp_thread_start
 .text.__lwp_thread_close
                0x80020830      0x138 /Programs/devkitpro/libogc/lib/wii/libogc.a(lwp_threads.o)
                0x80020830                __lwp_thread_close
 .text.__lwp_thread_closeall
                0x80020968       0xd4 /Programs/devkitpro/libogc/lib/wii/libogc.a(lwp_threads.o)
                0x80020968                __lwp_thread_closeall
 .text.__lwp_thread_init
                0x80020a3c      0x124 /Programs/devkitpro/libogc/lib/wii/libogc.a(lwp_threads.o)
                0x80020a3c                __lwp_thread_init
 .text.__thread_dispatch_fp
                0x80020b60       0x9c /Programs/devkitpro/libogc/lib/wii/libogc.a(lwp_threads.o)
                0x80020b60                __thread_dispatch_fp
 .text.__lwp_thread_stopmultitasking
                0x80020bfc       0x64 /Programs/devkitpro/libogc/lib/wii/libogc.a(lwp_threads.o)
                0x80020bfc                __lwp_thread_stopmultitasking
 .text.__lwp_thread_changepriority
                0x80020c60      0x1b8 /Programs/devkitpro/libogc/lib/wii/libogc.a(lwp_threads.o)
                0x80020c60                __lwp_thread_changepriority
 .text.__lwp_thread_coreinit
                0x80020e18       0x94 /Programs/devkitpro/libogc/lib/wii/libogc.a(lwp_threads.o)
                0x80020e18                __lwp_thread_coreinit
 .text.__lwp_thread_exit
                0x80020eac       0x70 /Programs/devkitpro/libogc/lib/wii/libogc.a(lwp_threads.o)
                0x80020eac                __lwp_thread_exit
 .text.__lwp_thread_handler
                0x80020f1c       0x7c /Programs/devkitpro/libogc/lib/wii/libogc.a(lwp_threads.o)
 .text.__lwp_thread_startmultitasking
                0x80020f98       0xcc /Programs/devkitpro/libogc/lib/wii/libogc.a(lwp_threads.o)
                0x80020f98                __lwp_thread_startmultitasking
 .text.__lwp_thread_tickle_timeslice
                0x80021064       0xe0 /Programs/devkitpro/libogc/lib/wii/libogc.a(lwp_threads.o)
                0x80021064                __lwp_thread_tickle_timeslice
 .text.idle_func
                0x80021144        0x4 /Programs/devkitpro/libogc/lib/wii/libogc.a(lwp.o)
 .text.__lwp_sysinit
                0x80021148      0x118 /Programs/devkitpro/libogc/lib/wii/libogc.a(lwp.o)
                0x80021148                __lwp_sysinit
 .text.LWP_ThreadSignal
                0x80021260       0x74 /Programs/devkitpro/libogc/lib/wii/libogc.a(lwp.o)
                0x80021260                LWP_ThreadSignal
 .text.LWP_ThreadBroadcast
                0x800212d4       0x88 /Programs/devkitpro/libogc/lib/wii/libogc.a(lwp.o)
                0x800212d4                LWP_ThreadBroadcast
 .text.LWP_ThreadSleep
                0x8002135c       0xe0 /Programs/devkitpro/libogc/lib/wii/libogc.a(lwp.o)
                0x8002135c                LWP_ThreadSleep
 .text.LWP_CloseQueue
                0x8002143c       0xe8 /Programs/devkitpro/libogc/lib/wii/libogc.a(lwp.o)
                0x8002143c                LWP_CloseQueue
 .text.LWP_InitQueue
                0x80021524      0x124 /Programs/devkitpro/libogc/lib/wii/libogc.a(lwp.o)
                0x80021524                LWP_InitQueue
 .text.__lwp_stack_free
                0x80021648       0x38 /Programs/devkitpro/libogc/lib/wii/libogc.a(lwp_stack.o)
                0x80021648                __lwp_stack_free
 .text.__lwp_stack_allocate
                0x80021680       0x6c /Programs/devkitpro/libogc/lib/wii/libogc.a(lwp_stack.o)
                0x80021680                __lwp_stack_allocate
 .text.__lwp_mutex_flush
                0x800216ec       0x20 /Programs/devkitpro/libogc/lib/wii/libogc.a(lwp_mutex.o)
                0x800216ec                __lwp_mutex_flush
 .text.__lwp_mutex_initialize
                0x8002170c       0xe8 /Programs/devkitpro/libogc/lib/wii/libogc.a(lwp_mutex.o)
                0x8002170c                __lwp_mutex_initialize
 .text.__lwp_mutex_seize_irq_blocking
                0x800217f4       0xec /Programs/devkitpro/libogc/lib/wii/libogc.a(lwp_mutex.o)
                0x800217f4                __lwp_mutex_seize_irq_blocking
 .text.__lwp_mutex_surrender
                0x800218e0      0x150 /Programs/devkitpro/libogc/lib/wii/libogc.a(lwp_mutex.o)
                0x800218e0                __lwp_mutex_surrender
 .text.__lwp_watchdog_init
                0x80021a30       0x2c /Programs/devkitpro/libogc/lib/wii/libogc.a(lwp_watchdog.o)
                0x80021a30                __lwp_watchdog_init
 .text.__lwp_wd_settimer
                0x80021a5c       0xe0 /Programs/devkitpro/libogc/lib/wii/libogc.a(lwp_watchdog.o)
 .text.__lwp_wd_remove
                0x80021b3c      0x104 /Programs/devkitpro/libogc/lib/wii/libogc.a(lwp_watchdog.o)
                0x80021b3c                __lwp_wd_remove
 .text.__lwp_wd_insert
                0x80021c40      0x1c4 /Programs/devkitpro/libogc/lib/wii/libogc.a(lwp_watchdog.o)
                0x80021c40                __lwp_wd_insert
 .text.__lwp_wd_tickle
                0x80021e04      0x130 /Programs/devkitpro/libogc/lib/wii/libogc.a(lwp_watchdog.o)
                0x80021e04                __lwp_wd_tickle
 .text.__lwp_wkspace_init
                0x80021f34       0xc8 /Programs/devkitpro/libogc/lib/wii/libogc.a(lwp_wkspace.o)
                0x80021f34                __lwp_wkspace_init
 .text.__lwp_objmgr_getisrdisable
                0x80021ffc       0x64 /Programs/devkitpro/libogc/lib/wii/libogc.a(lwp_objmgr.o)
                0x80021ffc                __lwp_objmgr_getisrdisable
 .text.__lwp_objmgr_getnoprotection
                0x80022060       0x24 /Programs/devkitpro/libogc/lib/wii/libogc.a(lwp_objmgr.o)
                0x80022060                __lwp_objmgr_getnoprotection
 .text.__lwp_objmgr_allocate
                0x80022084       0x74 /Programs/devkitpro/libogc/lib/wii/libogc.a(lwp_objmgr.o)
                0x80022084                __lwp_objmgr_allocate
 .text.__lwp_objmgr_free
                0x800220f8       0x5c /Programs/devkitpro/libogc/lib/wii/libogc.a(lwp_objmgr.o)
                0x800220f8                __lwp_objmgr_free
 .text.__lwp_objmgr_get
                0x80022154       0x78 /Programs/devkitpro/libogc/lib/wii/libogc.a(lwp_objmgr.o)
                0x80022154                __lwp_objmgr_get
 .text.__lwp_objmgr_initinfo
                0x800221cc      0x1b0 /Programs/devkitpro/libogc/lib/wii/libogc.a(lwp_objmgr.o)
                0x800221cc                __lwp_objmgr_initinfo
 .text.__lwp_heap_init
                0x8002237c       0x9c /Programs/devkitpro/libogc/lib/wii/libogc.a(lwp_heap.o)
                0x8002237c                __lwp_heap_init
 .text.__lwp_heap_free
                0x80022418      0x1d4 /Programs/devkitpro/libogc/lib/wii/libogc.a(lwp_heap.o)
                0x80022418                __lwp_heap_free
 .text.__lwp_heap_allocate
                0x800225ec      0x16c /Programs/devkitpro/libogc/lib/wii/libogc.a(lwp_heap.o)
                0x800225ec                __lwp_heap_allocate
 .text.__exception_sethandler
                0x80022758       0x14 /Programs/devkitpro/libogc/lib/wii/libogc.a(exception.o)
                0x80022758                __exception_sethandler
 .text.__libogc_exit
                0x8002276c       0x38 /Programs/devkitpro/libogc/lib/wii/libogc.a(exception.o)
                0x8002276c                __libogc_exit
 .text.c_default_exceptionhandler
                0x800227a4      0x3c4 /Programs/devkitpro/libogc/lib/wii/libogc.a(exception.o)
                0x800227a4                c_default_exceptionhandler
 .text.__exception_load
                0x80022b68       0xa4 /Programs/devkitpro/libogc/lib/wii/libogc.a(exception.o)
                0x80022b68                __exception_load
 .text.__exception_init
                0x80022c0c       0xf4 /Programs/devkitpro/libogc/lib/wii/libogc.a(exception.o)
                0x80022c0c                __exception_init
 .text.__systemcall_init
                0x80022d00       0x20 /Programs/devkitpro/libogc/lib/wii/libogc.a(exception.o)
                0x80022d00                __systemcall_init
 .text.c_irqdispatcher
                0x80022d20      0x2ac /Programs/devkitpro/libogc/lib/wii/libogc.a(irq.o)
                0x80022d20                c_irqdispatcher
 .text.__SetInterrupts
                0x80022fcc      0x268 /Programs/devkitpro/libogc/lib/wii/libogc.a(irq.o)
 .text.__UnmaskIrq
                0x80023234       0x90 /Programs/devkitpro/libogc/lib/wii/libogc.a(irq.o)
                0x80023234                __UnmaskIrq
 .text.__MaskIrq
                0x800232c4       0x90 /Programs/devkitpro/libogc/lib/wii/libogc.a(irq.o)
                0x800232c4                __MaskIrq
 .text.IRQ_Request
                0x80023354       0x54 /Programs/devkitpro/libogc/lib/wii/libogc.a(irq.o)
                0x80023354                IRQ_Request
 .text.IRQ_GetHandler
                0x800233a8       0x44 /Programs/devkitpro/libogc/lib/wii/libogc.a(irq.o)
                0x800233a8                IRQ_GetHandler
 .text.__irq_init
                0x800233ec       0xac /Programs/devkitpro/libogc/lib/wii/libogc.a(irq.o)
                0x800233ec                __irq_init
 .text.__lwp_sema_init
                0x80023498       0x30 /Programs/devkitpro/libogc/lib/wii/libogc.a(semaphore.o)
                0x80023498                __lwp_sema_init
 .text.EXI_Sync
                0x800234c8       0xec /Programs/devkitpro/libogc/lib/wii/libogc.a(exi.o)
                0x800234c8                EXI_Sync
 .text.__exi_irq_handler
                0x800235b4       0x74 /Programs/devkitpro/libogc/lib/wii/libogc.a(exi.o)
 .text.EXI_Detach
                0x80023628       0xb0 /Programs/devkitpro/libogc/lib/wii/libogc.a(exi.o)
                0x80023628                EXI_Detach
 .text.__exi_probe
                0x800236d8      0x21c /Programs/devkitpro/libogc/lib/wii/libogc.a(exi.o)
 .text.EXI_Select
                0x800238f4      0x1d8 /Programs/devkitpro/libogc/lib/wii/libogc.a(exi.o)
                0x800238f4                EXI_Select
 .text.EXI_Imm  0x80023acc      0x1b0 /Programs/devkitpro/libogc/lib/wii/libogc.a(exi.o)
                0x80023acc                EXI_Imm
 .text.EXI_ImmEx
                0x80023c7c       0xd4 /Programs/devkitpro/libogc/lib/wii/libogc.a(exi.o)
                0x80023c7c                EXI_ImmEx
 .text.EXI_Deselect
                0x80023d50      0x14c /Programs/devkitpro/libogc/lib/wii/libogc.a(exi.o)
                0x80023d50                EXI_Deselect
 .text.__exi_attach
                0x80023e9c      0x11c /Programs/devkitpro/libogc/lib/wii/libogc.a(exi.o)
 .text.EXI_Lock
                0x80023fb8      0x210 /Programs/devkitpro/libogc/lib/wii/libogc.a(exi.o)
                0x80023fb8                EXI_Lock
 .text.EXI_Dma  0x800241c8      0x164 /Programs/devkitpro/libogc/lib/wii/libogc.a(exi.o)
                0x800241c8                EXI_Dma
 .text.__ext_irq_handler
                0x8002432c       0xbc /Programs/devkitpro/libogc/lib/wii/libogc.a(exi.o)
 .text.__tc_irq_handler
                0x800243e8      0x11c /Programs/devkitpro/libogc/lib/wii/libogc.a(exi.o)
 .text.EXI_Unlock
                0x80024504      0x26c /Programs/devkitpro/libogc/lib/wii/libogc.a(exi.o)
                0x80024504                EXI_Unlock
 .text.EXI_GetID
                0x80024770      0x248 /Programs/devkitpro/libogc/lib/wii/libogc.a(exi.o)
                0x80024770                EXI_GetID
 .text.EXI_ProbeReset
                0x800249b8       0x7c /Programs/devkitpro/libogc/lib/wii/libogc.a(exi.o)
                0x800249b8                EXI_ProbeReset
 .text.__exi_init
                0x80024a34      0x18c /Programs/devkitpro/libogc/lib/wii/libogc.a(exi.o)
                0x80024a34                __exi_init
 .text.__unlocked_handler
                0x80024bc0       0x28 /Programs/devkitpro/libogc/lib/wii/libogc.a(exi.o)
 .text.LWP_MutexInit
                0x80024be8      0x10c /Programs/devkitpro/libogc/lib/wii/libogc.a(mutex.o)