Archive member included because of file (symbol)

/Programs/devkitpro/libogc/lib/wii/libmii.a(mii.o)
                              main.o (loadMiis_Wii)
/Programs/devkitpro/libogc/lib/wii/libisfs.a(isfs.o)
                              /Programs/devkitpro/libogc/lib/wii/libmii.a(mii.o) (ISFS_Unmount)
/Programs/devkitpro/libogc/lib/wii/libisfs.a(certs.bin.o)
                              /Programs/devkitpro/libogc/lib/wii/libisfs.a(isfs.o) (certs_bin_size)
/Programs/devkitpro/libogc/lib/wii/libisfs.a(su_tik.bin.o)
                              /Programs/devkitpro/libogc/lib/wii/libisfs.a(isfs.o) (su_tik_bin_size)
/Programs/devkitpro/libogc/lib/wii/libisfs.a(su_tmd.bin.o)
                              /Programs/devkitpro/libogc/lib/wii/libisfs.a(isfs.o) (su_tmd_bin_size)
/Programs/devkitpro/libogc/lib/wii/libwiiuse.a(wpad.o)
                              main.o (WPAD_ButtonsDown)
/Programs/devkitpro/libogc/lib/wii/libwiiuse.a(dynamics.o)
                              /Programs/devkitpro/libogc/lib/wii/libwiiuse.a(wpad.o) (calculate_gforce)
/Programs/devkitpro/libogc/lib/wii/libwiiuse.a(io_wii.o)
                              /Programs/devkitpro/libogc/lib/wii/libwiiuse.a(wpad.o) (wiiuse_disconnect)
/Programs/devkitpro/libogc/lib/wii/libwiiuse.a(ir.o)
                              /Programs/devkitpro/libogc/lib/wii/libwiiuse.a(wpad.o) (wiiuse_set_ir_vres)
/Programs/devkitpro/libogc/lib/wii/libwiiuse.a(wiiuse.o)
                              /Programs/devkitpro/libogc/lib/wii/libwiiuse.a(wpad.o) (wiiuse_set_flags)
/Programs/devkitpro/libogc/lib/wii/libwiiuse.a(events.o)
                              /Programs/devkitpro/libogc/lib/wii/libwiiuse.a(io_wii.o) (parse_event)
/Programs/devkitpro/libogc/lib/wii/libwiiuse.a(guitar_hero_3.o)
                              /Programs/devkitpro/libogc/lib/wii/libwiiuse.a(events.o) (guitar_hero_3_event)
/Programs/devkitpro/libogc/lib/wii/libwiiuse.a(io.o)
                              /Programs/devkitpro/libogc/lib/wii/libwiiuse.a(events.o) (wiiuse_disable_expansion)
/Programs/devkitpro/libogc/lib/wii/libwiiuse.a(nunchuk.o)
                              /Programs/devkitpro/libogc/lib/wii/libwiiuse.a(events.o) (nunchuk_event)
/Programs/devkitpro/libogc/lib/wii/libwiiuse.a(wiiboard.o)
                              /Programs/devkitpro/libogc/lib/wii/libwiiuse.a(events.o) (wii_board_event)
/Programs/devkitpro/libogc/lib/wii/libwiiuse.a(classic.o)
                              /Programs/devkitpro/libogc/lib/wii/libwiiuse.a(events.o) (classic_ctrl_event)
/Programs/devkitpro/libogc/lib/wii/libbte.a(bte.o)
                              /Programs/devkitpro/libogc/lib/wii/libwiiuse.a(io_wii.o) (bte_arg)
/Programs/devkitpro/libogc/lib/wii/libbte.a(hci.o)
                              /Programs/devkitpro/libogc/lib/wii/libbte.a(bte.o) (hci_arg)
/Programs/devkitpro/libogc/lib/wii/libbte.a(l2cap.o)
                              /Programs/devkitpro/libogc/lib/wii/libbte.a(hci.o) (lp_connect_ind)
/Programs/devkitpro/libogc/lib/wii/libbte.a(btmemb.o)
                              /Programs/devkitpro/libogc/lib/wii/libbte.a(bte.o) (btmemb_alloc)
/Programs/devkitpro/libogc/lib/wii/libbte.a(btmemr.o)
                              /Programs/devkitpro/libogc/lib/wii/libbte.a(hci.o) (btmemr_init)
/Programs/devkitpro/libogc/lib/wii/libbte.a(btpbuf.o)
                              /Programs/devkitpro/libogc/lib/wii/libbte.a(hci.o) (btpbuf_header)
/Programs/devkitpro/libogc/lib/wii/libbte.a(physbusif.o)
                              /Programs/devkitpro/libogc/lib/wii/libbte.a(bte.o) (physbusif_close)
/Programs/devkitpro/libogc/lib/wii/libogc.a(console.o)
                              main.o (CON_Init)
/Programs/devkitpro/libogc/lib/wii/libogc.a(lwp_queue.o)
                              /Programs/devkitpro/libogc/lib/wii/libwiiuse.a(io_wii.o) (__lwp_queue_initialize)
/Programs/devkitpro/libogc/lib/wii/libogc.a(lwp_threads.o)
                              /Programs/devkitpro/libogc/lib/wii/libwiiuse.a(wpad.o) (_thread_dispatch_disable_level)
/Programs/devkitpro/libogc/lib/wii/libogc.a(lwp.o)
                              /Programs/devkitpro/libogc/lib/wii/libbte.a(bte.o) (LWP_ThreadSignal)
/Programs/devkitpro/libogc/lib/wii/libogc.a(lwp_handler.o)
                              /Programs/devkitpro/libogc/lib/wii/libogc.a(lwp_threads.o) (_cpu_context_save_fp)
/Programs/devkitpro/libogc/lib/wii/libogc.a(lwp_stack.o)
                              /Programs/devkitpro/libogc/lib/wii/libogc.a(lwp_threads.o) (__lwp_stack_free)
/Programs/devkitpro/libogc/lib/wii/libogc.a(lwp_watchdog.o)
                              /Programs/devkitpro/libogc/lib/wii/libogc.a(lwp_threads.o) (_wd_ticks_queue)
/Programs/devkitpro/libogc/lib/wii/libogc.a(lwp_wkspace.o)
                              /Programs/devkitpro/libogc/lib/wii/libwiiuse.a(io_wii.o) (__wkspace_heap)
/Programs/devkitpro/libogc/lib/wii/libogc.a(lwp_objmgr.o)
[...]
Memory Configuration

Name             Origin             Length             Attributes
*default*        0x00000000         0xffffffff

Linker script and memory map

                0x00003400                . = 0x3400

.stub
 *(.stub)
                0x80004000                . = 0x80004000

.init           0x80004000      0x208
 *crt0.o(*.init)
 .init          0x80004000      0x1e4 /Programs/devkitpro/libogc/lib/wii/libogc.a(ogc_crt0.o)
                0x8000419c                _memset
                0x80004000                _start
                0x800041cc                video_line
 *(.init)
 .init          0x800041e4        0xc /Programs/devkitpro/devkitPPC/bin/../lib/gcc/powerpc-gekko/4.2.4/ecrti.o
                0x800041e4                __init
 .init          0x800041f0        0x4 /Programs/devkitpro/devkitPPC/bin/../lib/gcc/powerpc-gekko/4.2.4/crtbegin.o
 .init          0x800041f4        0x4 /Programs/devkitpro/devkitPPC/bin/../lib/gcc/powerpc-gekko/4.2.4/crtend.o
 .init          0x800041f8       0x10 /Programs/devkitpro/devkitPPC/bin/../lib/gcc/powerpc-gekko/4.2.4/ecrtn.o

.plt
 *(.plt)

.interp
 *(.interp)

.hash
 *(.hash)

.dynsym
 *(.dynsym)

.dynstr
 *(.dynstr)

.gnu.version
 *(.gnu.version)

.gnu.version_d
 *(.gnu.version_d)

.gnu.version_r
 *(.gnu.version_r)

.rel.init
 *(.rel.init)

.rela.init      0x80004208        0x0
 *(.rela.init)
 .rela.init     0x00000000        0x0 /Programs/devkitpro/devkitPPC/bin/../lib/gcc/powerpc-gekko/4.2.4/crtbegin.o

.rel.text
 *(.rel.text .rel.text.* .rel.gnu.linkonce.t.*)

.rela.text      0x80004208        0x0
 *(.rela.text .rela.text.* .rela.gnu.linkonce.t.*)
 .rela.text     0x00000000        0x0 /Programs/devkitpro/devkitPPC/bin/../lib/gcc/powerpc-gekko/4.2.4/crtbegin.o
 .rela.text.wiiuse_init_cmd_queue
                0x00000000        0x0 /Programs/devkitpro/devkitPPC/bin/../lib/gcc/powerpc-gekko/4.2.4/crtbegin.o
 .rela.text.wiiuse_init
                0x00000000        0x0 /Programs/devkitpro/devkitPPC/bin/../lib/gcc/powerpc-gekko/4.2.4/crtbegin.o
 .rela.text.guitar_hero_3_handshake
                0x00000000        0x0 /Programs/devkitpro/devkitPPC/bin/../lib/gcc/powerpc-gekko/4.2.4/crtbegin.o
 .rela.text.wiiuse_handshake_expansion
                0x00000000        0x0 /Programs/devkitpro/devkitPPC/bin/../lib/gcc/powerpc-gekko/4.2.4/crtbegin.o
 .rela.text.wiiuse_handshake
                0x00000000        0x0 /Programs/devkitpro/devkitPPC/bin/../lib/gcc/powerpc-gekko/4.2.4/crtbegin.o
 .rela.text.bt_alarmhandler
                0x00000000        0x0 /Programs/devkitpro/devkitPPC/bin/../lib/gcc/powerpc-gekko/4.2.4/crtbegin.o
 .rela.text.CON_EnableGecko
                0x00000000        0x0 /Programs/devkitpro/devkitPPC/bin/../lib/gcc/powerpc-gekko/4.2.4/crtbegin.o
 .rela.text.__console_init
                0x00000000        0x0 /Programs/devkitpro/devkitPPC/bin/../lib/gcc/powerpc-gekko/4.2.4/crtbegin.o
 .rela.text.__console_init_ex
                0x00000000        0x0 /Programs/devkitpro/devkitPPC/bin/../lib/gcc/powerpc-gekko/4.2.4/crtbegin.o
 .rela.text.__lwp_rotate_readyqueue
                0x00000000        0x0 /Programs/devkitpro/devkitPPC/bin/../lib/gcc/powerpc-gekko/4.2.4/crtbegin.o
 .rela.text.__lwp_thread_setstate
                0x00000000        0x0 /Programs/devkitpro/devkitPPC/bin/../lib/gcc/powerpc-gekko/4.2.4/crtbegin.o
 .rela.text.__lwp_thread_setpriority
                0x00000000        0x0 /Programs/devkitpro/devkitPPC/bin/../lib/gcc/powerpc-gekko/4.2.4/crtbegin.o
 .rela.text.__lwp_thread_ready
                0x00000000        0x0 /Programs/devkitpro/devkitPPC/bin/../lib/gcc/powerpc-gekko/4.2.4/crtbegin.o
 .rela.text.__lwp_thread_close
                0x00000000        0x0 /Programs/devkitpro/devkitPPC/bin/../lib/gcc/powerpc-gekko/4.2.4/crtbegin.o
 .rela.text.__lwp_thread_closeall
                0x00000000        0x0 /Programs/devkitpro/devkitPPC/bin/../lib/gcc/powerpc-gekko/4.2.4/crtbegin.o
 .rela.text.__lwp_thread_stopmultitasking
                0x00000000        0x0 /Programs/devkitpro/devkitPPC/bin/../lib/gcc/powerpc-gekko/4.2.4/crtbegin.o
 .rela.text.__lwp_thread_changepriority
                0x00000000        0x0 /Programs/devkitpro/devkitPPC/bin/../lib/gcc/powerpc-gekko/4.2.4/crtbegin.o
 .rela.text.__lwp_thread_coreinit
                0x00000000        0x0 /Programs/devkitpro/devkitPPC/bin/../lib/gcc/powerpc-gekko/4.2.4/crtbegin.o
 .rela.text.__lwp_thread_suspend
                0x00000000        0x0 /Programs/devkitpro/devkitPPC/bin/../lib/gcc/powerpc-gekko/4.2.4/crtbegin.o
 .rela.text.__lwp_thread_startmultitasking
                0x00000000        0x0 /Programs/devkitpro/devkitPPC/bin/../lib/gcc/powerpc-gekko/4.2.4/crtbegin.o
 .rela.text.__lwp_thread_tickle_timeslice
                0x00000000        0x0 /Programs/devkitpro/devkitPPC/bin/../lib/gcc/powerpc-gekko/4.2.4/crtbegin.o
 .rela.text.__lwp_thread_context
                0x00000000        0x0 /Programs/devkitpro/devkitPPC/bin/../lib/gcc/powerpc-gekko/4.2.4/crtbegin.o
 .rela.text.__lwp_thread_exists
                0x00000000        0x0 /Programs/devkitpro/devkitPPC/bin/../lib/gcc/powerpc-gekko/4.2.4/crtbegin.o
 .rela.text.__lwp_thread_isalive
                0x00000000        0x0 /Programs/devkitpro/devkitPPC/bin/../lib/gcc/powerpc-gekko/4.2.4/crtbegin.o
 .rela.text.__lwp_sysinit
                0x00000000        0x0 /Programs/devkitpro/devkitPPC/bin/../lib/gcc/powerpc-gekko/4.2.4/crtbegin.o
 .rela.text.LWP_ThreadSignal
                0x00000000        0x0 /Programs/devkitpro/devkitPPC/bin/../lib/gcc/powerpc-gekko/4.2.4/crtbegin.o
 .rela.text.LWP_ThreadBroadcast
                0x00000000        0x0 /Programs/devkitpro/devkitPPC/bin/../lib/gcc/powerpc-gekko/4.2.4/crtbegin.o
 .rela.text.LWP_ThreadSleep
                0x00000000        0x0 /Programs/devkitpro/devkitPPC/bin/../lib/gcc/powerpc-gekko/4.2.4/crtbegin.o
 .rela.text.LWP_CloseQueue
                0x00000000        0x0 /Programs/devkitpro/devkitPPC/bin/../lib/gcc/powerpc-gekko/4.2.4/crtbegin.o
 .rela.text.LWP_InitQueue
                0x00000000        0x0 /Programs/devkitpro/devkitPPC/bin/../lib/gcc/powerpc-gekko/4.2.4/crtbegin.o
 .rela.text.LWP_JoinThread
                0x00000000        0x0 /Programs/devkitpro/devkitPPC/bin/../lib/gcc/powerpc-gekko/4.2.4/crtbegin.o
 .rela.text.LWP_ThreadIsSuspended
                0x00000000        0x0 /Programs/devkitpro/devkitPPC/bin/../lib/gcc/powerpc-gekko/4.2.4/crtbegin.o
 .rela.text.LWP_SetThreadPriority
                0x00000000        0x0 /Programs/devkitpro/devkitPPC/bin/../lib/gcc/powerpc-gekko/4.2.4/crtbegin.o
 .rela.text.LWP_ResumeThread
                0x00000000        0x0 /Programs/devkitpro/devkitPPC/bin/../lib/gcc/powerpc-gekko/4.2.4/crtbegin.o
 .rela.text.LWP_SuspendThread
                0x00000000        0x0 /Programs/devkitpro/devkitPPC/bin/../lib/gcc/powerpc-gekko/4.2.4/crtbegin.o
 .rela.text.LWP_CreateThread
                0x00000000        0x0 /Programs/devkitpro/devkitPPC/bin/../lib/gcc/powerpc-gekko/4.2.4/crtbegin.o
 .rela.text.__lwp_stack_free
                0x00000000        0x0 /Programs/devkitpro/devkitPPC/bin/../lib/gcc/powerpc-gekko/4.2.4/crtbegin.o
 .rela.text.__lwp_stack_allocate
                0x00000000        0x0 /Programs/devkitpro/devkitPPC/bin/../lib/gcc/powerpc-gekko/4.2.4/crtbegin.o
 .rela.text.__lwp_watchdog_init
                0x00000000        0x0 /Programs/devkitpro/devkitPPC/bin/../lib/gcc/powerpc-gekko/4.2.4/crtbegin.o
 .rela.text.__lwp_wd_tickle
                0x00000000        0x0 /Programs/devkitpro/devkitPPC/bin/../lib/gcc/powerpc-gekko/4.2.4/crtbegin.o
 .rela.text.__lwp_wkspace_init
                0x00000000        0x0 /Programs/devkitpro/devkitPPC/bin/../lib/gcc/powerpc-gekko/4.2.4/crtbegin.o
 .rela.text.__lwp_wkspace_heapused
                0x00000000        0x0 /Programs/devkitpro/devkitPPC/bin/../lib/gcc/powerpc-gekko/4.2.4/crtbegin.o
 .rela.text.__lwp_wkspace_heapfree
                0x00000000        0x0 /Programs/devkitpro/devkitPPC/bin/../lib/gcc/powerpc-gekko/4.2.4/crtbegin.o
 .rela.text.__lwp_objmgr_initinfo
                0x00000000        0x0 /Programs/devkitpro/devkitPPC/bin/../lib/gcc/powerpc-gekko/4.2.4/crtbegin.o
 .rela.text.__irq_init
                0x00000000        0x0 /Programs/devkitpro/devkitPPC/bin/../lib/gcc/powerpc-gekko/4.2.4/crtbegin.o
 .rela.text.__sram_sync
                0x00000000        0x0 /Programs/devkitpro/devkitPPC/bin/../lib/gcc/powerpc-gekko/4.2.4/crtbegin.o
 .rela.text.__locksram
                0x00000000        0x0 /Programs/devkitpro/devkitPPC/bin/../lib/gcc/powerpc-gekko/4.2.4/crtbegin.o
 .rela.text.__sram_init
                0x00000000        0x0 /Programs/devkitpro/devkitPPC/bin/../lib/gcc/powerpc-gekko/4.2.4/crtbegin.o
 .rela.text.SYS_Init
                0x00000000        0x0 /Programs/devkitpro/devkitPPC/bin/../lib/gcc/powerpc-gekko/4.2.4/crtbegin.o
 .rela.text.__unlocksram
                0x00000000        0x0 /Programs/devkitpro/devkitPPC/bin/../lib/gcc/powerpc-gekko/4.2.4/crtbegin.o
 .rela.text.__sram_writecallback
                0x00000000        0x0 /Programs/devkitpro/devkitPPC/bin/../lib/gcc/powerpc-gekko/4.2.4/crtbegin.o
 .rela.text.SYS_CancelAlarm
                0x00000000        0x0 /Programs/devkitpro/devkitPPC/bin/../lib/gcc/powerpc-gekko/4.2.4/crtbegin.o
 .rela.text.SYS_RemoveAlarm
                0x00000000        0x0 /Programs/devkitpro/devkitPPC/bin/../lib/gcc/powerpc-gekko/4.2.4/crtbegin.o
 .rela.text.SYS_SetAlarm
                0x00000000        0x0 /Programs/devkitpro/devkitPPC/bin/../lib/gcc/powerpc-gekko/4.2.4/crtbegin.o
 .rela.text.__sys_alarmhandler
                0x00000000        0x0 /Programs/devkitpro/devkitPPC/bin/../lib/gcc/powerpc-gekko/4.2.4/crtbegin.o
 .rela.text.SYS_SetPeriodicAlarm
                0x00000000        0x0 /Programs/devkitpro/devkitPPC/bin/../lib/gcc/powerpc-gekko/4.2.4/crtbegin.o
 .rela.text.__lwp_cond_init
                0x00000000        0x0 /Programs/devkitpro/devkitPPC/bin/../lib/gcc/powerpc-gekko/4.2.4/crtbegin.o
 .rela.text.LWP_CondDestroy
                0x00000000        0x0 /Programs/devkitpro/devkitPPC/bin/../lib/gcc/powerpc-gekko/4.2.4/crtbegin.o
 .rela.text.LWP_CondInit
                0x00000000        0x0 /Programs/devkitpro/devkitPPC/bin/../lib/gcc/powerpc-gekko/4.2.4/crtbegin.o
 .rela.text.__lwp_cond_signalsupp
                0x00000000        0x0 /Programs/devkitpro/devkitPPC/bin/../lib/gcc/powerpc-gekko/4.2.4/crtbegin.o
 .rela.text.__lwp_cond_waitsupp
                0x00000000        0x0 /Programs/devkitpro/devkitPPC/bin/../lib/gcc/powerpc-gekko/4.2.4/crtbegin.o
 .rela.text.c_decrementer_handler
                0x00000000        0x0 /Programs/devkitpro/devkitPPC/bin/../lib/gcc/powerpc-gekko/4.2.4/crtbegin.o
 .rela.text.__lwp_mqbox_init
                0x00000000        0x0 /Programs/devkitpro/devkitPPC/bin/../lib/gcc/powerpc-gekko/4.2.4/crtbegin.o
 .rela.text.MQ_Close
                0x00000000        0x0 /Programs/devkitpro/devkitPPC/bin/../lib/gcc/powerpc-gekko/4.2.4/crtbegin.o
 .rela.text.MQ_Init
                0x00000000        0x0 /Programs/devkitpro/devkitPPC/bin/../lib/gcc/powerpc-gekko/4.2.4/crtbegin.o
 .rela.text.MQ_Jam
                0x00000000        0x0 /Programs/devkitpro/devkitPPC/bin/../lib/gcc/powerpc-gekko/4.2.4/crtbegin.o
 .rela.text.MQ_Receive
                0x00000000        0x0 /Programs/devkitpro/devkitPPC/bin/../lib/gcc/powerpc-gekko/4.2.4/crtbegin.o
 .rela.text.MQ_Send
                0x00000000        0x0 /Programs/devkitpro/devkitPPC/bin/../lib/gcc/powerpc-gekko/4.2.4/crtbegin.o
 .rela.text.__ios_ioctlvformat_parse
                0x00000000        0x0 /Programs/devkitpro/devkitPPC/bin/../lib/gcc/powerpc-gekko/4.2.4/crtbegin.o
 .rela.text.__ioctlvfmtCB
                0x00000000        0x0 /Programs/devkitpro/devkitPPC/bin/../lib/gcc/powerpc-gekko/4.2.4/crtbegin.o
 .rela.text.IOS_IoctlvFormatAsync
                0x00000000        0x0 /Programs/devkitpro/devkitPPC/bin/../lib/gcc/powerpc-gekko/4.2.4/crtbegin.o
 .rela.text.IOS_IoctlvFormat
                0x00000000        0x0 /Programs/devkitpro/devkitPPC/bin/../lib/gcc/powerpc-gekko/4.2.4/crtbegin.o
 .rela.text.nanosleep
                0x00000000        0x0 /Programs/devkitpro/devkitPPC/bin/../lib/gcc/powerpc-gekko/4.2.4/crtbegin.o
 .rela.text.__libc_init
                0x00000000        0x0 /Programs/devkitpro/devkitPPC/bin/../lib/gcc/powerpc-gekko/4.2.4/crtbegin.o
 .rela.text.__libc_wrapup
                0x00000000        0x0 /Programs/devkitpro/devkitPPC/bin/../lib/gcc/powerpc-gekko/4.2.4/crtbegin.o
 .rela.text.__libc_delete_hook
                0x00000000        0x0 /Programs/devkitpro/devkitPPC/bin/../lib/gcc/powerpc-gekko/4.2.4/crtbegin.o
 .rela.text.__CheckARGV
                0x00000000        0x0 /Programs/devkitpro/devkitPPC/bin/../lib/gcc/powerpc-gekko/4.2.4/crtbegin.o
 .rela.text.__lwp_priority_init
                0x00000000        0x0 /Programs/devkitpro/devkitPPC/bin/../lib/gcc/powerpc-gekko/4.2.4/crtbegin.o
 .rela.text.__lwp_threadqueue_extractpriority
                0x00000000        0x0 /Programs/devkitpro/devkitPPC/bin/../lib/gcc/powerpc-gekko/4.2.4/crtbegin.o
 .rela.text.__lwp_threadqueue_extractfifo
                0x00000000        0x0 /Programs/devkitpro/devkitPPC/bin/../lib/gcc/powerpc-gekko/4.2.4/crtbegin.o
 .rela.text.__lwp_threadqueue_dequeuepriority
                0x00000000        0x0 /Programs/devkitpro/devkitPPC/bin/../lib/gcc/powerpc-gekko/4.2.4/crtbegin.o
 .rela.text.__lwp_threadqueue_enqueuepriority
                0x00000000        0x0 /Programs/devkitpro/devkitPPC/bin/../lib/gcc/powerpc-gekko/4.2.4/crtbegin.o
 .rela.text.__lwp_threadqueue_dequeuefifo
                0x00000000        0x0 /Programs/devkitpro/devkitPPC/bin/../lib/gcc/powerpc-gekko/4.2.4/crtbegin.o
 .rela.text.__lwp_threadqueue_enqueuefifo
                0x00000000        0x0 /Programs/devkitpro/devkitPPC/bin/../lib/gcc/powerpc-gekko/4.2.4/crtbegin.o
 .rela.text.__lwp_threadqueue_enqueue
                0x00000000        0x0 /Programs/devkitpro/devkitPPC/bin/../lib/gcc/powerpc-gekko/4.2.4/crtbegin.o
 .rela.text.__lwpmq_close
                0x00000000        0x0 /Programs/devkitpro/devkitPPC/bin/../lib/gcc/powerpc-gekko/4.2.4/crtbegin.o
 .rela.text.__lwpmq_initialize
                0x00000000        0x0 /Programs/devkitpro/devkitPPC/bin/../lib/gcc/powerpc-gekko/4.2.4/crtbegin.o
 .rela.text.__exception_sethandler
                0x00000000        0x0 /Programs/devkitpro/devkitPPC/bin/../lib/gcc/powerpc-gekko/4.2.4/crtbegin.o
 .rela.text.__exception_init
                0x00000000        0x0 /Programs/devkitpro/devkitPPC/bin/../lib/gcc/powerpc-gekko/4.2.4/crtbegin.o
 .rela.text.__systemcall_init
                0x00000000        0x0 /Programs/devkitpro/devkitPPC/bin/../lib/gcc/powerpc-gekko/4.2.4/crtbegin.o
 .rela.text.__lwp_sema_init
                0x00000000        0x0 /Programs/devkitpro/devkitPPC/bin/../lib/gcc/powerpc-gekko/4.2.4/crtbegin.o
 .rela.text.LWP_SemInit
                0x00000000        0x0 /Programs/devkitpro/devkitPPC/bin/../lib/gcc/powerpc-gekko/4.2.4/crtbegin.o
 .rela.text.LWP_SemDestroy
                0x00000000        0x0 /Programs/devkitpro/devkitPPC/bin/../lib/gcc/powerpc-gekko/4.2.4/crtbegin.o
 .rela.text.LWP_SemPost
                0x00000000        0x0 /Programs/devkitpro/devkitPPC/bin/../lib/gcc/powerpc-gekko/4.2.4/crtbegin.o
 .rela.text.LWP_SemWait
                0x00000000        0x0 /Programs/devkitpro/devkitPPC/bin/../lib/gcc/powerpc-gekko/4.2.4/crtbegin.o
 .rela.text.LWP_MutexInit
                0x00000000        0x0 /Programs/devkitpro/devkitPPC/bin/../lib/gcc/powerpc-gekko/4.2.4/crtbegin.o
 .rela.text.__lwp_mutex_init
                0x00000000        0x0 /Programs/devkitpro/devkitPPC/bin/../lib/gcc/powerpc-gekko/4.2.4/crtbegin.o
 .rela.text.LWP_MutexDestroy
                0x00000000        0x0 /Programs/devkitpro/devkitPPC/bin/../lib/gcc/powerpc-gekko/4.2.4/crtbegin.o
 .rela.text.__lwp_mutex_locksupp
                0x00000000        0x0 /Programs/devkitpro/devkitPPC/bin/../lib/gcc/powerpc-gekko/4.2.4/crtbegin.o
 .rela.text.LWP_MutexUnlock
                0x00000000        0x0 /Programs/devkitpro/devkitPPC/bin/../lib/gcc/powerpc-gekko/4.2.4/crtbegin.o
 .rela.text.kprintf
                0x00000000        0x0 /Programs/devkitpro/devkitPPC/bin/../lib/gcc/powerpc-gekko/4.2.4/crtbegin.o

.rel.fini
 *(.rel.fini)

.rela.fini
 *(.rela.fini)

.rel.rodata
 *(.rel.rodata .rel.rodata.* .rel.gnu.linkonce.r.*)

.rela.rodata
 *(.rela.rodata .rela.rodata.* .rela.gnu.linkonce.r.*)

.rel.data
 *(.rel.data .rel.data.* .rel.gnu.linkonce.d.*)

.rela.data
 *(.rela.data .rela.data.* .rela.gnu.linkonce.d.*)

.rel.tdata
 *(.rel.tdata .rel.tdata.* .rel.gnu.linkonce.td.*)

.rela.tdata
 *(.rela.tdata .rela.tdata.* .rela.gnu.linkonce.td.*)

.rel.tbss
 *(.rel.tbss .rel.tbss.* .rel.gnu.linkonce.tb.*)

.rela.tbss
 *(.rela.tbss .rela.tbss.* .rela.gnu.linkonce.tb.*)

.rel.ctors
 *(.rel.ctors)

.rela.ctors
 *(.rela.ctors)

.rel.dtors
 *(.rel.dtors)

.rela.dtors
 *(.rela.dtors)

.rel.got
 *(.rel.got)

.rela.got
 *(.rela.got)

.rela.got1
 *(.rela.got1)

.rela.got2      0x80004208        0x0
 *(.rela.got2)
 .rela.got2     0x00000000        0x0 /Programs/devkitpro/devkitPPC/bin/../lib/gcc/powerpc-gekko/4.2.4/crtbegin.o

.rel.sdata
 *(.rel.sdata .rel.sdata.* .rel.gnu.linkonce.s.*)

.rela.sdata
 *(.rela.sdata .rela.sdata.* .rela.gnu.linkonce.s.*)

.rel.sbss
 *(.rel.sbss .rel.sbss.* .rel.gnu.linkonce.sb.*)

.rela.sbss
 *(.rela.sbss .rela.sbss.* .rel.gnu.linkonce.sb.*)

.rel.sdata2
 *(.rel.sdata2 .rel.sdata2.* .rel.gnu.linkonce.s2.*)

.rela.sdata2    0x80004208        0x0
 *(.rela.sdata2 .rela.sdata2.* .rela.gnu.linkonce.s2.*)
 .rela.sdata2.__sys_inIPL
                0x00000000        0x0 /Programs/devkitpro/devkitPPC/bin/../lib/gcc/powerpc-gekko/4.2.4/crtbegin.o

.rel.sbss2
 *(.rel.sbss2 .rel.sbss2.* .rel.gnu.linkonce.sb2.*)

.rela.sbss2
 *(.rela.sbss2 .rela.sbss2.* .rela.gnu.linkonce.sb2.*)

.rel.bss
 *(.rel.bss .rel.bss.* .rel.gnu.linkonce.b.*)

.rela.bss
 *(.rela.bss .rela.bss.* .rela.gnu.linkonce.b.*)

.rel.plt
 *(.rel.plt)

.rela.plt
 *(.rela.plt)

.text           0x80004220    0x33040
 *(.text)
 .text          0x80004220      0x140 /Programs/devkitpro/devkitPPC/bin/../lib/gcc/powerpc-gekko/4.2.4/crtbegin.o
 .text          0x80004360       0x48 /Programs/devkitpro/devkitPPC/bin/../lib/gcc/powerpc-gekko/4.2.4/../../../../powerpc-gekko/lib/crtmain.o
                0x80004364                __crtmain
 .text          0x800043a8      0xe44 /Programs/devkitpro/libogc/lib/wii/libisfs.a(isfs.o)
                0x80004628                ISFS_Unmount
                0x80004530                ISFS_SU
                0x800050fc                ISFS_Mount
 *fill*         0x800051ec       0x14 00000000
 .text          0x80005200      0x4ec /Programs/devkitpro/libogc/lib/wii/libogc.a(lwp_handler.o)
                0x80005340                _cpu_context_restore_fp
                0x80005600                _cpu_context_save
                0x80005200                _cpu_context_save_fp
                0x80005480                _cpu_context_switch
                0x80005680                _cpu_context_restore
 .text          0x800056ec      0x5c4 /Programs/devkitpro/libogc/lib/wii/libogc.a(system_asm.o)
                0x80005784                __configMEM1_48Mb
                0x80005c10                __reset
                0x800056ec                __realmode
                0x80005af4                __CacheInit
                0x800058e4                __configMEM2_64Mb
                0x80005b58                __SystemInit
                0x80005a40                __configMEM2_128Mb
                0x80005704                __configMEM1_24Mb
                0x80005abc                __PSInit
                0x80005804                __configMEM2_56Mb
                0x80005960                __configMEM2_112Mb
                0x80005bdc                __flush_cache
                0x80005c80                SYS_SwitchFiber
 .text          0x80005cb0      0x1b0 /Programs/devkitpro/libogc/lib/wii/libogc.a(irq_handler.o)
                0x80005cb0                irq_exceptionhandler
 .text          0x80005e60      0x4d8 /Programs/devkitpro/libogc/lib/wii/libogc.a(cache_asm.o)
                0x8000613c                L2Disable
                0x80005ec4                DCBlockZero
                0x80005f7c                DCFlushRangeNoSync
                0x800060d0                ICBlockInvalidate
                0x80005e60                DCFlashInvalidate
                0x80005ecc                DCBlockStore
                0x80005fdc                DCZeroRange
                0x800062f0                LCLoadBlocks
                0x80005ebc                DCTouchLoad
                0x800062b0                LCAllocTags
                0x80006098                ICDisable
                0x80006084                ICEnable
                0x80006154                L2GlobalInvalidate
                0x80006314                LCStoreBlocks
                0x80006074                ICFlashInvalidate
                0x8000600c                DCTouchRange
                0x80005fac                DCStoreRangeNoSync
                0x800060ac                ICFreeze
                0x80005e84                DCDisable
                0x80005ed4                DCBlockFlush
                0x80005e70                DCEnable
                0x80006128                L2Enable
                0x800061ac                __LCEnable
                0x80005ee4                DCInvalidateRange
                0x8000629c                LCAllocOneTag
                0x80005eac                DCUnfreeze
                0x8000603c                ICInvalidateRange
                0x80005f14                DCFlushRange
                0x800060d8                ICSync
                0x80005edc                DCBlockInvalidate
                0x80005e98                DCFreeze
                0x800060e0                L2Init
                0x800060c0                ICUnfreeze
                0x80005f48                DCStoreRange
                0x80006274                LCDisable
 .text          0x80006338      0x1b0 /Programs/devkitpro/libogc/lib/wii/libogc.a(decrementer_handler.o)
                0x80006338                dec_exceptionhandler
 .text          0x800064e8      0x34c /Programs/devkitpro/libogc/lib/wii/libogc.a(exception_handler.o)
                0x800064e8                exceptionhandler_start
                0x8000659c                default_exceptionhandler
                0x80006830                systemcallhandler_end
                0x80006814                systemcallhandler_start
                0x80006598                exceptionhandler_end
                0x80006564                exceptionhandler_patch
                0x800066dc                fpu_exceptionhandler
 .text          0x80006834       0x34 /Programs/devkitpro/devkitPPC/bin/../lib/gcc/powerpc-gekko/4.2.4/../../../../powerpc-gekko/lib/libm.a(lib_a-s_atan2.o)
                0x80006834                atan2
 .text          0x80006868      0x284 /Programs/devkitpro/devkitPPC/bin/../lib/gcc/powerpc-gekko/4.2.4/../../../../powerpc-gekko/lib/libm.a(lib_a-s_atangent.o)
                0x80006868                atangent
 .text          0x80006aec       0x24 /Programs/devkitpro/devkitPPC/bin/../lib/gcc/powerpc-gekko/4.2.4/../../../../powerpc-gekko/lib/libm.a(lib_a-s_cos.o)
                0x80006aec                cos
 .text          0x80006b10       0xb4 /Programs/devkitpro/devkitPPC/bin/../lib/gcc/powerpc-gekko/4.2.4/../../../../powerpc-gekko/lib/libm.a(lib_a-s_fabs.o)
                0x80006b10                fabs
 .text          0x80006bc4       0xb4 /Programs/devkitpro/devkitPPC/bin/../lib/gcc/powerpc-gekko/4.2.4/../../../../powerpc-gekko/lib/libm.a(lib_a-s_frexp.o)
                0x80006bc4                frexp
 .text          0x80006c78       0x50 /Programs/devkitpro/devkitPPC/bin/../lib/gcc/powerpc-gekko/4.2.4/../../../../powerpc-gekko/lib/libm.a(lib_a-s_numtest.o)
                0x80006c78                numtest
 .text          0x80006cc8       0x24 /Programs/devkitpro/devkitPPC/bin/../lib/gcc/powerpc-gekko/4.2.4/../../../../powerpc-gekko/lib/libm.a(lib_a-s_sin.o)
                0x80006cc8                sin
 .text          0x80006cec      0x2c4 /Programs/devkitpro/devkitPPC/bin/../lib/gcc/powerpc-gekko/4.2.4/../../../../powerpc-gekko/lib/libm.a(lib_a-s_sine.o)
                0x80006cec                sine
 .text          0x80006fb0      0x184 /Programs/devkitpro/devkitPPC/bin/../lib/gcc/powerpc-gekko/4.2.4/../../../../powerpc-gekko/lib/libm.a(lib_a-s_sqrt.o)
                0x80006fb0                sqrt
 .text          0x80007134       0xc8 /Programs/devkitpro/devkitPPC/bin/../lib/gcc/powerpc-gekko/4.2.4/../../../../powerpc-gekko/lib/libm.a(lib_a-sf_atan.o)
                0x80007134                atanf
 .text          0x800071fc       0x38 /Programs/devkitpro/devkitPPC/bin/../lib/gcc/powerpc-gekko/4.2.4/../../../../powerpc-gekko/lib/libm.a(lib_a-sf_atan2.o)
                0x800071fc                atan2f
 .text          0x80007234      0x250 /Programs/devkitpro/devkitPPC/bin/../lib/gcc/powerpc-gekko/4.2.4/../../../../powerpc-gekko/lib/libm.a(lib_a-sf_atangent.o)
                0x80007234                atangentf
 .text          0x80007484       0x24 /Programs/devkitpro/devkitPPC/bin/../lib/gcc/powerpc-gekko/4.2.4/../../../../powerpc-gekko/lib/libm.a(lib_a-sf_cos.o)
                0x80007484                cosf
 .text          0x800074a8       0xb4 /Programs/devkitpro/devkitPPC/bin/../lib/gcc/powerpc-gekko/4.2.4/../../../../powerpc-gekko/lib/libm.a(lib_a-sf_fabs.o)
                0x800074a8                fabsf
 .text          0x8000755c       0xa8 /Programs/devkitpro/devkitPPC/bin/../lib/gcc/powerpc-gekko/4.2.4/../../../../powerpc-gekko/lib/libm.a(lib_a-sf_fpclassify.o)
                0x8000755c                __fpclassifyf
 .text          0x80007604       0x90 /Programs/devkitpro/devkitPPC/bin/../lib/gcc/powerpc-gekko/4.2.4/../../../../powerpc-gekko/lib/libm.a(lib_a-sf_frexp.o)
                0x80007604                frexpf
 .text          0x80007694       0x24 /Programs/devkitpro/devkitPPC/bin/../lib/gcc/powerpc-gekko/4.2.4/../../../../powerpc-gekko/lib/libm.a(lib_a-sf_isinff.o)
                0x80007694                __isinff
 .text          0x800076b8       0x28 /Programs/devkitpro/devkitPPC/bin/../lib/gcc/powerpc-gekko/4.2.4/../../../../powerpc-gekko/lib/libm.a(lib_a-sf_isnanf.o)
                0x800076b8                __isnanf
 .text          0x800076e0       0x48 /Programs/devkitpro/devkitPPC/bin/../lib/gcc/powerpc-gekko/4.2.4/../../../../powerpc-gekko/lib/libm.a(lib_a-sf_numtest.o)
                0x800076e0                numtestf
 .text          0x80007728       0x24 /Programs/devkitpro/devkitPPC/bin/../lib/gcc/powerpc-gekko/4.2.4/../../../../powerpc-gekko/lib/libm.a(lib_a-sf_sin.o)
                0x80007728                sinf
 .text          0x8000774c      0x2b8 /Programs/devkitpro/devkitPPC/bin/../lib/gcc/powerpc-gekko/4.2.4/../../../../powerpc-gekko/lib/libm.a(lib_a-sf_sine.o)
                0x8000774c                sinef
 .text          0x80007a04      0x190 /Programs/devkitpro/devkitPPC/bin/../lib/gcc/powerpc-gekko/4.2.4/../../../../powerpc-gekko/lib/libm.a(lib_a-sf_sqrt.o)
                0x80007a04                sqrtf
 .text          0x80007b94       0x1c /Programs/devkitpro/devkitPPC/bin/../lib/gcc/powerpc-gekko/4.2.4/../../../../powerpc-gekko/lib/libm.a(lib_a-s_ispos.o)
                0x80007b94                ispos
 .text          0x80007bb0      0x154 /Programs/devkitpro/devkitPPC/bin/../lib/gcc/powerpc-gekko/4.2.4/../../../../powerpc-gekko/lib/libm.a(lib_a-s_ldexp.o)
                0x80007bb0                ldexp
 .text          0x80007d04       0x1c /Programs/devkitpro/devkitPPC/bin/../lib/gcc/powerpc-gekko/4.2.4/../../../../powerpc-gekko/lib/libm.a(lib_a-sf_ispos.o)
                0x80007d04                isposf
 .text          0x80007d20      0x14c /Programs/devkitpro/devkitPPC/bin/../lib/gcc/powerpc-gekko/4.2.4/../../../../powerpc-gekko/lib/libm.a(lib_a-sf_ldexp.o)
                0x80007d20                ldexpf
 .text          0x80007e6c      0x408 /Programs/devkitpro/devkitPPC/bin/../lib/gcc/powerpc-gekko/4.2.4/libgcc.a(_udivdi3.o)
                0x80007e6c                __udivdi3
 .text          0x80008274       0x28 /Programs/devkitpro/devkitPPC/bin/../lib/gcc/powerpc-gekko/4.2.4/../../../../powerpc-gekko/lib/libsysbase.a(abort.o)
                0x80008274                abort
 .text          0x8000829c      0x2c4 /Programs/devkitpro/devkitPPC/bin/../lib/gcc/powerpc-gekko/4.2.4/../../../../powerpc-gekko/lib/libsysbase.a(iosupport.o)
                0x80008510                RemoveDevice
                0x8000829c                setDefaultDevice
                0x800082b4                AddDevice
                0x800084cc                GetDeviceOpTab
                0x800083dc                FindDevice
 .text          0x80008560       0x28 /Programs/devkitpro/devkitPPC/bin/../lib/gcc/powerpc-gekko/4.2.4/../../../../powerpc-gekko/lib/libsysbase.a(_exit.o)
                0x80008560                _exit
 .text          0x80008588       0x9c /Programs/devkitpro/devkitPPC/bin/../lib/gcc/powerpc-gekko/4.2.4/../../../../powerpc-gekko/lib/libsysbase.a(build_argv.o)
                0x80008588                build_argv
 .text          0x80008624      0x168 /Programs/devkitpro/devkitPPC/bin/../lib/gcc/powerpc-gekko/4.2.4/../../../../powerpc-gekko/lib/libsysbase.a(syscall_support.o)
                0x80008758                __malloc_unlock
                0x800086a4                __libc_lock_release
                0x80008624                __libc_lock_init
                0x80008724                __malloc_lock
                0x80008664                __libc_lock_close
                0x800086e4                __libc_lock_acquire
 .text          0x8000878c       0x34 /Programs/devkitpro/devkitPPC/bin/../lib/gcc/powerpc-gekko/4.2.4/../../../../powerpc-gekko/lib/libc.a(lib_a-calloc.o)
                0x8000878c                calloc
 .text          0x800087c0       0xd0 /Programs/devkitpro/devkitPPC/bin/../lib/gcc/powerpc-gekko/4.2.4/../../../../powerpc-gekko/lib/libc.a(lib_a-callocr.o)
                0x800087c0                _calloc_r
 .text          0x80008890        0xc /Programs/devkitpro/devkitPPC/bin/../lib/gcc/powerpc-gekko/4.2.4/../../../../powerpc-gekko/lib/libc.a(lib_a-errno.o)
                0x80008890                __errno
 .text          0x8000889c       0x40 /Programs/devkitpro/devkitPPC/bin/../lib/gcc/powerpc-gekko/4.2.4/../../../../powerpc-gekko/lib/libc.a(lib_a-exit.o)
                0x8000889c                exit
 .text          0x800088dc      0x188 /Programs/devkitpro/devkitPPC/bin/../lib/gcc/powerpc-gekko/4.2.4/../../../../powerpc-gekko/lib/libc.a(lib_a-fclose.o)
                0x800088dc                _fclose_r
                0x80008a54                fclose
 .text          0x80008a64      0x350 /Programs/devkitpro/devkitPPC/bin/../lib/gcc/powerpc-gekko/4.2.4/../../../../powerpc-gekko/lib/libc.a(lib_a-fflush.o)
                0x80008d64                fflush
                0x80008a64                _fflush_r
 .text          0x80008db4      0x4ac /Programs/devkitpro/devkitPPC/bin/../lib/gcc/powerpc-gekko/4.2.4/../../../../powerpc-gekko/lib/libc.a(lib_a-findfp.o)
                0x80008fa0                __sinit
                0x800090c0                __sfmoreglue
                0x80008ddc                _cleanup
                0x80008db4                _cleanup_r
                0x8000908c                __fp_lock_all
                0x8000903c                __sfp_lock_acquire
                0x80009138                __sfp
                0x80008e48                __sinit_lock_release
                0x80008e9c                __fp_unlock_all
                0x80008e70                __sfp_lock_release
                0x80008f54                __sinit_lock_acquire
 .text          0x80009260      0x154 /Programs/devkitpro/devkitPPC/bin/../lib/gcc/powerpc-gekko/4.2.4/../../../../powerpc-gekko/lib/libc.a(lib_a-fopen.o)
                0x8000939c                fopen
                0x80009260                _fopen_r
 .text          0x800093b4      0x110 /Programs/devkitpro/devkitPPC/bin/../lib/gcc/powerpc-gekko/4.2.4/../../../../powerpc-gekko/lib/libc.a(lib_a-fprintf.o)
                0x800093b4                fprintf
                0x80009448                _fprintf_r
 .text          0x800094c4      0x3c0 /Programs/devkitpro/devkitPPC/bin/../lib/gcc/powerpc-gekko/4.2.4/../../../../powerpc-gekko/lib/libc.a(lib_a-fread.o)
                0x8000985c                fread
                0x800094c4                _fread_r
 .text          0x80009884      0x3f8 /Programs/devkitpro/devkitPPC/bin/../lib/gcc/powerpc-gekko/4.2.4/../../../../powerpc-gekko/lib/libc.a(lib_a-freer.o)
                0x800099a0                _free_r
                0x80009884                _malloc_trim_r
 .text          0x80009c7c      0x704 /Programs/devkitpro/devkitPPC/bin/../lib/gcc/powerpc-gekko/4.2.4/../../../../powerpc-gekko/lib/libc.a(lib_a-fseek.o)
                0x8000a360                fseek
                0x80009c7c                _fseek_r
 .text          0x8000a380      0x20c /Programs/devkitpro/devkitPPC/bin/../lib/gcc/powerpc-gekko/4.2.4/../../../../powerpc-gekko/lib/libc.a(lib_a-fwalk.o)
                0x8000a48c                _fwalk
                0x8000a380                _fwalk_reent
 .text          0x8000a58c      0x17c /Programs/devkitpro/devkitPPC/bin/../lib/gcc/powerpc-gekko/4.2.4/../../../../powerpc-gekko/lib/libc.a(lib_a-fwrite.o)
                0x8000a58c                _fwrite_r
                0x8000a6e0                fwrite
 .text          0x8000a708      0x1bc /Programs/devkitpro/devkitPPC/bin/../lib/gcc/powerpc-gekko/4.2.4/../../../../powerpc-gekko/lib/libc.a(lib_a-makebuf.o)
                0x8000a708                __smakebuf_r
 .text          0x8000a8c4       0x34 /Programs/devkitpro/devkitPPC/bin/../lib/gcc/powerpc-gekko/4.2.4/../../../../powerpc-gekko/lib/libc.a(lib_a-malign.o)
                0x8000a8c4                memalign
 .text          0x8000a8f8      0x1b0 /Programs/devkitpro/devkitPPC/bin/../lib/gcc/powerpc-gekko/4.2.4/../../../../powerpc-gekko/lib/libc.a(lib_a-malignr.o)
                0x8000a8f8                _memalign_r
 .text          0x8000aaa8       0x58 /Programs/devkitpro/devkitPPC/bin/../lib/gcc/powerpc-gekko/4.2.4/../../../../powerpc-gekko/lib/libc.a(lib_a-malloc.o)
                0x8000aad4                malloc
                0x8000aaa8                free
 .text          0x8000ab00      0x86c /Programs/devkitpro/devkitPPC/bin/../lib/gcc/powerpc-gekko/4.2.4/../../../../powerpc-gekko/lib/libc.a(lib_a-mallocr.o)
                0x8000ab00                _malloc_r
 .text          0x8000b36c       0x8c /Programs/devkitpro/devkitPPC/bin/../lib/gcc/powerpc-gekko/4.2.4/../../../../powerpc-gekko/lib/libc.a(lib_a-memcmp.o)
                0x8000b36c                memcmp
 .text          0x8000b3f8       0xc8 /Programs/devkitpro/devkitPPC/bin/../lib/gcc/powerpc-gekko/4.2.4/../../../../powerpc-gekko/lib/libc.a(lib_a-memcpy.o)
                0x8000b3f8                memcpy
 .text          0x8000b4c0      0x104 /Programs/devkitpro/devkitPPC/bin/../lib/gcc/powerpc-gekko/4.2.4/../../../../powerpc-gekko/lib/libc.a(lib_a-memmove.o)
                0x8000b4c0                memmove
 .text          0x8000b5c4       0xac /Programs/devkitpro/devkitPPC/bin/../lib/gcc/powerpc-gekko/4.2.4/../../../../powerpc-gekko/lib/libc.a(lib_a-memset.o)
                0x8000b5c4                memset
 .text          0x8000b670      0x124 /Programs/devkitpro/devkitPPC/bin/../lib/gcc/powerpc-gekko/4.2.4/../../../../powerpc-gekko/lib/libc.a(lib_a-printf.o)
                0x8000b670                printf
                0x8000b708                _printf_r
 .text          0x8000b794       0xa8 /Programs/devkitpro/devkitPPC/bin/../lib/gcc/powerpc-gekko/4.2.4/../../../../powerpc-gekko/lib/libc.a(lib_a-puts.o)
                0x8000b794                _puts_r
                0x8000b82c                puts
 .text          0x8000b83c       0x34 /Programs/devkitpro/devkitPPC/bin/../lib/gcc/powerpc-gekko/4.2.4/../../../../powerpc-gekko/lib/libc.a(lib_a-realloc.o)
                0x8000b83c                realloc
 .text          0x8000b870      0x668 /Programs/devkitpro/devkitPPC/bin/../lib/gcc/powerpc-gekko/4.2.4/../../../../powerpc-gekko/lib/libc.a(lib_a-reallocr.o)
                0x8000b870                _realloc_r
 .text          0x8000bed8      0x248 /Programs/devkitpro/devkitPPC/bin/../lib/gcc/powerpc-gekko/4.2.4/../../../../powerpc-gekko/lib/libc.a(lib_a-reent.o)
                0x8000bf98                cleanup_glue
                0x8000bfe8                _reclaim_reent
                0x8000bed8                _wrapup_reent
 .text          0x8000c120      0x248 /Programs/devkitpro/devkitPPC/bin/../lib/gcc/powerpc-gekko/4.2.4/../../../../powerpc-gekko/lib/libc.a(lib_a-refill.o)
                0x8000c120                __srefill_r
 .text          0x8000c368      0x2cc /Programs/devkitpro/devkitPPC/bin/../lib/gcc/powerpc-gekko/4.2.4/../../../../powerpc-gekko/lib/libc.a(lib_a-setvbuf.o)
                0x8000c368                setvbuf
 .text          0x8000c634      0x230 /Programs/devkitpro/devkitPPC/bin/../lib/gcc/powerpc-gekko/4.2.4/../../../../powerpc-gekko/lib/libc.a(lib_a-snprintf.o)
                0x8000c634                snprintf
                0x8000c74c                _snprintf_r
 .text          0x8000c864      0x188 /Programs/devkitpro/devkitPPC/bin/../lib/gcc/powerpc-gekko/4.2.4/../../../../powerpc-gekko/lib/libc.a(lib_a-sprintf.o)
                0x8000c930                _sprintf_r
                0x8000c864                sprintf
 .text          0x8000c9ec      0x184 /Programs/devkitpro/devkitPPC/bin/../lib/gcc/powerpc-gekko/4.2.4/../../../../powerpc-gekko/lib/libc.a(lib_a-stdio.o)
                0x8000ca10                __sseek
                0x8000cb0c                __sread
                0x8000c9ec                __sclose
                0x8000ca80                __swrite
 .text          0x8000cb70       0xf0 /Programs/devkitpro/devkitPPC/bin/../lib/gcc/powerpc-gekko/4.2.4/../../../../powerpc-gekko/lib/libc.a(lib_a-strchr.o)
                0x8000cb70                strchr
 .text          0x8000cc60       0xc0 /Programs/devkitpro/devkitPPC/bin/../lib/gcc/powerpc-gekko/4.2.4/../../../../powerpc-gekko/lib/libc.a(lib_a-strcmp.o)
                0x8000cc60                strcmp
 .text          0x8000cd20       0x74 /Programs/devkitpro/devkitPPC/bin/../lib/gcc/powerpc-gekko/4.2.4/../../../../powerpc-gekko/lib/libc.a(lib_a-strcpy.o)
                0x8000cd20                strcpy
 .text          0x8000cd94       0x2c /Programs/devkitpro/devkitPPC/bin/../lib/gcc/powerpc-gekko/4.2.4/../../../../powerpc-gekko/lib/libc.a(lib_a-strdup.o)
                0x8000cd94                strdup
 .text          0x8000cdc0       0x6c /Programs/devkitpro/devkitPPC/bin/../lib/gcc/powerpc-gekko/4.2.4/../../../../powerpc-gekko/lib/libc.a(lib_a-strdup_r.o)
                0x8000cdc0                _strdup_r
 .text          0x8000ce2c       0x64 /Programs/devkitpro/devkitPPC/bin/../lib/gcc/powerpc-gekko/4.2.4/../../../../powerpc-gekko/lib/libc.a(lib_a-strlen.o)
                0x8000ce2c                strlen
 .text          0x8000ce90       0xc0 /Programs/devkitpro/devkitPPC/bin/../lib/gcc/powerpc-gekko/4.2.4/../../../../powerpc-gekko/lib/libc.a(lib_a-strncasecmp.o)
                0x8000ce90                strncasecmp
 .text          0x8000cf50      0x144 /Programs/devkitpro/devkitPPC/bin/../lib/gcc/powerpc-gekko/4.2.4/../../../../powerpc-gekko/lib/libc.a(lib_a-strncmp.o)
                0x8000cf50                strncmp
 .text          0x8000d094       0xdc /Programs/devkitpro/devkitPPC/bin/../lib/gcc/powerpc-gekko/4.2.4/../../../../powerpc-gekko/lib/libc.a(lib_a-strncpy.o)
                0x8000d094                strncpy
 .text          0x8000d170       0x44 /Programs/devkitpro/devkitPPC/bin/../lib/gcc/powerpc-gekko/4.2.4/../../../../powerpc-gekko/lib/libc.a(lib_a-strnlen.o)
                0x8000d170                strnlen
 .text          0x8000d1b4      0x1ec /Programs/devkitpro/devkitPPC/bin/../lib/gcc/powerpc-gekko/4.2.4/../../../../powerpc-gekko/lib/libc.a(lib_a-strtoul.o)
                0x8000d380                strtoul
                0x8000d1b4                _strtoul_r
 .text          0x8000d3a0      0x288 /Programs/devkitpro/devkitPPC/bin/../lib/gcc/powerpc-gekko/4.2.4/../../../../powerpc-gekko/lib/libc.a(lib_a-strtoull_r.o)
                0x8000d3a0                _strtoull_r
 .text          0x8000d628       0x3c /Programs/devkitpro/devkitPPC/bin/../lib/gcc/powerpc-gekko/4.2.4/../../../../powerpc-gekko/lib/libc.a(lib_a-syswrite.o)
                0x8000d628                write
 .text          0x8000d664     0x2344 /Programs/devkitpro/devkitPPC/bin/../lib/gcc/powerpc-gekko/4.2.4/../../../../powerpc-gekko/lib/libc.a(lib_a-vfprintf.o)
                0x8000d6c4                _vfprintf_r
                0x8000f988                vfprintf
 .text          0x8000f9a8       0xa4 /Programs/devkitpro/devkitPPC/bin/../lib/gcc/powerpc-gekko/4.2.4/../../../../powerpc-gekko/lib/libc.a(lib_a-wcrtomb.o)
                0x8000f9a8                _wcrtomb_r
                0x8000fa2c                wcrtomb
 .text          0x8000fa4c      0x1d8 /Programs/devkitpro/devkitPPC/bin/../lib/gcc/powerpc-gekko/4.2.4/../../../../powerpc-gekko/lib/libc.a(lib_a-wcsrtombs.o)
                0x8000fa4c                _wcsrtombs_r
                0x8000fbfc                wcsrtombs
 .text          0x8000fc24      0x464 /Programs/devkitpro/devkitPPC/bin/../lib/gcc/powerpc-gekko/4.2.4/../../../../powerpc-gekko/lib/libc.a(lib_a-wctomb_r.o)
                0x8000fc24                _wctomb_r
 .text          0x80010088      0x178 /Programs/devkitpro/devkitPPC/bin/../lib/gcc/powerpc-gekko/4.2.4/../../../../powerpc-gekko/lib/libc.a(lib_a-wsetup.o)
                0x80010088                __swsetup_r
 .text          0x80010200      0x1ac /Programs/devkitpro/devkitPPC/bin/../lib/gcc/powerpc-gekko/4.2.4/../../../../powerpc-gekko/lib/libc.a(lib_a-__call_atexit.o)
                0x80010200                __call_exitprocs
 .text          0x800103ac     0x1390 /Programs/devkitpro/devkitPPC/bin/../lib/gcc/powerpc-gekko/4.2.4/../../../../powerpc-gekko/lib/libc.a(lib_a-dtoa.o)
                0x800105e8                _dtoa_r
 .text          0x8001173c       0xa4 /Programs/devkitpro/devkitPPC/bin/../lib/gcc/powerpc-gekko/4.2.4/../../../../powerpc-gekko/lib/libc.a(lib_a-flags.o)
                0x8001173c                __sflags
 .text          0x800117e0      0x504 /Programs/devkitpro/devkitPPC/bin/../lib/gcc/powerpc-gekko/4.2.4/../../../../powerpc-gekko/lib/libc.a(lib_a-fvwrite.o)
                0x800117e0                __sfvwrite_r
 .text          0x80011ce4      0x4c4 /Programs/devkitpro/devkitPPC/bin/../lib/gcc/powerpc-gekko/4.2.4/../../../../powerpc-gekko/lib/libc.a(lib_a-locale.o)
                0x80011d08                _setlocale_r
                0x80011ce4                __locale_charset
                0x80011cf0                _localeconv_r
                0x80012190                setlocale
                0x80011cfc                localeconv
 .text          0x800121a8      0x9a8 /Programs/devkitpro/devkitPPC/bin/../lib/gcc/powerpc-gekko/4.2.4/../../../../powerpc-gekko/lib/libc.a(lib_a-mbtowc_r.o)
                0x800121a8                _mbtowc_r
 .text          0x80012b50       0xf4 /Programs/devkitpro/devkitPPC/bin/../lib/gcc/powerpc-gekko/4.2.4/../../../../powerpc-gekko/lib/libc.a(lib_a-memchr.o)
                0x80012b50                memchr
 .text          0x80012c44     0x1114 /Programs/devkitpro/devkitPPC/bin/../lib/gcc/powerpc-gekko/4.2.4/../../../../powerpc-gekko/lib/libc.a(lib_a-mprec.o)
                0x800130ac                _mprec_log10
                0x80013150                __any_on
                0x800131f0                _Balloc
                0x80012fe8                __ratio
                0x800139b0                __i2b
                0x80012e98                __b2d
                0x80013c30                __s2b
                0x80012d98                __mcmp
                0x80012c68                __hi0bits
                0x80013b04                __pow5mult
                0x80013614                __lshift
                0x8001377c                __multiply
                0x800132c0                __d2b
                0x800130e8                __copybits
                0x80012df8                __ulp
                0x80013468                __mdiff
                0x80012cd4                __lo0bits
                0x800139ec                __multadd
                0x80012c44                _Bfree
 .text          0x80013d58       0x44 /Programs/devkitpro/devkitPPC/bin/../lib/gcc/powerpc-gekko/4.2.4/../../../../powerpc-gekko/lib/libc.a(lib_a-s_isinfd.o)
                0x80013d58                __isinfd
 .text          0x80013d9c       0x38 /Programs/devkitpro/devkitPPC/bin/../lib/gcc/powerpc-gekko/4.2.4/../../../../powerpc-gekko/lib/libc.a(lib_a-s_isnand.o)
                0x80013d9c                __isnand
 .text          0x80013dd4       0xa0 /Programs/devkitpro/devkitPPC/bin/../lib/gcc/powerpc-gekko/4.2.4/../../../../powerpc-gekko/lib/libsysbase.a(close.o)
                0x80013dd4                _close_r
 .text          0x80013e74       0xc8 /Programs/devkitpro/devkitPPC/bin/../lib/gcc/powerpc-gekko/4.2.4/../../../../powerpc-gekko/lib/libsysbase.a(fstat.o)
                0x80013e74                _fstat_r
 .text          0x80013f3c        0x8 /Programs/devkitpro/devkitPPC/bin/../lib/gcc/powerpc-gekko/4.2.4/../../../../powerpc-gekko/lib/libsysbase.a(isatty.o)
                0x80013f3c                isatty
 .text          0x80013f44       0xe8 /Programs/devkitpro/devkitPPC/bin/../lib/gcc/powerpc-gekko/4.2.4/../../../../powerpc-gekko/lib/libsysbase.a(lseek.o)
                0x80013f44                _lseek_r
 .text          0x8001402c      0x14c /Programs/devkitpro/devkitPPC/bin/../lib/gcc/powerpc-gekko/4.2.4/../../../../powerpc-gekko/lib/libsysbase.a(open.o)
                0x8001402c                _open_r
 .text          0x80014178       0xcc /Programs/devkitpro/devkitPPC/bin/../lib/gcc/powerpc-gekko/4.2.4/../../../../powerpc-gekko/lib/libsysbase.a(read.o)
                0x80014178                _read_r
 .text          0x80014244       0x50 /Programs/devkitpro/devkitPPC/bin/../lib/gcc/powerpc-gekko/4.2.4/../../../../powerpc-gekko/lib/libsysbase.a(sbrk.o)
                0x80014244                _sbrk_r
 .text          0x80014294       0xcc /Programs/devkitpro/devkitPPC/bin/../lib/gcc/powerpc-gekko/4.2.4/../../../../powerpc-gekko/lib/libsysbase.a(write.o)
                0x80014294                _write_r
 .text          0x80014360       0x6c /Programs/devkitpro/devkitPPC/bin/../lib/gcc/powerpc-gekko/4.2.4/../../../../powerpc-gekko/lib/libsysbase.a(flock.o)
                0x80014384                __flockfile
                0x80014360                __funlockfile
 .text          0x800143cc      0x120 /Programs/devkitpro/devkitPPC/bin/../lib/gcc/powerpc-gekko/4.2.4/../../../../powerpc-gekko/lib/libsysbase.a(handle_manager.o)
                0x80014490                __release_handle
                0x800143f8                __alloc_handle
                0x800143cc                __get_handle
 .text          0x800144ec      0x450 /Programs/devkitpro/devkitPPC/bin/../lib/gcc/powerpc-gekko/4.2.4/libgcc.a(_umoddi3.o)
                0x800144ec                __umoddi3
 .text          0x8001493c       0x6c /Programs/devkitpro/devkitPPC/bin/../lib/gcc/powerpc-gekko/4.2.4/crtend.o
 *(.text.*)
 .text.clearScreen
                0x800149a8       0x3c main.o
                0x800149a8                clearScreen
 .text.showMii  0x800149e4      0x180 main.o
                0x800149e4                showMii
 .text.init     0x80014b64       0xb8 main.o
                0x80014b64                init
 .text.main     0x80014c1c       0xf4 main.o
                0x80014c1c                main
 .text.loadMii  0x80014d10      0xb3c /Programs/devkitpro/libogc/lib/wii/libmii.a(mii.o)
                0x80014d10                loadMii
 .text.loadMiis
                0x8001584c      0x11c /Programs/devkitpro/libogc/lib/wii/libmii.a(mii.o)
                0x8001584c                loadMiis
 .text.read     0x80015968       0x88 /Programs/devkitpro/libogc/lib/wii/libmii.a(mii.o)
                0x80015968                read
 .text.loadMiis_Wii
                0x800159f0       0x6c /Programs/devkitpro/libogc/lib/wii/libmii.a(mii.o)
                0x800159f0                loadMiis_Wii
 .text.__wpad_assign_slot
                0x80015a5c      0x24c /Programs/devkitpro/libogc/lib/wii/libwiiuse.a(wpad.o)
                0x80015a5c                __wpad_assign_slot
 .text.__wpad_disconnectCB
                0x80015ca8      0x100 /Programs/devkitpro/libogc/lib/wii/libwiiuse.a(wpad.o)
                0x80015ca8                __wpad_disconnectCB
 .text.WPAD_ButtonsDown
                0x80015da8       0x28 /Programs/devkitpro/libogc/lib/wii/libwiiuse.a(wpad.o)
                0x80015da8                WPAD_ButtonsDown
 .text.__wpad_disconnect
                0x80015dd0       0x58 /Programs/devkitpro/libogc/lib/wii/libwiiuse.a(wpad.o)
 .text.WPAD_Shutdown
                0x80015e28      0x100 /Programs/devkitpro/libogc/lib/wii/libwiiuse.a(wpad.o)
                0x80015e28                WPAD_Shutdown
 .text.__wpad_onreset
                0x80015f28       0x2c /Programs/devkitpro/libogc/lib/wii/libwiiuse.a(wpad.o)
 .text.__wpad_timeouthandler
                0x80015f54       0xb8 /Programs/devkitpro/libogc/lib/wii/libwiiuse.a(wpad.o)
 .text.__wpad_def_powcb
                0x8001600c       0x20 /Programs/devkitpro/libogc/lib/wii/libwiiuse.a(wpad.o)
 .text.__wpad_setfmt
                0x8001602c      0x110 /Programs/devkitpro/libogc/lib/wii/libwiiuse.a(wpad.o)
 .text.WPAD_ReadEvent
                0x8001613c      0x5a4 /Programs/devkitpro/libogc/lib/wii/libwiiuse.a(wpad.o)
                0x8001613c                WPAD_ReadEvent
 .text.WPAD_ReadPending
                0x800166e0      0x16c /Programs/devkitpro/libogc/lib/wii/libwiiuse.a(wpad.o)
                0x800166e0                WPAD_ReadPending
 .text.WPAD_ScanPads
                0x8001684c        0xc /Programs/devkitpro/libogc/lib/wii/libwiiuse.a(wpad.o)
                0x8001684c                WPAD_ScanPads
 .text.WPAD_Init
                0x80016858      0x20c /Programs/devkitpro/libogc/lib/wii/libwiiuse.a(wpad.o)
                0x80016858                WPAD_Init
 .text.__initcore_finished
                0x80016a64       0x40 /Programs/devkitpro/libogc/lib/wii/libwiiuse.a(wpad.o)
 .text.__readlinkkey_finished
                0x80016aa4       0x38 /Programs/devkitpro/libogc/lib/wii/libwiiuse.a(wpad.o)
 .text.__wpad_patch_finished
                0x80016adc       0x2c /Programs/devkitpro/libogc/lib/wii/libwiiuse.a(wpad.o)
 .text.__wpad_init_finished
                0x80016b08      0x1d4 /Programs/devkitpro/libogc/lib/wii/libwiiuse.a(wpad.o)
 .text.__wpad_eventCB
                0x80016cdc      0x998 /Programs/devkitpro/libogc/lib/wii/libwiiuse.a(wpad.o)
 .text.calculate_gforce
                0x80017674       0xfc /Programs/devkitpro/libogc/lib/wii/libwiiuse.a(dynamics.o)
                0x80017674                calculate_gforce
 .text.calc_balanceboard_state
                0x80017770      0x380 /Programs/devkitpro/libogc/lib/wii/libwiiuse.a(dynamics.o)
                0x80017770                calc_balanceboard_state
 .text.apply_smoothing
                0x80017af0      0x184 /Programs/devkitpro/libogc/lib/wii/libwiiuse.a(dynamics.o)
                0x80017af0                apply_smoothing
 .text.calc_joystick_state
                0x80017c74      0x274 /Programs/devkitpro/libogc/lib/wii/libwiiuse.a(dynamics.o)
                0x80017c74                calc_joystick_state
 .text.calculate_orientation
                0x80017ee8      0x2ec /Programs/devkitpro/libogc/lib/wii/libwiiuse.a(dynamics.o)
                0x80017ee8                calculate_orientation
 .text.wiiuse_io_write
                0x800181d4       0x44 /Programs/devkitpro/libogc/lib/wii/libwiiuse.a(io_wii.o)
                0x800181d4                wiiuse_io_write
 .text.__wiiuse_disconnected
                0x80018218       0xb0 /Programs/devkitpro/libogc/lib/wii/libwiiuse.a(io_wii.o)
 .text.__wiiuse_sent
                0x800182c8       0xc4 /Programs/devkitpro/libogc/lib/wii/libwiiuse.a(io_wii.o)
 .text.wiiuse_init_cmd_queue
                0x8001838c       0x4c /Programs/devkitpro/libogc/lib/wii/libwiiuse.a(io_wii.o)
                0x8001838c                wiiuse_init_cmd_queue
 .text.wiiuse_disconnect
                0x800183d8       0x40 /Programs/devkitpro/libogc/lib/wii/libwiiuse.a(io_wii.o)
                0x800183d8                wiiuse_disconnect
 .text.wiiuse_register
                0x80018418       0xe4 /Programs/devkitpro/libogc/lib/wii/libwiiuse.a(io_wii.o)
                0x80018418                wiiuse_register
 .text.__wiiuse_connected
                0x800184fc       0x9c /Programs/devkitpro/libogc/lib/wii/libwiiuse.a(io_wii.o)
 .text.__wiiuse_receive
                0x80018598       0xc8 /Programs/devkitpro/libogc/lib/wii/libwiiuse.a(io_wii.o)
 .text.__wiiuse_sensorbar_enable
                0x80018660       0x50 /Programs/devkitpro/libogc/lib/wii/libwiiuse.a(io_wii.o)
                0x80018660                __wiiuse_sensorbar_enable
 .text.get_ir_sens
                0x800186b0       0xec /Programs/devkitpro/libogc/lib/wii/libwiiuse.a(ir.o)
 .text.wiiuse_set_ir_position
                0x8001879c       0x80 /Programs/devkitpro/libogc/lib/wii/libwiiuse.a(ir.o)
                0x8001879c                wiiuse_set_ir_position
 .text.wiiuse_set_aspect_ratio
                0x8001881c       0x44 /Programs/devkitpro/libogc/lib/wii/libwiiuse.a(ir.o)
                0x8001881c                wiiuse_set_aspect_ratio
 .text.calculate_basic_ir
                0x80018860       0xf4 /Programs/devkitpro/libogc/lib/wii/libwiiuse.a(ir.o)
                0x80018860                calculate_basic_ir
 .text.calculate_extended_ir
                0x80018954       0x70 /Programs/devkitpro/libogc/lib/wii/libwiiuse.a(ir.o)
                0x80018954                calculate_extended_ir
 .text.calc_yaw
                0x800189c4       0x54 /Programs/devkitpro/libogc/lib/wii/libwiiuse.a(ir.o)
                0x800189c4                calc_yaw
 .text.apply_ir_smoothing
                0x80018a18       0xf4 /Programs/devkitpro/libogc/lib/wii/libwiiuse.a(ir.o)
                0x80018a18                apply_ir_smoothing
 .text.rotate_dots
                0x80018b0c      0x120 /Programs/devkitpro/libogc/lib/wii/libwiiuse.a(ir.o)
 .text.find_sensorbar
                0x80018c2c      0x970 /Programs/devkitpro/libogc/lib/wii/libwiiuse.a(ir.o)
                0x80018c2c                find_sensorbar
 .text.interpret_ir_data
                0x8001959c      0x33c /Programs/devkitpro/libogc/lib/wii/libwiiuse.a(ir.o)
                0x8001959c                interpret_ir_data
 .text.wiiuse_set_ir_sensitivity
                0x800198d8      0x118 /Programs/devkitpro/libogc/lib/wii/libwiiuse.a(ir.o)
                0x800198d8                wiiuse_set_ir_sensitivity
 .text.wiiuse_set_ir_mode
                0x800199f0       0x6c /Programs/devkitpro/libogc/lib/wii/libwiiuse.a(ir.o)
                0x800199f0                wiiuse_set_ir_mode
 .text.wiiuse_set_ir
                0x80019a5c      0x21c /Programs/devkitpro/libogc/lib/wii/libwiiuse.a(ir.o)
                0x80019a5c                wiiuse_set_ir
 .text.wiiuse_set_flags
                0x80019c78       0x20 /Programs/devkitpro/libogc/lib/wii/libwiiuse.a(wiiuse.o)
                0x80019c78                wiiuse_set_flags
 .text.wiiuse_send_next_command
                0x80019c98       0x6c /Programs/devkitpro/libogc/lib/wii/libwiiuse.a(wiiuse.o)
                0x80019c98                wiiuse_send_next_command
 .text.wiiuse_write_data
                0x80019d04      0x184 /Programs/devkitpro/libogc/lib/wii/libwiiuse.a(wiiuse.o)
                0x80019d04                wiiuse_write_data
 .text.wiiuse_init
                0x80019e88      0x164 /Programs/devkitpro/libogc/lib/wii/libwiiuse.a(wiiuse.o)
                0x80019e88                wiiuse_init
 .text.wiiuse_sendcmd
                0x80019fec      0x10c /Programs/devkitpro/libogc/lib/wii/libwiiuse.a(wiiuse.o)
                0x80019fec                wiiuse_sendcmd
 .text.wiiuse_status
                0x8001a0f8       0x5c /Programs/devkitpro/libogc/lib/wii/libwiiuse.a(wiiuse.o)
                0x8001a0f8                wiiuse_status
 .text.wiiuse_motion_sensing
                0x8001a154       0x54 /Programs/devkitpro/libogc/lib/wii/libwiiuse.a(wiiuse.o)
                0x8001a154                wiiuse_motion_sensing
 .text.wiiuse_set_report_type
                0x8001a1a8      0x100 /Programs/devkitpro/libogc/lib/wii/libwiiuse.a(wiiuse.o)
                0x8001a1a8                wiiuse_set_report_type
 .text.wiiuse_set_leds
                0x8001a2a8       0x60 /Programs/devkitpro/libogc/lib/wii/libwiiuse.a(wiiuse.o)
                0x8001a2a8                wiiuse_set_leds
 .text.wiiuse_read_data
                0x8001a308      0x144 /Programs/devkitpro/libogc/lib/wii/libwiiuse.a(wiiuse.o)
                0x8001a308                wiiuse_read_data
 .text.wiiuse_pressed_buttons
                0x8001a44c       0x2c /Programs/devkitpro/libogc/lib/wii/libwiiuse.a(events.o)
                0x8001a44c                wiiuse_pressed_buttons
 .text.handle_expansion
                0x8001a478       0x94 /Programs/devkitpro/libogc/lib/wii/libwiiuse.a(events.o)
 .text.parse_event
                0x8001a50c      0x518 /Programs/devkitpro/libogc/lib/wii/libwiiuse.a(events.o)
                0x8001a50c                parse_event
 .text.guitar_hero_3_event
                0x8001aa24       0x50 /Programs/devkitpro/libogc/lib/wii/libwiiuse.a(guitar_hero_3.o)
                0x8001aa24                guitar_hero_3_event
 .text.guitar_hero_3_disconnected
                0x8001aa74       0x28 /Programs/devkitpro/libogc/lib/wii/libwiiuse.a(guitar_hero_3.o)
                0x8001aa74                guitar_hero_3_disconnected
 .text.guitar_hero_3_handshake
                0x8001aa9c       0xb4 /Programs/devkitpro/libogc/lib/wii/libwiiuse.a(guitar_hero_3.o)
                0x8001aa9c                guitar_hero_3_handshake
 .text.wiiuse_disable_expansion
                0x8001ab50      0x170 /Programs/devkitpro/libogc/lib/wii/libwiiuse.a(io.o)
                0x8001ab50                wiiuse_disable_expansion
 .text.wiiuse_handshake_expansion
                0x8001acc0      0x238 /Programs/devkitpro/libogc/lib/wii/libwiiuse.a(io.o)
                0x8001acc0                wiiuse_handshake_expansion
 .text.wiiuse_handshake_expansion_start
                0x8001aef8       0x24 /Programs/devkitpro/libogc/lib/wii/libwiiuse.a(io.o)
                0x8001aef8                wiiuse_handshake_expansion_start
 .text.wiiuse_handshake
                0x8001af1c      0x164 /Programs/devkitpro/libogc/lib/wii/libwiiuse.a(io.o)
                0x8001af1c                wiiuse_handshake
 .text.nunchuk_event
                0x8001b080       0x88 /Programs/devkitpro/libogc/lib/wii/libwiiuse.a(nunchuk.o)
                0x8001b080                nunchuk_event
 .text.nunchuk_disconnected
                0x8001b108       0x28 /Programs/devkitpro/libogc/lib/wii/libwiiuse.a(nunchuk.o)
                0x8001b108                nunchuk_disconnected
 .text.nunchuk_handshake
                0x8001b130      0x198 /Programs/devkitpro/libogc/lib/wii/libwiiuse.a(nunchuk.o)
                0x8001b130                nunchuk_handshake
 .text.wii_board_event
                0x8001b2c8       0x54 /Programs/devkitpro/libogc/lib/wii/libwiiuse.a(wiiboard.o)
                0x8001b2c8                wii_board_event
 .text.wii_board_disconnected
                0x8001b31c       0x28 /Programs/devkitpro/libogc/lib/wii/libwiiuse.a(wiiboard.o)
                0x8001b31c                wii_board_disconnected
 .text.wii_board_handshake
                0x8001b344      0x174 /Programs/devkitpro/libogc/lib/wii/libwiiuse.a(wiiboard.o)
                0x8001b344                wii_board_handshake
 .text.classic_ctrl_event
                0x8001b4b8       0xa4 /Programs/devkitpro/libogc/lib/wii/libwiiuse.a(classic.o)
                0x8001b4b8                classic_ctrl_event
 .text.classic_ctrl_disconnected
                0x8001b55c       0x28 /Programs/devkitpro/libogc/lib/wii/libwiiuse.a(classic.o)
                0x8001b55c                classic_ctrl_disconnected
 .text.classic_ctrl_handshake
                0x8001b584      0x128 /Programs/devkitpro/libogc/lib/wii/libwiiuse.a(classic.o)
                0x8001b584                classic_ctrl_handshake
 .text.bte_arg  0x8001b6ac       0x38 /Programs/devkitpro/libogc/lib/wii/libbte.a(bte.o)
                0x8001b6ac                bte_arg
 .text.bte_received
                0x8001b6e4       0x38 /Programs/devkitpro/libogc/lib/wii/libbte.a(bte.o)
                0x8001b6e4                bte_received
 .text.bte_disconnected
                0x8001b71c       0x38 /Programs/devkitpro/libogc/lib/wii/libbte.a(bte.o)
                0x8001b71c                bte_disconnected
 .text.acl_wlp_completed
                0x8001b754        0x8 /Programs/devkitpro/libogc/lib/wii/libbte.a(bte.o)
                0x8001b754                acl_wlp_completed
 .text.l2cap_accepted
                0x8001b75c      0x10c /Programs/devkitpro/libogc/lib/wii/libbte.a(bte.o)
                0x8001b75c                l2cap_accepted
 .text.l2cap_disconnected_ind
                0x8001b868      0x174 /Programs/devkitpro/libogc/lib/wii/libbte.a(bte.o)
                0x8001b868                l2cap_disconnected_ind
 .text.__bte_send_pending_request
                0x8001b9dc       0xdc /Programs/devkitpro/libogc/lib/wii/libbte.a(bte.o)
 .text.bte_process_input
                0x8001bab8      0x130 /Programs/devkitpro/libogc/lib/wii/libbte.a(bte.o)
 .text.__bte_send_request
                0x8001bbe8       0xa4 /Programs/devkitpro/libogc/lib/wii/libbte.a(bte.o)
 .text.bte_disconnect
                0x8001bc8c       0xb4 /Programs/devkitpro/libogc/lib/wii/libbte.a(bte.o)
                0x8001bc8c                bte_disconnect
 .text.acl_conn_complete
                0x8001bd40       0x2c /Programs/devkitpro/libogc/lib/wii/libbte.a(bte.o)
                0x8001bd40                acl_conn_complete
 .text.bte_sendmessageasync
                0x8001bd6c      0x138 /Programs/devkitpro/libogc/lib/wii/libbte.a(bte.o)
                0x8001bd6c                bte_sendmessageasync
 .text.bte_registerdeviceasync
                0x8001bea4      0x1c0 /Programs/devkitpro/libogc/lib/wii/libbte.a(bte.o)
                0x8001bea4                bte_registerdeviceasync
 .text.bte_new  0x8001c064       0x60 /Programs/devkitpro/libogc/lib/wii/libbte.a(bte.o)
                0x8001c064                bte_new
 .text.BTE_SetDisconnectCallback
                0x8001c0c4       0x20 /Programs/devkitpro/libogc/lib/wii/libbte.a(bte.o)
                0x8001c0c4                BTE_SetDisconnectCallback
 .text.BTE_InitSub
                0x8001c0e4       0x94 /Programs/devkitpro/libogc/lib/wii/libbte.a(bte.o)
                0x8001c0e4                BTE_InitSub
 .text.BTE_ApplyPatch
                0x8001c178       0xa8 /Programs/devkitpro/libogc/lib/wii/libbte.a(bte.o)
                0x8001c178                BTE_ApplyPatch
 .text.BTE_InitCore
                0x8001c220       0x90 /Programs/devkitpro/libogc/lib/wii/libbte.a(bte.o)
                0x8001c220                BTE_InitCore
 .text.BTE_ReadStoredLinkKey
                0x8001c2b0       0x94 /Programs/devkitpro/libogc/lib/wii/libbte.a(bte.o)
                0x8001c2b0                BTE_ReadStoredLinkKey
 .text.BTE_Shutdown
                0x8001c344      0x114 /Programs/devkitpro/libogc/lib/wii/libbte.a(bte.o)
                0x8001c344                BTE_Shutdown
 .text.__bte_shutdown_finished
                0x8001c458      0x118 /Programs/devkitpro/libogc/lib/wii/libbte.a(bte.o)
 .text.BTE_Init
                0x8001c570      0x134 /Programs/devkitpro/libogc/lib/wii/libbte.a(bte.o)
                0x8001c570                BTE_Init
 .text.bt_alarmhandler
                0x8001c6a4       0x60 /Programs/devkitpro/libogc/lib/wii/libbte.a(bte.o)
 .text.l2cap_disconnect_cfm
                0x8001c704      0x1ac /Programs/devkitpro/libogc/lib/wii/libbte.a(bte.o)
                0x8001c704                l2cap_disconnect_cfm
 .text.bte_hci_initsub_complete
                0x8001c8b0      0x230 /Programs/devkitpro/libogc/lib/wii/libbte.a(bte.o)
                0x8001c8b0                bte_hci_initsub_complete
 .text.bte_hci_patch_complete
                0x8001cae0      0x2b8 /Programs/devkitpro/libogc/lib/wii/libbte.a(bte.o)
                0x8001cae0                bte_hci_patch_complete
 .text.bte_hci_apply_patch_complete
                0x8001cd98      0x15c /Programs/devkitpro/libogc/lib/wii/libbte.a(bte.o)
                0x8001cd98                bte_hci_apply_patch_complete
 .text.bte_hci_initcore_complete
                0x8001cef4      0x208 /Programs/devkitpro/libogc/lib/wii/libbte.a(bte.o)
                0x8001cef4                bte_hci_initcore_complete
 .text.bte_hci_initcore_complete2
                0x8001d0fc      0x1e4 /Programs/devkitpro/libogc/lib/wii/libbte.a(bte.o)
                0x8001d0fc                bte_hci_initcore_complete2
 .text.bte_read_stored_link_key_complete
                0x8001d2e0      0x264 /Programs/devkitpro/libogc/lib/wii/libbte.a(bte.o)
                0x8001d2e0                bte_read_stored_link_key_complete
 .text.hci_get_link
                0x8001d544       0x88 /Programs/devkitpro/libogc/lib/wii/libbte.a(hci.o)
                0x8001d544                hci_get_link
 .text.hci_arg  0x8001d5cc       0x10 /Programs/devkitpro/libogc/lib/wii/libbte.a(hci.o)
                0x8001d5cc                hci_arg
 .text.hci_cmd_complete
                0x8001d5dc       0x10 /Programs/devkitpro/libogc/lib/wii/libbte.a(hci.o)
                0x8001d5dc                hci_cmd_complete
 .text.hci_connection_complete
                0x8001d5ec       0x10 /Programs/devkitpro/libogc/lib/wii/libbte.a(hci.o)
                0x8001d5ec                hci_connection_complete
 .text.hci_wlp_complete
                0x8001d5fc       0x10 /Programs/devkitpro/libogc/lib/wii/libbte.a(hci.o)
                0x8001d5fc                hci_wlp_complete
 .text.hci_cmd_ass
                0x8001d60c       0x4c /Programs/devkitpro/libogc/lib/wii/libbte.a(hci.o)
                0x8001d60c                hci_cmd_ass
 .text.lp_pdu_maxsize
                0x8001d658       0x10 /Programs/devkitpro/libogc/lib/wii/libbte.a(hci.o)
                0x8001d658                lp_pdu_maxsize
 .text.hci_host_num_comp_packets
                0x8001d668       0xcc /Programs/devkitpro/libogc/lib/wii/libbte.a(hci.o)
                0x8001d668                hci_host_num_comp_packets
 .text.hci_write_cod
                0x8001d734       0x8c /Programs/devkitpro/libogc/lib/wii/libbte.a(hci.o)
                0x8001d734                hci_write_cod
 .text.hci_disconnect
                0x8001d7c0       0xb8 /Programs/devkitpro/libogc/lib/wii/libbte.a(hci.o)
                0x8001d7c0                hci_disconnect
 .text.hci_pin_code_request_neg_reply
                0x8001d878       0x8c /Programs/devkitpro/libogc/lib/wii/libbte.a(hci.o)
                0x8001d878                hci_pin_code_request_neg_reply
 .text.hci_vendor_specific_command
                0x8001d904       0xb8 /Programs/devkitpro/libogc/lib/wii/libbte.a(hci.o)
                0x8001d904                hci_vendor_specific_command
 .text.hci_write_inquiry_scan_type
                0x8001d9bc       0x80 /Programs/devkitpro/libogc/lib/wii/libbte.a(hci.o)
                0x8001d9bc                hci_write_inquiry_scan_type
 .text.hci_write_page_scan_type
                0x8001da3c       0x80 /Programs/devkitpro/libogc/lib/wii/libbte.a(hci.o)
                0x8001da3c                hci_write_page_scan_type
 .text.hci_write_inquiry_mode
                0x8001dabc       0x80 /Programs/devkitpro/libogc/lib/wii/libbte.a(hci.o)
                0x8001dabc                hci_write_inquiry_mode
 .text.hci_write_pin_type
                0x8001db3c       0x80 /Programs/devkitpro/libogc/lib/wii/libbte.a(hci.o)
                0x8001db3c                hci_write_pin_type
 .text.hci_write_local_name
                0x8001dbbc       0x9c /Programs/devkitpro/libogc/lib/wii/libbte.a(hci.o)
                0x8001dbbc                hci_write_local_name
 .text.hci_accecpt_conn_request
                0x8001dc58       0xa0 /Programs/devkitpro/libogc/lib/wii/libbte.a(hci.o)
                0x8001dc58                hci_accecpt_conn_request
 .text.hci_write_scan_enable
                0x8001dcf8       0x80 /Programs/devkitpro/libogc/lib/wii/libbte.a(hci.o)
                0x8001dcf8                hci_write_scan_enable
 .text.hci_read_local_features
                0x8001dd78       0x6c /Programs/devkitpro/libogc/lib/wii/libbte.a(hci.o)
                0x8001dd78                hci_read_local_features
 .text.hci_read_local_version
                0x8001dde4       0x6c /Programs/devkitpro/libogc/lib/wii/libbte.a(hci.o)
                0x8001dde4                hci_read_local_version
 .text.hci_read_bd_addr
                0x8001de50       0x6c /Programs/devkitpro/libogc/lib/wii/libbte.a(hci.o)
                0x8001de50                hci_read_bd_addr
 .text.hci_read_buffer_size
                0x8001debc       0x6c /Programs/devkitpro/libogc/lib/wii/libbte.a(hci.o)
                0x8001debc                hci_read_buffer_size
 .text.hci_reset
                0x8001df28       0x6c /Programs/devkitpro/libogc/lib/wii/libbte.a(hci.o)
                0x8001df28                hci_reset
 .text.lp_acl_write
                0x8001df94      0x180 /Programs/devkitpro/libogc/lib/wii/libbte.a(hci.o)
                0x8001df94                lp_acl_write
 .text.hci_new  0x8001e114       0x54 /Programs/devkitpro/libogc/lib/wii/libbte.a(hci.o)
                0x8001e114                hci_new
 .text.hci_read_stored_link_key
                0x8001e168       0xd4 /Programs/devkitpro/libogc/lib/wii/libbte.a(hci.o)
                0x8001e168                hci_read_stored_link_key
 .text.hci_close
                0x8001e23c       0xec /Programs/devkitpro/libogc/lib/wii/libbte.a(hci.o)
                0x8001e23c                hci_close
 .text.hci_init
                0x8001e328       0xa0 /Programs/devkitpro/libogc/lib/wii/libbte.a(hci.o)
                0x8001e328                hci_init
 .text.hci_reset_all
                0x8001e3c8       0xd4 /Programs/devkitpro/libogc/lib/wii/libbte.a(hci.o)
                0x8001e3c8                hci_reset_all
 .text.hci_write_page_timeout
                0x8001e49c       0x90 /Programs/devkitpro/libogc/lib/wii/libbte.a(hci.o)
                0x8001e49c                hci_write_page_timeout
 .text.hci_acldata_handler
                0x8001e52c      0x138 /Programs/devkitpro/libogc/lib/wii/libbte.a(hci.o)
                0x8001e52c                hci_acldata_handler
 .text.hci_event_handler
                0x8001e664      0xb98 /Programs/devkitpro/libogc/lib/wii/libbte.a(hci.o)
                0x8001e664                hci_event_handler
 .text.lp_write_flush_timeout
                0x8001f1fc       0xc0 /Programs/devkitpro/libogc/lib/wii/libbte.a(hci.o)
                0x8001f1fc                lp_write_flush_timeout
 .text.hci_host_buffer_size
                0x8001f2bc       0xd0 /Programs/devkitpro/libogc/lib/wii/libbte.a(hci.o)
                0x8001f2bc                hci_host_buffer_size
 .text.hci_write_link_policy_settings
                0x8001f38c       0xc0 /Programs/devkitpro/libogc/lib/wii/libbte.a(hci.o)
                0x8001f38c                hci_write_link_policy_settings
 .text.l2cap_cid_alloc
                0x8001f44c       0x60 /Programs/devkitpro/libogc/lib/wii/libbte.a(l2cap.o)
 .text.lp_connect_ind
                0x8001f4ac        0x4 /Programs/devkitpro/libogc/lib/wii/libbte.a(l2cap.o)
                0x8001f4ac                lp_connect_ind
 .text.l2cap_disconnect_bb
                0x8001f4b0       0x14 /Programs/devkitpro/libogc/lib/wii/libbte.a(l2cap.o)
                0x8001f4b0                l2cap_disconnect_bb
 .text.l2cap_next_sigid
                0x8001f4c4       0x2c /Programs/devkitpro/libogc/lib/wii/libbte.a(l2cap.o)
                0x8001f4c4                l2cap_next_sigid
 .text.l2cap_arg
                0x8001f4f0        0x8 /Programs/devkitpro/libogc/lib/wii/libbte.a(l2cap.o)
                0x8001f4f0                l2cap_arg
 .text.l2cap_disconnect_ind
                0x8001f4f8        0x8 /Programs/devkitpro/libogc/lib/wii/libbte.a(l2cap.o)
                0x8001f4f8                l2cap_disconnect_ind
 .text.l2cap_recv
                0x8001f500        0x8 /Programs/devkitpro/libogc/lib/wii/libbte.a(l2cap.o)
                0x8001f500                l2cap_recv
 .text.l2cap_connect_ind
                0x8001f508      0x108 /Programs/devkitpro/libogc/lib/wii/libbte.a(l2cap.o)
                0x8001f508                l2cap_connect_ind
 .text.l2cap_close
                0x8001f610      0x1e8 /Programs/devkitpro/libogc/lib/wii/libbte.a(l2cap.o)
                0x8001f610                l2cap_close
 .text.lp_disconnect_ind
                0x8001f7f8      0x114 /Programs/devkitpro/libogc/lib/wii/libbte.a(l2cap.o)
                0x8001f7f8                lp_disconnect_ind
 .text.l2cap_new
                0x8001f90c       0x80 /Programs/devkitpro/libogc/lib/wii/libbte.a(l2cap.o)
                0x8001f90c                l2cap_new
 .text.l2cap_write
                0x8001f98c      0x1a4 /Programs/devkitpro/libogc/lib/wii/libbte.a(l2cap.o)
                0x8001f98c                l2cap_write
 .text.l2cap_rexmit_signal
                0x8001fb30       0x2c /Programs/devkitpro/libogc/lib/wii/libbte.a(l2cap.o)
                0x8001fb30                l2cap_rexmit_signal
 .text.l2cap_signal
                0x8001fb5c      0x1e0 /Programs/devkitpro/libogc/lib/wii/libbte.a(l2cap.o)
                0x8001fb5c                l2cap_signal
 .text.l2ca_disconnect_req
                0x8001fd3c       0xc0 /Programs/devkitpro/libogc/lib/wii/libbte.a(l2cap.o)
                0x8001fd3c                l2ca_disconnect_req
 .text.l2cap_tmr
                0x8001fdfc      0x244 /Programs/devkitpro/libogc/lib/wii/libbte.a(l2cap.o)
                0x8001fdfc                l2cap_tmr
 .text.l2ca_config_req
                0x80020040      0x154 /Programs/devkitpro/libogc/lib/wii/libbte.a(l2cap.o)
                0x80020040                l2ca_config_req
 .text.l2cap_process_sig
                0x80020194     0x1238 /Programs/devkitpro/libogc/lib/wii/libbte.a(l2cap.o)
                0x80020194                l2cap_process_sig
 .text.l2cap_init
                0x800213cc       0x88 /Programs/devkitpro/libogc/lib/wii/libbte.a(l2cap.o)
                0x800213cc                l2cap_init
 .text.l2cap_reset_all
                0x80021454      0x154 /Programs/devkitpro/libogc/lib/wii/libbte.a(l2cap.o)
                0x80021454                l2cap_reset_all
 .text.lp_connect_cfm
                0x800215a8      0x14c /Programs/devkitpro/libogc/lib/wii/libbte.a(l2cap.o)
                0x800215a8                lp_connect_cfm
 .text.l2ca_datawrite
                0x800216f4      0x114 /Programs/devkitpro/libogc/lib/wii/libbte.a(l2cap.o)
                0x800216f4                l2ca_datawrite
 .text.l2cap_input
                0x80021808      0x5d0 /Programs/devkitpro/libogc/lib/wii/libbte.a(l2cap.o)
                0x80021808                l2cap_input
 .text.btmemb_alloc
                0x80021dd8       0xc0 /Programs/devkitpro/libogc/lib/wii/libbte.a(btmemb.o)
                0x80021dd8                btmemb_alloc
 .text.btmemb_free
                0x80021e98       0xbc /Programs/devkitpro/libogc/lib/wii/libbte.a(btmemb.o)
                0x80021e98                btmemb_free
 .text.btmemb_init
                0x80021f54       0x40 /Programs/devkitpro/libogc/lib/wii/libbte.a(btmemb.o)
                0x80021f54                btmemb_init
 .text.plug_holes
                0x80021f94       0xcc /Programs/devkitpro/libogc/lib/wii/libbte.a(btmemr.o)
 .text.btmemr_malloc
                0x80022060      0x190 /Programs/devkitpro/libogc/lib/wii/libbte.a(btmemr.o)
                0x80022060                btmemr_malloc
 .text.btmemr_free
                0x800221f0       0xa4 /Programs/devkitpro/libogc/lib/wii/libbte.a(btmemr.o)
                0x800221f0                btmemr_free
 .text.btmemr_realloc
                0x80022294      0x118 /Programs/devkitpro/libogc/lib/wii/libbte.a(btmemr.o)
                0x80022294                btmemr_realloc
 .text.btmemr_init
                0x800223ac       0xa8 /Programs/devkitpro/libogc/lib/wii/libbte.a(btmemr.o)
                0x800223ac                btmemr_init
 .text.btpbuf_header
                0x80022454       0xa8 /Programs/devkitpro/libogc/lib/wii/libbte.a(btpbuf.o)
                0x80022454                btpbuf_header
 .text.btpbuf_ref
                0x800224fc       0x48 /Programs/devkitpro/libogc/lib/wii/libbte.a(btpbuf.o)
                0x800224fc                btpbuf_ref
 .text.btpbuf_cat
                0x80022544       0x5c /Programs/devkitpro/libogc/lib/wii/libbte.a(btpbuf.o)
                0x80022544                btpbuf_cat
 .text.btpbuf_chain
                0x800225a0       0x30 /Programs/devkitpro/libogc/lib/wii/libbte.a(btpbuf.o)
                0x800225a0                btpbuf_chain
 .text.btpbuf_free
                0x800225d0      0x110 /Programs/devkitpro/libogc/lib/wii/libbte.a(btpbuf.o)
                0x800225d0                btpbuf_free
 .text.btpbuf_dechain
                0x800226e0       0x7c /Programs/devkitpro/libogc/lib/wii/libbte.a(btpbuf.o)
                0x800226e0                btpbuf_dechain
 .text.btpbuf_realloc
                0x8002275c       0xc0 /Programs/devkitpro/libogc/lib/wii/libbte.a(btpbuf.o)
                0x8002275c                btpbuf_realloc
 .text.btpbuf_alloc
                0x8002281c      0x244 /Programs/devkitpro/libogc/lib/wii/libbte.a(btpbuf.o)
                0x8002281c                btpbuf_alloc
 .text.btpbuf_take
                0x80022a60      0x124 /Programs/devkitpro/libogc/lib/wii/libbte.a(btpbuf.o)
                0x80022a60                btpbuf_take
 .text.btpbuf_init
                0x80022b84       0x34 /Programs/devkitpro/libogc/lib/wii/libbte.a(btpbuf.o)
                0x80022b84                btpbuf_init
 .text.__usb_closeCB
                0x80022bb8       0x10 /Programs/devkitpro/libogc/lib/wii/libbte.a(physbusif.o)
 .text.physbusif_close
                0x80022bc8       0x2c /Programs/devkitpro/libogc/lib/wii/libbte.a(physbusif.o)
                0x80022bc8                physbusif_close
 .text.physbusif_reset_all
                0x80022bf4        0x4 /Programs/devkitpro/libogc/lib/wii/libbte.a(physbusif.o)
                0x80022bf4                physbusif_reset_all
 .text.physbusif_output
                0x80022bf8      0x18c /Programs/devkitpro/libogc/lib/wii/libbte.a(physbusif.o)
                0x80022bf8                physbusif_output
 .text.__writebulkmsgCB
                0x80022d84       0x40 /Programs/devkitpro/libogc/lib/wii/libbte.a(physbusif.o)
 .text.__writectrlmsgCB
                0x80022dc4       0x40 /Programs/devkitpro/libogc/lib/wii/libbte.a(physbusif.o)
 .text.physbusif_shutdown
                0x80022e04       0x50 /Programs/devkitpro/libogc/lib/wii/libbte.a(physbusif.o)
                0x80022e04                physbusif_shutdown
 .text.__initUsbIOBuffer
                0x80022e54       0x98 /Programs/devkitpro/libogc/lib/wii/libbte.a(physbusif.o)
 .text.__issue_intrread
                0x80022eec       0xbc /Programs/devkitpro/libogc/lib/wii/libbte.a(physbusif.o)
 .text.__readintrdataCB
                0x80022fa8      0x120 /Programs/devkitpro/libogc/lib/wii/libbte.a(physbusif.o)
 .text.__issue_bulkread
                0x800230c8       0xbc /Programs/devkitpro/libogc/lib/wii/libbte.a(physbusif.o)
 .text.physbusif_init
                0x80023184      0x1d0 /Programs/devkitpro/libogc/lib/wii/libbte.a(physbusif.o)
                0x80023184                physbusif_init
 .text.__readbulkdataCB
                0x80023354      0x120 /Programs/devkitpro/libogc/lib/wii/libbte.a(physbusif.o)
 .text.__console_clear
                0x80023474       0x60 /Programs/devkitpro/libogc/lib/wii/libogc.a(console.o)
 .text.__console_init
                0x800234d4      0x128 /Programs/devkitpro/libogc/lib/wii/libogc.a(console.o)
                0x800234d4                __console_init
 .text.CON_Init
                0x800235fc        0x4 /Programs/devkitpro/libogc/lib/wii/libogc.a(console.o)
                0x800235fc                CON_Init
 .text.__console_write
                0x80023600      0x644 /Programs/devkitpro/libogc/lib/wii/libogc.a(console.o)
                0x80023600                __console_write
 .text.__lwp_queue_initialize
                0x80023c44       0x54 /Programs/devkitpro/libogc/lib/wii/libogc.a(lwp_queue.o)
                0x80023c44                __lwp_queue_initialize
 .text.__lwp_queue_get
                0x80023c98       0x7c /Programs/devkitpro/libogc/lib/wii/libogc.a(lwp_queue.o)
                0x80023c98                __lwp_queue_get
 .text.__lwp_queue_append
                0x80023d14       0x4c /Programs/devkitpro/libogc/lib/wii/libogc.a(lwp_queue.o)
                0x80023d14                __lwp_queue_append
 .text.__lwp_isr_in_progress
                0x80023d60        0x8 /Programs/devkitpro/libogc/lib/wii/libogc.a(lwp_threads.o)
                0x80023d60                __lwp_isr_in_progress
 .text.__lwp_thread_resettimeslice
                0x80023d68       0xd0 /Programs/devkitpro/libogc/lib/wii/libogc.a(lwp_threads.o)
                0x80023d68                __lwp_thread_resettimeslice
 .text.__lwp_thread_setstate
                0x80023e38      0x158 /Programs/devkitpro/libogc/lib/wii/libogc.a(lwp_threads.o)
                0x80023e38                __lwp_thread_setstate
 .text.__lwp_thread_clearstate
                0x80023f90      0x104 /Programs/devkitpro/libogc/lib/wii/libogc.a(lwp_threads.o)
                0x80023f90                __lwp_thread_clearstate
 .text.__lwp_thread_setpriority
                0x80024094       0x5c /Programs/devkitpro/libogc/lib/wii/libogc.a(lwp_threads.o)
                0x80024094                __lwp_thread_setpriority
 .text.__lwp_thread_settransient
                0x800240f0       0xd0 /Programs/devkitpro/libogc/lib/wii/libogc.a(lwp_threads.o)
                0x800240f0                __lwp_thread_settransient
 .text.__lwp_thread_loadenv
                0x800241c0       0x78 /Programs/devkitpro/libogc/lib/wii/libogc.a(lwp_threads.o)
                0x800241c0                __lwp_thread_loadenv
 .text.__lwp_thread_ready
                0x80024238       0xf8 /Programs/devkitpro/libogc/lib/wii/libogc.a(lwp_threads.o)
                0x80024238                __lwp_thread_ready
 .text.__thread_dispatch
                0x80024330      0x12c /Programs/devkitpro/libogc/lib/wii/libogc.a(lwp_threads.o)
                0x80024330                __thread_dispatch
 .text.__lwp_thread_start
                0x8002445c       0x64 /Programs/devkitpro/libogc/lib/wii/libogc.a(lwp_threads.o)
                0x8002445c                __lwp_thread_start
 .text.__lwp_thread_close
                0x800244c0      0x138 /Programs/devkitpro/libogc/lib/wii/libogc.a(lwp_threads.o)
                0x800244c0                __lwp_thread_close
 .text.__lwp_thread_closeall
                0x800245f8       0xd4 /Programs/devkitpro/libogc/lib/wii/libogc.a(lwp_threads.o)
                0x800245f8                __lwp_thread_closeall
 .text.__lwp_thread_init
                0x800246cc      0x124 /Programs/devkitpro/libogc/lib/wii/libogc.a(lwp_threads.o)
                0x800246cc                __lwp_thread_init
 .text.__thread_dispatch_fp
                0x800247f0       0x9c /Programs/devkitpro/libogc/lib/wii/libogc.a(lwp_threads.o)
                0x800247f0                __thread_dispatch_fp
 .text.__lwp_thread_stopmultitasking
                0x8002488c       0x64 /Programs/devkitpro/libogc/lib/wii/libogc.a(lwp_threads.o)
                0x8002488c                __lwp_thread_stopmultitasking
 .text.__lwp_thread_changepriority
                0x800248f0      0x1b8 /Programs/devkitpro/libogc/lib/wii/libogc.a(lwp_threads.o)
                0x800248f0                __lwp_thread_changepriority
 .text.__lwp_thread_coreinit
                0x80024aa8       0x94 /Programs/devkitpro/libogc/lib/wii/libogc.a(lwp_threads.o)
                0x80024aa8                __lwp_thread_coreinit
 .text.__lwp_thread_exit
                0x80024b3c       0x70 /Programs/devkitpro/libogc/lib/wii/libogc.a(lwp_threads.o)
                0x80024b3c                __lwp_thread_exit
 .text.__lwp_thread_handler
                0x80024bac       0x7c /Programs/devkitpro/libogc/lib/wii/libogc.a(lwp_threads.o)
 .text.__lwp_thread_startmultitasking
                0x80024c28       0xcc /Programs/devkitpro/libogc/lib/wii/libogc.a(lwp_threads.o)
                0x80024c28                __lwp_thread_startmultitasking
 .text.__lwp_thread_tickle_timeslice
                0x80024cf4       0xe0 /Programs/devkitpro/libogc/lib/wii/libogc.a(lwp_threads.o)
                0x80024cf4                __lwp_thread_tickle_timeslice
 .text.idle_func
                0x80024dd4        0x4 /Programs/devkitpro/libogc/lib/wii/libogc.a(lwp.o)
 .text.__lwp_sysinit
                0x80024dd8      0x118 /Programs/devkitpro/libogc/lib/wii/libogc.a(lwp.o)
                0x80024dd8                __lwp_sysinit
 .text.LWP_ThreadSignal
                0x80024ef0       0x74 /Programs/devkitpro/libogc/lib/wii/libogc.a(lwp.o)
                0x80024ef0                LWP_ThreadSignal
 .text.LWP_ThreadBroadcast
                0x80024f64       0x88 /Programs/devkitpro/libogc/lib/wii/libogc.a(lwp.o)
                0x80024f64                LWP_ThreadBroadcast
 .text.LWP_ThreadSleep
                0x80024fec       0xe0 /Programs/devkitpro/libogc/lib/wii/libogc.a(lwp.o)
                0x80024fec                LWP_ThreadSleep
 .text.LWP_CloseQueue
                0x800250cc       0xe8 /Programs/devkitpro/libogc/lib/wii/libogc.a(lwp.o)
                0x800250cc                LWP_CloseQueue
 .text.LWP_InitQueue
                0x800251b4      0x124 /Programs/devkitpro/libogc/lib/wii/libogc.a(lwp.o)
                0x800251b4                LWP_InitQueue
 .text.__lwp_stack_free
                0x800252d8       0x38 /Programs/devkitpro/libogc/lib/wii/libogc.a(lwp_stack.o)
                0x800252d8                __lwp_stack_free
 .text.__lwp_stack_allocate
                0x80025310       0x6c /Programs/devkitpro/libogc/lib/wii/libogc.a(lwp_stack.o)
                0x80025310                __lwp_stack_allocate
 .text.__lwp_watchdog_init
                0x8002537c       0x2c /Programs/devkitpro/libogc/lib/wii/libogc.a(lwp_watchdog.o)
                0x8002537c                __lwp_watchdog_init
 .text.__lwp_wd_settimer
                0x800253a8       0xe0 /Programs/devkitpro/libogc/lib/wii/libogc.a(lwp_watchdog.o)
 .text.__lwp_wd_remove
                0x80025488      0x104 /Programs/devkitpro/libogc/lib/wii/libogc.a(lwp_watchdog.o)
                0x80025488                __lwp_wd_remove
 .text.__lwp_wd_insert
                0x8002558c      0x1c4 /Programs/devkitpro/libogc/lib/wii/libogc.a(lwp_watchdog.o)
                0x8002558c                __lwp_wd_insert
 .text.__lwp_wd_tickle
                0x80025750      0x130 /Programs/devkitpro/libogc/lib/wii/libogc.a(lwp_watchdog.o)
                0x80025750                __lwp_wd_tickle
 .text.__lwp_wkspace_init
                0x80025880       0xc8 /Programs/devkitpro/libogc/lib/wii/libogc.a(lwp_wkspace.o)
                0x80025880                __lwp_wkspace_init
 .text.__lwp_objmgr_getisrdisable
                0x80025948       0x64 /Programs/devkitpro/libogc/lib/wii/libogc.a(lwp_objmgr.o)
                0x80025948                __lwp_objmgr_getisrdisable
 .text.__lwp_objmgr_getnoprotection
                0x800259ac       0x24 /Programs/devkitpro/libogc/lib/wii/libogc.a(lwp_objmgr.o)
                0x800259ac                __lwp_objmgr_getnoprotection
 .text.__lwp_objmgr_allocate
                0x800259d0       0x74 /Programs/devkitpro/libogc/lib/wii/libogc.a(lwp_objmgr.o)
                0x800259d0                __lwp_objmgr_allocate
 .text.__lwp_objmgr_free
                0x80025a44       0x5c /Programs/devkitpro/libogc/lib/wii/libogc.a(lwp_objmgr.o)
                0x80025a44                __lwp_objmgr_free
 .text.__lwp_objmgr_get
                0x80025aa0       0x78 /Programs/devkitpro/libogc/lib/wii/libogc.a(lwp_objmgr.o)
                0x80025aa0                __lwp_objmgr_get
 .text.__lwp_objmgr_initinfo
                0x80025b18      0x1b0 /Programs/devkitpro/libogc/lib/wii/libogc.a(lwp_objmgr.o)
                0x80025b18                __lwp_objmgr_initinfo
 .text.__lwp_heap_init
                0x80025cc8       0x9c /Programs/devkitpro/libogc/lib/wii/libogc.a(lwp_heap.o)
                0x80025cc8                __lwp_heap_init
 .text.__lwp_heap_free
                0x80025d64      0x1d4 /Programs/devkitpro/libogc/lib/wii/libogc.a(lwp_heap.o)
                0x80025d64                __lwp_heap_free
 .text.__lwp_heap_allocate
                0x80025f38      0x16c /Programs/devkitpro/libogc/lib/wii/libogc.a(lwp_heap.o)
                0x80025f38                __lwp_heap_allocate
 .text.c_irqdispatcher
                0x800260a4      0x2ac /Programs/devkitpro/libogc/lib/wii/libogc.a(irq.o)
                0x800260a4                c_irqdispatcher
 .text.__SetInterrupts
                0x80026350      0x268 /Programs/devkitpro/libogc/lib/wii/libogc.a(irq.o)
 .text.__UnmaskIrq
                0x800265b8       0x90 /Programs/devkitpro/libogc/lib/wii/libogc.a(irq.o)
                0x800265b8                __UnmaskIrq
 .text.__MaskIrq
                0x80026648       0x90 /Programs/devkitpro/libogc/lib/wii/libogc.a(irq.o)
                0x80026648                __MaskIrq
 .text.IRQ_Request
                0x800266d8       0x54 /Programs/devkitpro/libogc/lib/wii/libogc.a(irq.o)
                0x800266d8                IRQ_Request
 .text.IRQ_GetHandler
                0x8002672c       0x44 /Programs/devkitpro/libogc/lib/wii/libogc.a(irq.o)
                0x8002672c                IRQ_GetHandler
 .text.IRQ_Disable
                0x80026770       0x20 /Programs/devkitpro/libogc/lib/wii/libogc.a(irq.o)
                0x80026770                IRQ_Disable
 .text.IRQ_Restore
                0x80026790       0x1c /Programs/devkitpro/libogc/lib/wii/libogc.a(irq.o)
                0x80026790                IRQ_Restore
 .text.__irq_init
                0x800267ac       0xac /Programs/devkitpro/libogc/lib/wii/libogc.a(irq.o)
                0x800267ac                __irq_init
 .text.__gettiming
                0x80026858       0xb0 /Programs/devkitpro/libogc/lib/wii/libogc.a(video.o)
 .text.VIDEO_Flush
                0x80026908      0x178 /Programs/devkitpro/libogc/lib/wii/libogc.a(video.o)
                0x80026908                VIDEO_Flush
 .text.VIDEO_GetCurrentTvMode
                0x80026a80       0x70 /Programs/devkitpro/libogc/lib/wii/libogc.a(video.o)
                0x80026a80                VIDEO_GetCurrentTvMode
 .text.VIDEO_HaveComponentCable
                0x80026af0       0x14 /Programs/devkitpro/libogc/lib/wii/libogc.a(video.o)
                0x80026af0                VIDEO_HaveComponentCable
 .text.VIDEO_GetPreferredMode
                0x80026b04       0xd0 /Programs/devkitpro/libogc/lib/wii/libogc.a(video.o)
                0x80026b04                VIDEO_GetPreferredMode
 .text.VIDEO_WaitVSync
                0x80026bd4       0x90 /Programs/devkitpro/libogc/lib/wii/libogc.a(video.o)
                0x80026bd4                VIDEO_WaitVSync
 .text.__VISendI2CData
                0x80026c64      0x560 /Programs/devkitpro/libogc/lib/wii/libogc.a(video.o)
 .text.__VIWriteI2CRegisterBuf
                0x800271c4       0x54 /Programs/devkitpro/libogc/lib/wii/libogc.a(video.o)
 .text.__VIWriteI2CRegister32
                0x80027218       0x58 /Programs/devkitpro/libogc/lib/wii/libogc.a(video.o)
 .text.__VIWriteI2CRegister16
                0x80027270       0x48 /Programs/devkitpro/libogc/lib/wii/libogc.a(video.o)
 .text.__VIWriteI2CRegister8
                0x800272b8       0x3c /Programs/devkitpro/libogc/lib/wii/libogc.a(video.o)
 .text.__VISetFilterEURGB60
                0x800272f4        0xc /Programs/devkitpro/libogc/lib/wii/libogc.a(video.o)
 .text.__VISetYUVSEL
                0x80027300       0x90 /Programs/devkitpro/libogc/lib/wii/libogc.a(video.o)
 .text.VIDEO_Init
                0x80027390      0x818 /Programs/devkitpro/libogc/lib/wii/libogc.a(video.o)
                0x80027390                VIDEO_Init
 .text.__VIRetraceHandler
                0x80027ba8      0x308 /Programs/devkitpro/libogc/lib/wii/libogc.a(video.o)
 .text.VIDEO_GetCurrentLine
                0x80027eb0       0xa8 /Programs/devkitpro/libogc/lib/wii/libogc.a(video.o)
                0x80027eb0                VIDEO_GetCurrentLine
 .text.VIDEO_SetBlack
                0x80027f58      0x158 /Programs/devkitpro/libogc/lib/wii/libogc.a(video.o)
                0x80027f58                VIDEO_SetBlack
 .text.VIDEO_Configure
                0x800280b0      0x874 /Programs/devkitpro/libogc/lib/wii/libogc.a(video.o)
                0x800280b0                VIDEO_Configure
 .text.VIDEO_SetNextFramebuffer
                0x80028924      0x234 /Programs/devkitpro/libogc/lib/wii/libogc.a(video.o)
                0x80028924                VIDEO_SetNextFramebuffer