Archive member included because of file (symbol)

/Programs/devkitpro/libogc/lib/wii/libmii.a(mii.o)
                              main.o (loadMiis_Wii)
/Programs/devkitpro/libogc/lib/wii/libisfs.a(isfs.o)
                              /Programs/devkitpro/libogc/lib/wii/libmii.a(mii.o) (ISFS_Unmount)
/Programs/devkitpro/libogc/lib/wii/libisfs.a(certs.bin.o)
                              /Programs/devkitpro/libogc/lib/wii/libisfs.a(isfs.o) (certs_bin_size)
/Programs/devkitpro/libogc/lib/wii/libisfs.a(su_tik.bin.o)
                              /Programs/devkitpro/libogc/lib/wii/libisfs.a(isfs.o) (su_tik_bin_size)
/Programs/devkitpro/libogc/lib/wii/libisfs.a(su_tmd.bin.o)
                              /Programs/devkitpro/libogc/lib/wii/libisfs.a(isfs.o) (su_tmd_bin_size)
/Programs/devkitpro/libogc/lib/wii/libwiiuse.a(wpad.o)
                              main.o (WPAD_ButtonsDown)
/Programs/devkitpro/libogc/lib/wii/libwiiuse.a(dynamics.o)
                              /Programs/devkitpro/libogc/lib/wii/libwiiuse.a(wpad.o) (calculate_gforce)
/Programs/devkitpro/libogc/lib/wii/libwiiuse.a(io_wii.o)
                              /Programs/devkitpro/libogc/lib/wii/libwiiuse.a(wpad.o) (wiiuse_disconnect)
/Programs/devkitpro/libogc/lib/wii/libwiiuse.a(ir.o)
                              /Programs/devkitpro/libogc/lib/wii/libwiiuse.a(wpad.o) (wiiuse_set_ir_vres)
/Programs/devkitpro/libogc/lib/wii/libwiiuse.a(wiiuse.o)
                              /Programs/devkitpro/libogc/lib/wii/libwiiuse.a(wpad.o) (wiiuse_set_flags)
/Programs/devkitpro/libogc/lib/wii/libwiiuse.a(events.o)
                              /Programs/devkitpro/libogc/lib/wii/libwiiuse.a(io_wii.o) (parse_event)
/Programs/devkitpro/libogc/lib/wii/libwiiuse.a(guitar_hero_3.o)
                              /Programs/devkitpro/libogc/lib/wii/libwiiuse.a(events.o) (guitar_hero_3_event)
/Programs/devkitpro/libogc/lib/wii/libwiiuse.a(io.o)
                              /Programs/devkitpro/libogc/lib/wii/libwiiuse.a(events.o) (wiiuse_disable_expansion)
/Programs/devkitpro/libogc/lib/wii/libwiiuse.a(nunchuk.o)
                              /Programs/devkitpro/libogc/lib/wii/libwiiuse.a(events.o) (nunchuk_event)
/Programs/devkitpro/libogc/lib/wii/libwiiuse.a(wiiboard.o)
                              /Programs/devkitpro/libogc/lib/wii/libwiiuse.a(events.o) (wii_board_event)
/Programs/devkitpro/libogc/lib/wii/libwiiuse.a(classic.o)
                              /Programs/devkitpro/libogc/lib/wii/libwiiuse.a(events.o) (classic_ctrl_event)
/Programs/devkitpro/libogc/lib/wii/libbte.a(bte.o)
                              /Programs/devkitpro/libogc/lib/wii/libwiiuse.a(io_wii.o) (bte_arg)
/Programs/devkitpro/libogc/lib/wii/libbte.a(hci.o)
                              /Programs/devkitpro/libogc/lib/wii/libbte.a(bte.o) (hci_arg)
/Programs/devkitpro/libogc/lib/wii/libbte.a(l2cap.o)
                              /Programs/devkitpro/libogc/lib/wii/libbte.a(hci.o) (lp_connect_ind)
/Programs/devkitpro/libogc/lib/wii/libbte.a(btmemb.o)
                              /Programs/devkitpro/libogc/lib/wii/libbte.a(bte.o) (btmemb_alloc)
/Programs/devkitpro/libogc/lib/wii/libbte.a(btmemr.o)
                              /Programs/devkitpro/libogc/lib/wii/libbte.a(hci.o) (btmemr_init)
/Programs/devkitpro/libogc/lib/wii/libbte.a(btpbuf.o)
                              /Programs/devkitpro/libogc/lib/wii/libbte.a(hci.o) (btpbuf_header)
/Programs/devkitpro/libogc/lib/wii/libbte.a(physbusif.o)
                              /Programs/devkitpro/libogc/lib/wii/libbte.a(bte.o) (physbusif_close)
/Programs/devkitpro/libogc/lib/wii/libogc.a(console.o)
                              main.o (CON_Init)
/Programs/devkitpro/libogc/lib/wii/libogc.a(lwp_queue.o)
                              /Programs/devkitpro/libogc/lib/wii/libwiiuse.a(io_wii.o) (__lwp_queue_initialize)
/Programs/devkitpro/libogc/lib/wii/libogc.a(lwp_threads.o)
                              /Programs/devkitpro/libogc/lib/wii/libwiiuse.a(wpad.o) (_thread_dispatch_disable_level)
/Programs/devkitpro/libogc/lib/wii/libogc.a(lwp.o)
                              /Programs/devkitpro/libogc/lib/wii/libbte.a(bte.o) (LWP_ThreadSignal)
/Programs/devkitpro/libogc/lib/wii/libogc.a(lwp_handler.o)
                              /Programs/devkitpro/libogc/lib/wii/libogc.a(lwp_threads.o) (_cpu_context_save_fp)
/Programs/devkitpro/libogc/lib/wii/libogc.a(lwp_stack.o)
                              /Programs/devkitpro/libogc/lib/wii/libogc.a(lwp_threads.o) (__lwp_stack_free)
/Programs/devkitpro/libogc/lib/wii/libogc.a(lwp_watchdog.o)
                              /Programs/devkitpro/libogc/lib/wii/libogc.a(lwp_threads.o) (_wd_ticks_queue)
/Programs/devkitpro/libogc/lib/wii/libogc.a(lwp_wkspace.o)
                              /Programs/devkitpro/libogc/lib/wii/libwiiuse.a(io_wii.o) (__wkspace_heap)
/Programs/devkitpro/libogc/lib/wii/libogc.a(lwp_objmgr.o)
[...]
Memory Configuration

Name             Origin             Length             Attributes
*default*        0x00000000         0xffffffff

Linker script and memory map

                0x00003400                . = 0x3400

.stub
 *(.stub)
                0x80004000                . = 0x80004000

.init           0x80004000      0x208
 *crt0.o(*.init)
 .init          0x80004000      0x1e4 /Programs/devkitpro/libogc/lib/wii/libogc.a(ogc_crt0.o)
                0x8000419c                _memset
                0x80004000                _start
                0x800041cc                video_line
 *(.init)
 .init          0x800041e4        0xc /Programs/devkitpro/devkitPPC/bin/../lib/gcc/powerpc-gekko/4.2.4/ecrti.o
                0x800041e4                __init
 .init          0x800041f0        0x4 /Programs/devkitpro/devkitPPC/bin/../lib/gcc/powerpc-gekko/4.2.4/crtbegin.o
 .init          0x800041f4        0x4 /Programs/devkitpro/devkitPPC/bin/../lib/gcc/powerpc-gekko/4.2.4/crtend.o
 .init          0x800041f8       0x10 /Programs/devkitpro/devkitPPC/bin/../lib/gcc/powerpc-gekko/4.2.4/ecrtn.o

.plt
 *(.plt)

.interp
 *(.interp)

.hash
 *(.hash)

.dynsym
 *(.dynsym)

.dynstr
 *(.dynstr)

.gnu.version
 *(.gnu.version)

.gnu.version_d
 *(.gnu.version_d)

.gnu.version_r
 *(.gnu.version_r)

.rel.init
 *(.rel.init)

.rela.init      0x80004208        0x0
 *(.rela.init)
 .rela.init     0x00000000        0x0 /Programs/devkitpro/devkitPPC/bin/../lib/gcc/powerpc-gekko/4.2.4/crtbegin.o

.rel.text
 *(.rel.text .rel.text.* .rel.gnu.linkonce.t.*)

.rela.text      0x80004208        0x0
 *(.rela.text .rela.text.* .rela.gnu.linkonce.t.*)
 .rela.text     0x00000000        0x0 /Programs/devkitpro/devkitPPC/bin/../lib/gcc/powerpc-gekko/4.2.4/crtbegin.o
 .rela.text.showMii
                0x00000000        0x0 /Programs/devkitpro/devkitPPC/bin/../lib/gcc/powerpc-gekko/4.2.4/crtbegin.o
 .rela.text.main
                0x00000000        0x0 /Programs/devkitpro/devkitPPC/bin/../lib/gcc/powerpc-gekko/4.2.4/crtbegin.o
 .rela.text.loadMiis
                0x00000000        0x0 /Programs/devkitpro/devkitPPC/bin/../lib/gcc/powerpc-gekko/4.2.4/crtbegin.o
 .rela.text.wiiuse_init_cmd_queue
                0x00000000        0x0 /Programs/devkitpro/devkitPPC/bin/../lib/gcc/powerpc-gekko/4.2.4/crtbegin.o
 .rela.text.wiiuse_init
                0x00000000        0x0 /Programs/devkitpro/devkitPPC/bin/../lib/gcc/powerpc-gekko/4.2.4/crtbegin.o
 .rela.text.guitar_hero_3_handshake
                0x00000000        0x0 /Programs/devkitpro/devkitPPC/bin/../lib/gcc/powerpc-gekko/4.2.4/crtbegin.o
 .rela.text.wiiuse_handshake_expansion
                0x00000000        0x0 /Programs/devkitpro/devkitPPC/bin/../lib/gcc/powerpc-gekko/4.2.4/crtbegin.o
 .rela.text.wiiuse_handshake
                0x00000000        0x0 /Programs/devkitpro/devkitPPC/bin/../lib/gcc/powerpc-gekko/4.2.4/crtbegin.o
 .rela.text.bt_alarmhandler
                0x00000000        0x0 /Programs/devkitpro/devkitPPC/bin/../lib/gcc/powerpc-gekko/4.2.4/crtbegin.o
 .rela.text.CON_EnableGecko
                0x00000000        0x0 /Programs/devkitpro/devkitPPC/bin/../lib/gcc/powerpc-gekko/4.2.4/crtbegin.o
 .rela.text.__console_init
                0x00000000        0x0 /Programs/devkitpro/devkitPPC/bin/../lib/gcc/powerpc-gekko/4.2.4/crtbegin.o
 .rela.text.__console_init_ex
                0x00000000        0x0 /Programs/devkitpro/devkitPPC/bin/../lib/gcc/powerpc-gekko/4.2.4/crtbegin.o
 .rela.text.__lwp_rotate_readyqueue
                0x00000000        0x0 /Programs/devkitpro/devkitPPC/bin/../lib/gcc/powerpc-gekko/4.2.4/crtbegin.o
 .rela.text.__lwp_thread_setstate
                0x00000000        0x0 /Programs/devkitpro/devkitPPC/bin/../lib/gcc/powerpc-gekko/4.2.4/crtbegin.o
 .rela.text.__lwp_thread_setpriority
                0x00000000        0x0 /Programs/devkitpro/devkitPPC/bin/../lib/gcc/powerpc-gekko/4.2.4/crtbegin.o
 .rela.text.__lwp_thread_ready
                0x00000000        0x0 /Programs/devkitpro/devkitPPC/bin/../lib/gcc/powerpc-gekko/4.2.4/crtbegin.o
 .rela.text.__lwp_thread_close
                0x00000000        0x0 /Programs/devkitpro/devkitPPC/bin/../lib/gcc/powerpc-gekko/4.2.4/crtbegin.o
 .rela.text.__lwp_thread_closeall
                0x00000000        0x0 /Programs/devkitpro/devkitPPC/bin/../lib/gcc/powerpc-gekko/4.2.4/crtbegin.o
 .rela.text.__lwp_thread_stopmultitasking
                0x00000000        0x0 /Programs/devkitpro/devkitPPC/bin/../lib/gcc/powerpc-gekko/4.2.4/crtbegin.o
 .rela.text.__lwp_thread_changepriority
                0x00000000        0x0 /Programs/devkitpro/devkitPPC/bin/../lib/gcc/powerpc-gekko/4.2.4/crtbegin.o
 .rela.text.__lwp_thread_coreinit
                0x00000000        0x0 /Programs/devkitpro/devkitPPC/bin/../lib/gcc/powerpc-gekko/4.2.4/crtbegin.o
 .rela.text.__lwp_thread_suspend
                0x00000000        0x0 /Programs/devkitpro/devkitPPC/bin/../lib/gcc/powerpc-gekko/4.2.4/crtbegin.o
 .rela.text.__lwp_thread_startmultitasking
                0x00000000        0x0 /Programs/devkitpro/devkitPPC/bin/../lib/gcc/powerpc-gekko/4.2.4/crtbegin.o
 .rela.text.__lwp_thread_tickle_timeslice
                0x00000000        0x0 /Programs/devkitpro/devkitPPC/bin/../lib/gcc/powerpc-gekko/4.2.4/crtbegin.o
 .rela.text.__lwp_thread_context
                0x00000000        0x0 /Programs/devkitpro/devkitPPC/bin/../lib/gcc/powerpc-gekko/4.2.4/crtbegin.o
 .rela.text.__lwp_thread_exists
                0x00000000        0x0 /Programs/devkitpro/devkitPPC/bin/../lib/gcc/powerpc-gekko/4.2.4/crtbegin.o
 .rela.text.__lwp_thread_isalive
                0x00000000        0x0 /Programs/devkitpro/devkitPPC/bin/../lib/gcc/powerpc-gekko/4.2.4/crtbegin.o
 .rela.text.__lwp_sysinit
                0x00000000        0x0 /Programs/devkitpro/devkitPPC/bin/../lib/gcc/powerpc-gekko/4.2.4/crtbegin.o
 .rela.text.LWP_ThreadSignal
                0x00000000        0x0 /Programs/devkitpro/devkitPPC/bin/../lib/gcc/powerpc-gekko/4.2.4/crtbegin.o
 .rela.text.LWP_ThreadBroadcast
                0x00000000        0x0 /Programs/devkitpro/devkitPPC/bin/../lib/gcc/powerpc-gekko/4.2.4/crtbegin.o
 .rela.text.LWP_ThreadSleep
                0x00000000        0x0 /Programs/devkitpro/devkitPPC/bin/../lib/gcc/powerpc-gekko/4.2.4/crtbegin.o
 .rela.text.LWP_CloseQueue
                0x00000000        0x0 /Programs/devkitpro/devkitPPC/bin/../lib/gcc/powerpc-gekko/4.2.4/crtbegin.o
 .rela.text.LWP_InitQueue
                0x00000000        0x0 /Programs/devkitpro/devkitPPC/bin/../lib/gcc/powerpc-gekko/4.2.4/crtbegin.o
 .rela.text.LWP_JoinThread
                0x00000000        0x0 /Programs/devkitpro/devkitPPC/bin/../lib/gcc/powerpc-gekko/4.2.4/crtbegin.o
 .rela.text.LWP_ThreadIsSuspended
                0x00000000        0x0 /Programs/devkitpro/devkitPPC/bin/../lib/gcc/powerpc-gekko/4.2.4/crtbegin.o
 .rela.text.LWP_SetThreadPriority
                0x00000000        0x0 /Programs/devkitpro/devkitPPC/bin/../lib/gcc/powerpc-gekko/4.2.4/crtbegin.o
 .rela.text.LWP_ResumeThread
                0x00000000        0x0 /Programs/devkitpro/devkitPPC/bin/../lib/gcc/powerpc-gekko/4.2.4/crtbegin.o
 .rela.text.LWP_SuspendThread
                0x00000000        0x0 /Programs/devkitpro/devkitPPC/bin/../lib/gcc/powerpc-gekko/4.2.4/crtbegin.o
 .rela.text.LWP_CreateThread
                0x00000000        0x0 /Programs/devkitpro/devkitPPC/bin/../lib/gcc/powerpc-gekko/4.2.4/crtbegin.o
 .rela.text.__lwp_stack_free
                0x00000000        0x0 /Programs/devkitpro/devkitPPC/bin/../lib/gcc/powerpc-gekko/4.2.4/crtbegin.o
 .rela.text.__lwp_stack_allocate
                0x00000000        0x0 /Programs/devkitpro/devkitPPC/bin/../lib/gcc/powerpc-gekko/4.2.4/crtbegin.o
 .rela.text.__lwp_watchdog_init
                0x00000000        0x0 /Programs/devkitpro/devkitPPC/bin/../lib/gcc/powerpc-gekko/4.2.4/crtbegin.o
 .rela.text.__lwp_wd_tickle
                0x00000000        0x0 /Programs/devkitpro/devkitPPC/bin/../lib/gcc/powerpc-gekko/4.2.4/crtbegin.o
 .rela.text.__lwp_wkspace_init
                0x00000000        0x0 /Programs/devkitpro/devkitPPC/bin/../lib/gcc/powerpc-gekko/4.2.4/crtbegin.o
 .rela.text.__lwp_wkspace_heapused
                0x00000000        0x0 /Programs/devkitpro/devkitPPC/bin/../lib/gcc/powerpc-gekko/4.2.4/crtbegin.o
 .rela.text.__lwp_wkspace_heapfree
                0x00000000        0x0 /Programs/devkitpro/devkitPPC/bin/../lib/gcc/powerpc-gekko/4.2.4/crtbegin.o
 .rela.text.__lwp_objmgr_initinfo
                0x00000000        0x0 /Programs/devkitpro/devkitPPC/bin/../lib/gcc/powerpc-gekko/4.2.4/crtbegin.o
 .rela.text.__irq_init
                0x00000000        0x0 /Programs/devkitpro/devkitPPC/bin/../lib/gcc/powerpc-gekko/4.2.4/crtbegin.o
 .rela.text.__sram_sync
                0x00000000        0x0 /Programs/devkitpro/devkitPPC/bin/../lib/gcc/powerpc-gekko/4.2.4/crtbegin.o
 .rela.text.__locksram
                0x00000000        0x0 /Programs/devkitpro/devkitPPC/bin/../lib/gcc/powerpc-gekko/4.2.4/crtbegin.o
 .rela.text.__sram_init
                0x00000000        0x0 /Programs/devkitpro/devkitPPC/bin/../lib/gcc/powerpc-gekko/4.2.4/crtbegin.o
 .rela.text.SYS_Init
                0x00000000        0x0 /Programs/devkitpro/devkitPPC/bin/../lib/gcc/powerpc-gekko/4.2.4/crtbegin.o
 .rela.text.__unlocksram
                0x00000000        0x0 /Programs/devkitpro/devkitPPC/bin/../lib/gcc/powerpc-gekko/4.2.4/crtbegin.o
 .rela.text.__sram_writecallback
                0x00000000        0x0 /Programs/devkitpro/devkitPPC/bin/../lib/gcc/powerpc-gekko/4.2.4/crtbegin.o
 .rela.text.SYS_CancelAlarm
                0x00000000        0x0 /Programs/devkitpro/devkitPPC/bin/../lib/gcc/powerpc-gekko/4.2.4/crtbegin.o
 .rela.text.SYS_RemoveAlarm
                0x00000000        0x0 /Programs/devkitpro/devkitPPC/bin/../lib/gcc/powerpc-gekko/4.2.4/crtbegin.o
 .rela.text.SYS_SetAlarm
                0x00000000        0x0 /Programs/devkitpro/devkitPPC/bin/../lib/gcc/powerpc-gekko/4.2.4/crtbegin.o
 .rela.text.__sys_alarmhandler
                0x00000000        0x0 /Programs/devkitpro/devkitPPC/bin/../lib/gcc/powerpc-gekko/4.2.4/crtbegin.o
 .rela.text.SYS_SetPeriodicAlarm
                0x00000000        0x0 /Programs/devkitpro/devkitPPC/bin/../lib/gcc/powerpc-gekko/4.2.4/crtbegin.o
 .rela.text.__lwp_cond_init
                0x00000000        0x0 /Programs/devkitpro/devkitPPC/bin/../lib/gcc/powerpc-gekko/4.2.4/crtbegin.o
 .rela.text.LWP_CondDestroy
                0x00000000        0x0 /Programs/devkitpro/devkitPPC/bin/../lib/gcc/powerpc-gekko/4.2.4/crtbegin.o
 .rela.text.LWP_CondInit
                0x00000000        0x0 /Programs/devkitpro/devkitPPC/bin/../lib/gcc/powerpc-gekko/4.2.4/crtbegin.o
 .rela.text.__lwp_cond_signalsupp
                0x00000000        0x0 /Programs/devkitpro/devkitPPC/bin/../lib/gcc/powerpc-gekko/4.2.4/crtbegin.o
 .rela.text.__lwp_cond_waitsupp
                0x00000000        0x0 /Programs/devkitpro/devkitPPC/bin/../lib/gcc/powerpc-gekko/4.2.4/crtbegin.o
 .rela.text.c_decrementer_handler
                0x00000000        0x0 /Programs/devkitpro/devkitPPC/bin/../lib/gcc/powerpc-gekko/4.2.4/crtbegin.o
 .rela.text.__lwp_mqbox_init
                0x00000000        0x0 /Programs/devkitpro/devkitPPC/bin/../lib/gcc/powerpc-gekko/4.2.4/crtbegin.o
 .rela.text.MQ_Close
                0x00000000        0x0 /Programs/devkitpro/devkitPPC/bin/../lib/gcc/powerpc-gekko/4.2.4/crtbegin.o
 .rela.text.MQ_Init
                0x00000000        0x0 /Programs/devkitpro/devkitPPC/bin/../lib/gcc/powerpc-gekko/4.2.4/crtbegin.o
 .rela.text.MQ_Jam
                0x00000000        0x0 /Programs/devkitpro/devkitPPC/bin/../lib/gcc/powerpc-gekko/4.2.4/crtbegin.o
 .rela.text.MQ_Receive
                0x00000000        0x0 /Programs/devkitpro/devkitPPC/bin/../lib/gcc/powerpc-gekko/4.2.4/crtbegin.o
 .rela.text.MQ_Send
                0x00000000        0x0 /Programs/devkitpro/devkitPPC/bin/../lib/gcc/powerpc-gekko/4.2.4/crtbegin.o
 .rela.text.__ios_ioctlvformat_parse
                0x00000000        0x0 /Programs/devkitpro/devkitPPC/bin/../lib/gcc/powerpc-gekko/4.2.4/crtbegin.o
 .rela.text.__ioctlvfmtCB
                0x00000000        0x0 /Programs/devkitpro/devkitPPC/bin/../lib/gcc/powerpc-gekko/4.2.4/crtbegin.o
 .rela.text.IOS_IoctlvFormatAsync
                0x00000000        0x0 /Programs/devkitpro/devkitPPC/bin/../lib/gcc/powerpc-gekko/4.2.4/crtbegin.o
 .rela.text.IOS_IoctlvFormat
                0x00000000        0x0 /Programs/devkitpro/devkitPPC/bin/../lib/gcc/powerpc-gekko/4.2.4/crtbegin.o
 .rela.text.nanosleep
                0x00000000        0x0 /Programs/devkitpro/devkitPPC/bin/../lib/gcc/powerpc-gekko/4.2.4/crtbegin.o
 .rela.text.__libc_init
                0x00000000        0x0 /Programs/devkitpro/devkitPPC/bin/../lib/gcc/powerpc-gekko/4.2.4/crtbegin.o
 .rela.text.__libc_wrapup
                0x00000000        0x0 /Programs/devkitpro/devkitPPC/bin/../lib/gcc/powerpc-gekko/4.2.4/crtbegin.o
 .rela.text.__libc_delete_hook
                0x00000000        0x0 /Programs/devkitpro/devkitPPC/bin/../lib/gcc/powerpc-gekko/4.2.4/crtbegin.o
 .rela.text.__CheckARGV
                0x00000000        0x0 /Programs/devkitpro/devkitPPC/bin/../lib/gcc/powerpc-gekko/4.2.4/crtbegin.o
 .rela.text.__lwp_priority_init
                0x00000000        0x0 /Programs/devkitpro/devkitPPC/bin/../lib/gcc/powerpc-gekko/4.2.4/crtbegin.o
 .rela.text.__lwp_threadqueue_extractpriority
                0x00000000        0x0 /Programs/devkitpro/devkitPPC/bin/../lib/gcc/powerpc-gekko/4.2.4/crtbegin.o
 .rela.text.__lwp_threadqueue_extractfifo
                0x00000000        0x0 /Programs/devkitpro/devkitPPC/bin/../lib/gcc/powerpc-gekko/4.2.4/crtbegin.o
 .rela.text.__lwp_threadqueue_dequeuepriority
                0x00000000        0x0 /Programs/devkitpro/devkitPPC/bin/../lib/gcc/powerpc-gekko/4.2.4/crtbegin.o
 .rela.text.__lwp_threadqueue_enqueuepriority
                0x00000000        0x0 /Programs/devkitpro/devkitPPC/bin/../lib/gcc/powerpc-gekko/4.2.4/crtbegin.o
 .rela.text.__lwp_threadqueue_dequeuefifo
                0x00000000        0x0 /Programs/devkitpro/devkitPPC/bin/../lib/gcc/powerpc-gekko/4.2.4/crtbegin.o
 .rela.text.__lwp_threadqueue_enqueuefifo
                0x00000000        0x0 /Programs/devkitpro/devkitPPC/bin/../lib/gcc/powerpc-gekko/4.2.4/crtbegin.o
 .rela.text.__lwp_threadqueue_enqueue
                0x00000000        0x0 /Programs/devkitpro/devkitPPC/bin/../lib/gcc/powerpc-gekko/4.2.4/crtbegin.o
 .rela.text.__lwpmq_close
                0x00000000        0x0 /Programs/devkitpro/devkitPPC/bin/../lib/gcc/powerpc-gekko/4.2.4/crtbegin.o
 .rela.text.__lwpmq_initialize
                0x00000000        0x0 /Programs/devkitpro/devkitPPC/bin/../lib/gcc/powerpc-gekko/4.2.4/crtbegin.o
 .rela.text.__exception_sethandler
                0x00000000        0x0 /Programs/devkitpro/devkitPPC/bin/../lib/gcc/powerpc-gekko/4.2.4/crtbegin.o
 .rela.text.__exception_init
                0x00000000        0x0 /Programs/devkitpro/devkitPPC/bin/../lib/gcc/powerpc-gekko/4.2.4/crtbegin.o
 .rela.text.__systemcall_init
                0x00000000        0x0 /Programs/devkitpro/devkitPPC/bin/../lib/gcc/powerpc-gekko/4.2.4/crtbegin.o
 .rela.text.__lwp_sema_init
                0x00000000        0x0 /Programs/devkitpro/devkitPPC/bin/../lib/gcc/powerpc-gekko/4.2.4/crtbegin.o
 .rela.text.LWP_SemInit
                0x00000000        0x0 /Programs/devkitpro/devkitPPC/bin/../lib/gcc/powerpc-gekko/4.2.4/crtbegin.o
 .rela.text.LWP_SemDestroy
                0x00000000        0x0 /Programs/devkitpro/devkitPPC/bin/../lib/gcc/powerpc-gekko/4.2.4/crtbegin.o
 .rela.text.LWP_SemPost
                0x00000000        0x0 /Programs/devkitpro/devkitPPC/bin/../lib/gcc/powerpc-gekko/4.2.4/crtbegin.o
 .rela.text.LWP_SemWait
                0x00000000        0x0 /Programs/devkitpro/devkitPPC/bin/../lib/gcc/powerpc-gekko/4.2.4/crtbegin.o
 .rela.text.LWP_MutexInit
                0x00000000        0x0 /Programs/devkitpro/devkitPPC/bin/../lib/gcc/powerpc-gekko/4.2.4/crtbegin.o
 .rela.text.__lwp_mutex_init
                0x00000000        0x0 /Programs/devkitpro/devkitPPC/bin/../lib/gcc/powerpc-gekko/4.2.4/crtbegin.o
 .rela.text.LWP_MutexDestroy
                0x00000000        0x0 /Programs/devkitpro/devkitPPC/bin/../lib/gcc/powerpc-gekko/4.2.4/crtbegin.o
 .rela.text.__lwp_mutex_locksupp
                0x00000000        0x0 /Programs/devkitpro/devkitPPC/bin/../lib/gcc/powerpc-gekko/4.2.4/crtbegin.o
 .rela.text.LWP_MutexUnlock
                0x00000000        0x0 /Programs/devkitpro/devkitPPC/bin/../lib/gcc/powerpc-gekko/4.2.4/crtbegin.o
 .rela.text.kprintf
                0x00000000        0x0 /Programs/devkitpro/devkitPPC/bin/../lib/gcc/powerpc-gekko/4.2.4/crtbegin.o

.rel.fini
 *(.rel.fini)

.rela.fini
 *(.rela.fini)

.rel.rodata
 *(.rel.rodata .rel.rodata.* .rel.gnu.linkonce.r.*)

.rela.rodata
 *(.rela.rodata .rela.rodata.* .rela.gnu.linkonce.r.*)

.rel.data
 *(.rel.data .rel.data.* .rel.gnu.linkonce.d.*)

.rela.data
 *(.rela.data .rela.data.* .rela.gnu.linkonce.d.*)

.rel.tdata
 *(.rel.tdata .rel.tdata.* .rel.gnu.linkonce.td.*)

.rela.tdata
 *(.rela.tdata .rela.tdata.* .rela.gnu.linkonce.td.*)

.rel.tbss
 *(.rel.tbss .rel.tbss.* .rel.gnu.linkonce.tb.*)

.rela.tbss
 *(.rela.tbss .rela.tbss.* .rela.gnu.linkonce.tb.*)

.rel.ctors
 *(.rel.ctors)

.rela.ctors
 *(.rela.ctors)

.rel.dtors
 *(.rel.dtors)

.rela.dtors
 *(.rela.dtors)

.rel.got
 *(.rel.got)

.rela.got
 *(.rela.got)

.rela.got1
 *(.rela.got1)

.rela.got2      0x80004208        0x0
 *(.rela.got2)
 .rela.got2     0x00000000        0x0 /Programs/devkitpro/devkitPPC/bin/../lib/gcc/powerpc-gekko/4.2.4/crtbegin.o

.rel.sdata
 *(.rel.sdata .rel.sdata.* .rel.gnu.linkonce.s.*)

.rela.sdata
 *(.rela.sdata .rela.sdata.* .rela.gnu.linkonce.s.*)

.rel.sbss
 *(.rel.sbss .rel.sbss.* .rel.gnu.linkonce.sb.*)

.rela.sbss
 *(.rela.sbss .rela.sbss.* .rel.gnu.linkonce.sb.*)

.rel.sdata2
 *(.rel.sdata2 .rel.sdata2.* .rel.gnu.linkonce.s2.*)

.rela.sdata2    0x80004208        0x0
 *(.rela.sdata2 .rela.sdata2.* .rela.gnu.linkonce.s2.*)
 .rela.sdata2.__sys_inIPL
                0x00000000        0x0 /Programs/devkitpro/devkitPPC/bin/../lib/gcc/powerpc-gekko/4.2.4/crtbegin.o

.rel.sbss2
 *(.rel.sbss2 .rel.sbss2.* .rel.gnu.linkonce.sb2.*)

.rela.sbss2
 *(.rela.sbss2 .rela.sbss2.* .rela.gnu.linkonce.sb2.*)

.rel.bss
 *(.rel.bss .rel.bss.* .rel.gnu.linkonce.b.*)

.rela.bss
 *(.rela.bss .rela.bss.* .rela.gnu.linkonce.b.*)

.rel.plt
 *(.rel.plt)

.rela.plt
 *(.rela.plt)

.text           0x80004220    0x33000
 *(.text)
 .text          0x80004220      0x140 /Programs/devkitpro/devkitPPC/bin/../lib/gcc/powerpc-gekko/4.2.4/crtbegin.o
 .text          0x80004360       0x48 /Programs/devkitpro/devkitPPC/bin/../lib/gcc/powerpc-gekko/4.2.4/../../../../powerpc-gekko/lib/crtmain.o
                0x80004364                __crtmain
 .text          0x800043a8      0xe44 /Programs/devkitpro/libogc/lib/wii/libisfs.a(isfs.o)
                0x80004628                ISFS_Unmount
                0x80004530                ISFS_SU
                0x800050fc                ISFS_Mount
 *fill*         0x800051ec       0x14 00000000
 .text          0x80005200      0x4ec /Programs/devkitpro/libogc/lib/wii/libogc.a(lwp_handler.o)
                0x80005340                _cpu_context_restore_fp
                0x80005600                _cpu_context_save
                0x80005200                _cpu_context_save_fp
                0x80005480                _cpu_context_switch
                0x80005680                _cpu_context_restore
 .text          0x800056ec      0x5c4 /Programs/devkitpro/libogc/lib/wii/libogc.a(system_asm.o)
                0x80005784                __configMEM1_48Mb
                0x80005c10                __reset
                0x800056ec                __realmode
                0x80005af4                __CacheInit
                0x800058e4                __configMEM2_64Mb
                0x80005b58                __SystemInit
                0x80005a40                __configMEM2_128Mb
                0x80005704                __configMEM1_24Mb
                0x80005abc                __PSInit
                0x80005804                __configMEM2_56Mb
                0x80005960                __configMEM2_112Mb
                0x80005bdc                __flush_cache
                0x80005c80                SYS_SwitchFiber
 .text          0x80005cb0      0x1b0 /Programs/devkitpro/libogc/lib/wii/libogc.a(irq_handler.o)
                0x80005cb0                irq_exceptionhandler
 .text          0x80005e60      0x4d8 /Programs/devkitpro/libogc/lib/wii/libogc.a(cache_asm.o)
                0x8000613c                L2Disable
                0x80005ec4                DCBlockZero
                0x80005f7c                DCFlushRangeNoSync
                0x800060d0                ICBlockInvalidate
                0x80005e60                DCFlashInvalidate
                0x80005ecc                DCBlockStore
                0x80005fdc                DCZeroRange
                0x800062f0                LCLoadBlocks
                0x80005ebc                DCTouchLoad
                0x800062b0                LCAllocTags
                0x80006098                ICDisable
                0x80006084                ICEnable
                0x80006154                L2GlobalInvalidate
                0x80006314                LCStoreBlocks
                0x80006074                ICFlashInvalidate
                0x8000600c                DCTouchRange
                0x80005fac                DCStoreRangeNoSync
                0x800060ac                ICFreeze
                0x80005e84                DCDisable
                0x80005ed4                DCBlockFlush
                0x80005e70                DCEnable
                0x80006128                L2Enable
                0x800061ac                __LCEnable
                0x80005ee4                DCInvalidateRange
                0x8000629c                LCAllocOneTag
                0x80005eac                DCUnfreeze
                0x8000603c                ICInvalidateRange
                0x80005f14                DCFlushRange
                0x800060d8                ICSync
                0x80005edc                DCBlockInvalidate
                0x80005e98                DCFreeze
                0x800060e0                L2Init
                0x800060c0                ICUnfreeze
                0x80005f48                DCStoreRange
                0x80006274                LCDisable
 .text          0x80006338      0x1b0 /Programs/devkitpro/libogc/lib/wii/libogc.a(decrementer_handler.o)
                0x80006338                dec_exceptionhandler
 .text          0x800064e8      0x34c /Programs/devkitpro/libogc/lib/wii/libogc.a(exception_handler.o)
                0x800064e8                exceptionhandler_start
                0x8000659c                default_exceptionhandler
                0x80006830                systemcallhandler_end
                0x80006814                systemcallhandler_start
                0x80006598                exceptionhandler_end
                0x80006564                exceptionhandler_patch
                0x800066dc                fpu_exceptionhandler
 .text          0x80006834       0x34 /Programs/devkitpro/devkitPPC/bin/../lib/gcc/powerpc-gekko/4.2.4/../../../../powerpc-gekko/lib/libm.a(lib_a-s_atan2.o)
                0x80006834                atan2
 .text          0x80006868      0x284 /Programs/devkitpro/devkitPPC/bin/../lib/gcc/powerpc-gekko/4.2.4/../../../../powerpc-gekko/lib/libm.a(lib_a-s_atangent.o)
                0x80006868                atangent
 .text          0x80006aec       0x24 /Programs/devkitpro/devkitPPC/bin/../lib/gcc/powerpc-gekko/4.2.4/../../../../powerpc-gekko/lib/libm.a(lib_a-s_cos.o)
                0x80006aec                cos
 .text          0x80006b10       0xb4 /Programs/devkitpro/devkitPPC/bin/../lib/gcc/powerpc-gekko/4.2.4/../../../../powerpc-gekko/lib/libm.a(lib_a-s_fabs.o)
                0x80006b10                fabs
 .text          0x80006bc4       0xb4 /Programs/devkitpro/devkitPPC/bin/../lib/gcc/powerpc-gekko/4.2.4/../../../../powerpc-gekko/lib/libm.a(lib_a-s_frexp.o)
                0x80006bc4                frexp
 .text          0x80006c78       0x50 /Programs/devkitpro/devkitPPC/bin/../lib/gcc/powerpc-gekko/4.2.4/../../../../powerpc-gekko/lib/libm.a(lib_a-s_numtest.o)
                0x80006c78                numtest
 .text          0x80006cc8       0x24 /Programs/devkitpro/devkitPPC/bin/../lib/gcc/powerpc-gekko/4.2.4/../../../../powerpc-gekko/lib/libm.a(lib_a-s_sin.o)
                0x80006cc8                sin
 .text          0x80006cec      0x2c4 /Programs/devkitpro/devkitPPC/bin/../lib/gcc/powerpc-gekko/4.2.4/../../../../powerpc-gekko/lib/libm.a(lib_a-s_sine.o)
                0x80006cec                sine
 .text          0x80006fb0      0x184 /Programs/devkitpro/devkitPPC/bin/../lib/gcc/powerpc-gekko/4.2.4/../../../../powerpc-gekko/lib/libm.a(lib_a-s_sqrt.o)
                0x80006fb0                sqrt
 .text          0x80007134       0xc8 /Programs/devkitpro/devkitPPC/bin/../lib/gcc/powerpc-gekko/4.2.4/../../../../powerpc-gekko/lib/libm.a(lib_a-sf_atan.o)
                0x80007134                atanf
 .text          0x800071fc       0x38 /Programs/devkitpro/devkitPPC/bin/../lib/gcc/powerpc-gekko/4.2.4/../../../../powerpc-gekko/lib/libm.a(lib_a-sf_atan2.o)
                0x800071fc                atan2f
 .text          0x80007234      0x250 /Programs/devkitpro/devkitPPC/bin/../lib/gcc/powerpc-gekko/4.2.4/../../../../powerpc-gekko/lib/libm.a(lib_a-sf_atangent.o)
                0x80007234                atangentf
 .text          0x80007484       0x24 /Programs/devkitpro/devkitPPC/bin/../lib/gcc/powerpc-gekko/4.2.4/../../../../powerpc-gekko/lib/libm.a(lib_a-sf_cos.o)
                0x80007484                cosf
 .text          0x800074a8       0xb4 /Programs/devkitpro/devkitPPC/bin/../lib/gcc/powerpc-gekko/4.2.4/../../../../powerpc-gekko/lib/libm.a(lib_a-sf_fabs.o)
                0x800074a8                fabsf
 .text          0x8000755c       0xa8 /Programs/devkitpro/devkitPPC/bin/../lib/gcc/powerpc-gekko/4.2.4/../../../../powerpc-gekko/lib/libm.a(lib_a-sf_fpclassify.o)
                0x8000755c                __fpclassifyf
 .text          0x80007604       0x90 /Programs/devkitpro/devkitPPC/bin/../lib/gcc/powerpc-gekko/4.2.4/../../../../powerpc-gekko/lib/libm.a(lib_a-sf_frexp.o)
                0x80007604                frexpf
 .text          0x80007694       0x24 /Programs/devkitpro/devkitPPC/bin/../lib/gcc/powerpc-gekko/4.2.4/../../../../powerpc-gekko/lib/libm.a(lib_a-sf_isinff.o)
                0x80007694                __isinff
 .text          0x800076b8       0x28 /Programs/devkitpro/devkitPPC/bin/../lib/gcc/powerpc-gekko/4.2.4/../../../../powerpc-gekko/lib/libm.a(lib_a-sf_isnanf.o)
                0x800076b8                __isnanf
 .text          0x800076e0       0x48 /Programs/devkitpro/devkitPPC/bin/../lib/gcc/powerpc-gekko/4.2.4/../../../../powerpc-gekko/lib/libm.a(lib_a-sf_numtest.o)
                0x800076e0                numtestf
 .text          0x80007728       0x24 /Programs/devkitpro/devkitPPC/bin/../lib/gcc/powerpc-gekko/4.2.4/../../../../powerpc-gekko/lib/libm.a(lib_a-sf_sin.o)
                0x80007728                sinf
 .text          0x8000774c      0x2b8 /Programs/devkitpro/devkitPPC/bin/../lib/gcc/powerpc-gekko/4.2.4/../../../../powerpc-gekko/lib/libm.a(lib_a-sf_sine.o)
                0x8000774c                sinef
 .text          0x80007a04      0x190 /Programs/devkitpro/devkitPPC/bin/../lib/gcc/powerpc-gekko/4.2.4/../../../../powerpc-gekko/lib/libm.a(lib_a-sf_sqrt.o)
                0x80007a04                sqrtf
 .text          0x80007b94       0x1c /Programs/devkitpro/devkitPPC/bin/../lib/gcc/powerpc-gekko/4.2.4/../../../../powerpc-gekko/lib/libm.a(lib_a-s_ispos.o)
                0x80007b94                ispos
 .text          0x80007bb0      0x154 /Programs/devkitpro/devkitPPC/bin/../lib/gcc/powerpc-gekko/4.2.4/../../../../powerpc-gekko/lib/libm.a(lib_a-s_ldexp.o)
                0x80007bb0                ldexp
 .text          0x80007d04       0x1c /Programs/devkitpro/devkitPPC/bin/../lib/gcc/powerpc-gekko/4.2.4/../../../../powerpc-gekko/lib/libm.a(lib_a-sf_ispos.o)
                0x80007d04                isposf
 .text          0x80007d20      0x14c /Programs/devkitpro/devkitPPC/bin/../lib/gcc/powerpc-gekko/4.2.4/../../../../powerpc-gekko/lib/libm.a(lib_a-sf_ldexp.o)
                0x80007d20                ldexpf
 .text          0x80007e6c      0x408 /Programs/devkitpro/devkitPPC/bin/../lib/gcc/powerpc-gekko/4.2.4/libgcc.a(_udivdi3.o)
                0x80007e6c                __udivdi3
 .text          0x80008274       0x28 /Programs/devkitpro/devkitPPC/bin/../lib/gcc/powerpc-gekko/4.2.4/../../../../powerpc-gekko/lib/libsysbase.a(abort.o)
                0x80008274                abort
 .text          0x8000829c      0x2c4 /Programs/devkitpro/devkitPPC/bin/../lib/gcc/powerpc-gekko/4.2.4/../../../../powerpc-gekko/lib/libsysbase.a(iosupport.o)
                0x80008510                RemoveDevice
                0x8000829c                setDefaultDevice
                0x800082b4                AddDevice
                0x800084cc                GetDeviceOpTab
                0x800083dc                FindDevice
 .text          0x80008560       0x28 /Programs/devkitpro/devkitPPC/bin/../lib/gcc/powerpc-gekko/4.2.4/../../../../powerpc-gekko/lib/libsysbase.a(_exit.o)
                0x80008560                _exit
 .text          0x80008588       0x9c /Programs/devkitpro/devkitPPC/bin/../lib/gcc/powerpc-gekko/4.2.4/../../../../powerpc-gekko/lib/libsysbase.a(build_argv.o)
                0x80008588                build_argv
 .text          0x80008624      0x168 /Programs/devkitpro/devkitPPC/bin/../lib/gcc/powerpc-gekko/4.2.4/../../../../powerpc-gekko/lib/libsysbase.a(syscall_support.o)
                0x80008758                __malloc_unlock
                0x800086a4                __libc_lock_release
                0x80008624                __libc_lock_init
                0x80008724                __malloc_lock
                0x80008664                __libc_lock_close
                0x800086e4                __libc_lock_acquire
 .text          0x8000878c       0x34 /Programs/devkitpro/devkitPPC/bin/../lib/gcc/powerpc-gekko/4.2.4/../../../../powerpc-gekko/lib/libc.a(lib_a-calloc.o)
                0x8000878c                calloc
 .text          0x800087c0       0xd0 /Programs/devkitpro/devkitPPC/bin/../lib/gcc/powerpc-gekko/4.2.4/../../../../powerpc-gekko/lib/libc.a(lib_a-callocr.o)
                0x800087c0                _calloc_r
 .text          0x80008890        0xc /Programs/devkitpro/devkitPPC/bin/../lib/gcc/powerpc-gekko/4.2.4/../../../../powerpc-gekko/lib/libc.a(lib_a-errno.o)
                0x80008890                __errno
 .text          0x8000889c       0x40 /Programs/devkitpro/devkitPPC/bin/../lib/gcc/powerpc-gekko/4.2.4/../../../../powerpc-gekko/lib/libc.a(lib_a-exit.o)
                0x8000889c                exit
 .text          0x800088dc      0x188 /Programs/devkitpro/devkitPPC/bin/../lib/gcc/powerpc-gekko/4.2.4/../../../../powerpc-gekko/lib/libc.a(lib_a-fclose.o)
                0x800088dc                _fclose_r
                0x80008a54                fclose
 .text          0x80008a64      0x350 /Programs/devkitpro/devkitPPC/bin/../lib/gcc/powerpc-gekko/4.2.4/../../../../powerpc-gekko/lib/libc.a(lib_a-fflush.o)
                0x80008d64                fflush
                0x80008a64                _fflush_r
 .text          0x80008db4      0x4ac /Programs/devkitpro/devkitPPC/bin/../lib/gcc/powerpc-gekko/4.2.4/../../../../powerpc-gekko/lib/libc.a(lib_a-findfp.o)
                0x80008fa0                __sinit
                0x800090c0                __sfmoreglue
                0x80008ddc                _cleanup
                0x80008db4                _cleanup_r
                0x8000908c                __fp_lock_all
                0x8000903c                __sfp_lock_acquire
                0x80009138                __sfp
                0x80008e48                __sinit_lock_release
                0x80008e9c                __fp_unlock_all
                0x80008e70                __sfp_lock_release
                0x80008f54                __sinit_lock_acquire
 .text          0x80009260      0x154 /Programs/devkitpro/devkitPPC/bin/../lib/gcc/powerpc-gekko/4.2.4/../../../../powerpc-gekko/lib/libc.a(lib_a-fopen.o)
                0x8000939c                fopen
                0x80009260                _fopen_r
 .text          0x800093b4      0x110 /Programs/devkitpro/devkitPPC/bin/../lib/gcc/powerpc-gekko/4.2.4/../../../../powerpc-gekko/lib/libc.a(lib_a-fprintf.o)
                0x800093b4                fprintf
                0x80009448                _fprintf_r
 .text          0x800094c4      0x3c0 /Programs/devkitpro/devkitPPC/bin/../lib/gcc/powerpc-gekko/4.2.4/../../../../powerpc-gekko/lib/libc.a(lib_a-fread.o)
                0x8000985c                fread
                0x800094c4                _fread_r
 .text          0x80009884      0x3f8 /Programs/devkitpro/devkitPPC/bin/../lib/gcc/powerpc-gekko/4.2.4/../../../../powerpc-gekko/lib/libc.a(lib_a-freer.o)
                0x800099a0                _free_r
                0x80009884                _malloc_trim_r
 .text          0x80009c7c      0x704 /Programs/devkitpro/devkitPPC/bin/../lib/gcc/powerpc-gekko/4.2.4/../../../../powerpc-gekko/lib/libc.a(lib_a-fseek.o)
                0x8000a360                fseek
                0x80009c7c                _fseek_r
 .text          0x8000a380      0x20c /Programs/devkitpro/devkitPPC/bin/../lib/gcc/powerpc-gekko/4.2.4/../../../../powerpc-gekko/lib/libc.a(lib_a-fwalk.o)
                0x8000a48c                _fwalk
                0x8000a380                _fwalk_reent
 .text          0x8000a58c      0x17c /Programs/devkitpro/devkitPPC/bin/../lib/gcc/powerpc-gekko/4.2.4/../../../../powerpc-gekko/lib/libc.a(lib_a-fwrite.o)
                0x8000a58c                _fwrite_r
                0x8000a6e0                fwrite
 .text          0x8000a708      0x1bc /Programs/devkitpro/devkitPPC/bin/../lib/gcc/powerpc-gekko/4.2.4/../../../../powerpc-gekko/lib/libc.a(lib_a-makebuf.o)
                0x8000a708                __smakebuf_r
 .text          0x8000a8c4       0x34 /Programs/devkitpro/devkitPPC/bin/../lib/gcc/powerpc-gekko/4.2.4/../../../../powerpc-gekko/lib/libc.a(lib_a-malign.o)
                0x8000a8c4                memalign
 .text          0x8000a8f8      0x1b0 /Programs/devkitpro/devkitPPC/bin/../lib/gcc/powerpc-gekko/4.2.4/../../../../powerpc-gekko/lib/libc.a(lib_a-malignr.o)
                0x8000a8f8                _memalign_r
 .text          0x8000aaa8       0x58 /Programs/devkitpro/devkitPPC/bin/../lib/gcc/powerpc-gekko/4.2.4/../../../../powerpc-gekko/lib/libc.a(lib_a-malloc.o)
                0x8000aad4                malloc
                0x8000aaa8                free
 .text          0x8000ab00      0x86c /Programs/devkitpro/devkitPPC/bin/../lib/gcc/powerpc-gekko/4.2.4/../../../../powerpc-gekko/lib/libc.a(lib_a-mallocr.o)
                0x8000ab00                _malloc_r
 .text          0x8000b36c       0x8c /Programs/devkitpro/devkitPPC/bin/../lib/gcc/powerpc-gekko/4.2.4/../../../../powerpc-gekko/lib/libc.a(lib_a-memcmp.o)
                0x8000b36c                memcmp
 .text          0x8000b3f8       0xc8 /Programs/devkitpro/devkitPPC/bin/../lib/gcc/powerpc-gekko/4.2.4/../../../../powerpc-gekko/lib/libc.a(lib_a-memcpy.o)
                0x8000b3f8                memcpy
 .text          0x8000b4c0      0x104 /Programs/devkitpro/devkitPPC/bin/../lib/gcc/powerpc-gekko/4.2.4/../../../../powerpc-gekko/lib/libc.a(lib_a-memmove.o)
                0x8000b4c0                memmove
 .text          0x8000b5c4       0xac /Programs/devkitpro/devkitPPC/bin/../lib/gcc/powerpc-gekko/4.2.4/../../../../powerpc-gekko/lib/libc.a(lib_a-memset.o)
                0x8000b5c4                memset
 .text          0x8000b670      0x124 /Programs/devkitpro/devkitPPC/bin/../lib/gcc/powerpc-gekko/4.2.4/../../../../powerpc-gekko/lib/libc.a(lib_a-printf.o)
                0x8000b670                printf
                0x8000b708                _printf_r
 .text          0x8000b794       0xa8 /Programs/devkitpro/devkitPPC/bin/../lib/gcc/powerpc-gekko/4.2.4/../../../../powerpc-gekko/lib/libc.a(lib_a-puts.o)
                0x8000b794                _puts_r
                0x8000b82c                puts
 .text          0x8000b83c       0x34 /Programs/devkitpro/devkitPPC/bin/../lib/gcc/powerpc-gekko/4.2.4/../../../../powerpc-gekko/lib/libc.a(lib_a-realloc.o)
                0x8000b83c                realloc
 .text          0x8000b870      0x668 /Programs/devkitpro/devkitPPC/bin/../lib/gcc/powerpc-gekko/4.2.4/../../../../powerpc-gekko/lib/libc.a(lib_a-reallocr.o)
                0x8000b870                _realloc_r
 .text          0x8000bed8      0x248 /Programs/devkitpro/devkitPPC/bin/../lib/gcc/powerpc-gekko/4.2.4/../../../../powerpc-gekko/lib/libc.a(lib_a-reent.o)
                0x8000bf98                cleanup_glue
                0x8000bfe8                _reclaim_reent
                0x8000bed8                _wrapup_reent
 .text          0x8000c120      0x248 /Programs/devkitpro/devkitPPC/bin/../lib/gcc/powerpc-gekko/4.2.4/../../../../powerpc-gekko/lib/libc.a(lib_a-refill.o)
                0x8000c120                __srefill_r
 .text          0x8000c368      0x2cc /Programs/devkitpro/devkitPPC/bin/../lib/gcc/powerpc-gekko/4.2.4/../../../../powerpc-gekko/lib/libc.a(lib_a-setvbuf.o)
                0x8000c368                setvbuf
 .text          0x8000c634      0x230 /Programs/devkitpro/devkitPPC/bin/../lib/gcc/powerpc-gekko/4.2.4/../../../../powerpc-gekko/lib/libc.a(lib_a-snprintf.o)
                0x8000c634                snprintf
                0x8000c74c                _snprintf_r
 .text          0x8000c864      0x188 /Programs/devkitpro/devkitPPC/bin/../lib/gcc/powerpc-gekko/4.2.4/../../../../powerpc-gekko/lib/libc.a(lib_a-sprintf.o)
                0x8000c930                _sprintf_r
                0x8000c864                sprintf
 .text          0x8000c9ec      0x184 /Programs/devkitpro/devkitPPC/bin/../lib/gcc/powerpc-gekko/4.2.4/../../../../powerpc-gekko/lib/libc.a(lib_a-stdio.o)
                0x8000ca10                __sseek
                0x8000cb0c                __sread
                0x8000c9ec                __sclose
                0x8000ca80                __swrite
 .text          0x8000cb70       0xf0 /Programs/devkitpro/devkitPPC/bin/../lib/gcc/powerpc-gekko/4.2.4/../../../../powerpc-gekko/lib/libc.a(lib_a-strchr.o)
                0x8000cb70                strchr
 .text          0x8000cc60       0xc0 /Programs/devkitpro/devkitPPC/bin/../lib/gcc/powerpc-gekko/4.2.4/../../../../powerpc-gekko/lib/libc.a(lib_a-strcmp.o)
                0x8000cc60                strcmp
 .text          0x8000cd20       0x74 /Programs/devkitpro/devkitPPC/bin/../lib/gcc/powerpc-gekko/4.2.4/../../../../powerpc-gekko/lib/libc.a(lib_a-strcpy.o)
                0x8000cd20                strcpy
 .text          0x8000cd94       0x2c /Programs/devkitpro/devkitPPC/bin/../lib/gcc/powerpc-gekko/4.2.4/../../../../powerpc-gekko/lib/libc.a(lib_a-strdup.o)
                0x8000cd94                strdup
 .text          0x8000cdc0       0x6c /Programs/devkitpro/devkitPPC/bin/../lib/gcc/powerpc-gekko/4.2.4/../../../../powerpc-gekko/lib/libc.a(lib_a-strdup_r.o)
                0x8000cdc0                _strdup_r
 .text          0x8000ce2c       0x64 /Programs/devkitpro/devkitPPC/bin/../lib/gcc/powerpc-gekko/4.2.4/../../../../powerpc-gekko/lib/libc.a(lib_a-strlen.o)
                0x8000ce2c                strlen
 .text          0x8000ce90       0xc0 /Programs/devkitpro/devkitPPC/bin/../lib/gcc/powerpc-gekko/4.2.4/../../../../powerpc-gekko/lib/libc.a(lib_a-strncasecmp.o)
                0x8000ce90                strncasecmp
 .text          0x8000cf50      0x144 /Programs/devkitpro/devkitPPC/bin/../lib/gcc/powerpc-gekko/4.2.4/../../../../powerpc-gekko/lib/libc.a(lib_a-strncmp.o)
                0x8000cf50                strncmp
 .text          0x8000d094       0xdc /Programs/devkitpro/devkitPPC/bin/../lib/gcc/powerpc-gekko/4.2.4/../../../../powerpc-gekko/lib/libc.a(lib_a-strncpy.o)
                0x8000d094                strncpy
 .text          0x8000d170       0x44 /Programs/devkitpro/devkitPPC/bin/../lib/gcc/powerpc-gekko/4.2.4/../../../../powerpc-gekko/lib/libc.a(lib_a-strnlen.o)
                0x8000d170                strnlen
 .text          0x8000d1b4      0x1ec /Programs/devkitpro/devkitPPC/bin/../lib/gcc/powerpc-gekko/4.2.4/../../../../powerpc-gekko/lib/libc.a(lib_a-strtoul.o)
                0x8000d380                strtoul
                0x8000d1b4                _strtoul_r
 .text          0x8000d3a0      0x288 /Programs/devkitpro/devkitPPC/bin/../lib/gcc/powerpc-gekko/4.2.4/../../../../powerpc-gekko/lib/libc.a(lib_a-strtoull_r.o)
                0x8000d3a0                _strtoull_r
 .text          0x8000d628       0x3c /Programs/devkitpro/devkitPPC/bin/../lib/gcc/powerpc-gekko/4.2.4/../../../../powerpc-gekko/lib/libc.a(lib_a-syswrite.o)
                0x8000d628                write
 .text          0x8000d664     0x2344 /Programs/devkitpro/devkitPPC/bin/../lib/gcc/powerpc-gekko/4.2.4/../../../../powerpc-gekko/lib/libc.a(lib_a-vfprintf.o)
                0x8000d6c4                _vfprintf_r
                0x8000f988                vfprintf
 .text          0x8000f9a8       0xa4 /Programs/devkitpro/devkitPPC/bin/../lib/gcc/powerpc-gekko/4.2.4/../../../../powerpc-gekko/lib/libc.a(lib_a-wcrtomb.o)
                0x8000f9a8                _wcrtomb_r
                0x8000fa2c                wcrtomb
 .text          0x8000fa4c      0x1d8 /Programs/devkitpro/devkitPPC/bin/../lib/gcc/powerpc-gekko/4.2.4/../../../../powerpc-gekko/lib/libc.a(lib_a-wcsrtombs.o)
                0x8000fa4c                _wcsrtombs_r
                0x8000fbfc                wcsrtombs
 .text          0x8000fc24      0x464 /Programs/devkitpro/devkitPPC/bin/../lib/gcc/powerpc-gekko/4.2.4/../../../../powerpc-gekko/lib/libc.a(lib_a-wctomb_r.o)
                0x8000fc24                _wctomb_r
 .text          0x80010088      0x178 /Programs/devkitpro/devkitPPC/bin/../lib/gcc/powerpc-gekko/4.2.4/../../../../powerpc-gekko/lib/libc.a(lib_a-wsetup.o)
                0x80010088                __swsetup_r
 .text          0x80010200      0x1ac /Programs/devkitpro/devkitPPC/bin/../lib/gcc/powerpc-gekko/4.2.4/../../../../powerpc-gekko/lib/libc.a(lib_a-__call_atexit.o)
                0x80010200                __call_exitprocs
 .text          0x800103ac     0x1390 /Programs/devkitpro/devkitPPC/bin/../lib/gcc/powerpc-gekko/4.2.4/../../../../powerpc-gekko/lib/libc.a(lib_a-dtoa.o)
                0x800105e8                _dtoa_r
 .text          0x8001173c       0xa4 /Programs/devkitpro/devkitPPC/bin/../lib/gcc/powerpc-gekko/4.2.4/../../../../powerpc-gekko/lib/libc.a(lib_a-flags.o)
                0x8001173c                __sflags
 .text          0x800117e0      0x504 /Programs/devkitpro/devkitPPC/bin/../lib/gcc/powerpc-gekko/4.2.4/../../../../powerpc-gekko/lib/libc.a(lib_a-fvwrite.o)
                0x800117e0                __sfvwrite_r
 .text          0x80011ce4      0x4c4 /Programs/devkitpro/devkitPPC/bin/../lib/gcc/powerpc-gekko/4.2.4/../../../../powerpc-gekko/lib/libc.a(lib_a-locale.o)
                0x80011d08                _setlocale_r
                0x80011ce4                __locale_charset
                0x80011cf0                _localeconv_r
                0x80012190                setlocale
                0x80011cfc                localeconv
 .text          0x800121a8      0x9a8 /Programs/devkitpro/devkitPPC/bin/../lib/gcc/powerpc-gekko/4.2.4/../../../../powerpc-gekko/lib/libc.a(lib_a-mbtowc_r.o)
                0x800121a8                _mbtowc_r
 .text          0x80012b50       0xf4 /Programs/devkitpro/devkitPPC/bin/../lib/gcc/powerpc-gekko/4.2.4/../../../../powerpc-gekko/lib/libc.a(lib_a-memchr.o)
                0x80012b50                memchr
 .text          0x80012c44     0x1114 /Programs/devkitpro/devkitPPC/bin/../lib/gcc/powerpc-gekko/4.2.4/../../../../powerpc-gekko/lib/libc.a(lib_a-mprec.o)
                0x800130ac                _mprec_log10
                0x80013150                __any_on
                0x800131f0                _Balloc
                0x80012fe8                __ratio
                0x800139b0                __i2b
                0x80012e98                __b2d
                0x80013c30                __s2b
                0x80012d98                __mcmp
                0x80012c68                __hi0bits
                0x80013b04                __pow5mult
                0x80013614                __lshift
                0x8001377c                __multiply
                0x800132c0                __d2b
                0x800130e8                __copybits
                0x80012df8                __ulp
                0x80013468                __mdiff
                0x80012cd4                __lo0bits
                0x800139ec                __multadd
                0x80012c44                _Bfree
 .text          0x80013d58       0x44 /Programs/devkitpro/devkitPPC/bin/../lib/gcc/powerpc-gekko/4.2.4/../../../../powerpc-gekko/lib/libc.a(lib_a-s_isinfd.o)
                0x80013d58                __isinfd
 .text          0x80013d9c       0x38 /Programs/devkitpro/devkitPPC/bin/../lib/gcc/powerpc-gekko/4.2.4/../../../../powerpc-gekko/lib/libc.a(lib_a-s_isnand.o)
                0x80013d9c                __isnand
 .text          0x80013dd4       0xa0 /Programs/devkitpro/devkitPPC/bin/../lib/gcc/powerpc-gekko/4.2.4/../../../../powerpc-gekko/lib/libsysbase.a(close.o)
                0x80013dd4                _close_r
 .text          0x80013e74       0xc8 /Programs/devkitpro/devkitPPC/bin/../lib/gcc/powerpc-gekko/4.2.4/../../../../powerpc-gekko/lib/libsysbase.a(fstat.o)
                0x80013e74                _fstat_r
 .text          0x80013f3c        0x8 /Programs/devkitpro/devkitPPC/bin/../lib/gcc/powerpc-gekko/4.2.4/../../../../powerpc-gekko/lib/libsysbase.a(isatty.o)
                0x80013f3c                isatty
 .text          0x80013f44       0xe8 /Programs/devkitpro/devkitPPC/bin/../lib/gcc/powerpc-gekko/4.2.4/../../../../powerpc-gekko/lib/libsysbase.a(lseek.o)
                0x80013f44                _lseek_r
 .text          0x8001402c      0x14c /Programs/devkitpro/devkitPPC/bin/../lib/gcc/powerpc-gekko/4.2.4/../../../../powerpc-gekko/lib/libsysbase.a(open.o)
                0x8001402c                _open_r
 .text          0x80014178       0xcc /Programs/devkitpro/devkitPPC/bin/../lib/gcc/powerpc-gekko/4.2.4/../../../../powerpc-gekko/lib/libsysbase.a(read.o)
                0x80014178                _read_r
 .text          0x80014244       0x50 /Programs/devkitpro/devkitPPC/bin/../lib/gcc/powerpc-gekko/4.2.4/../../../../powerpc-gekko/lib/libsysbase.a(sbrk.o)
                0x80014244                _sbrk_r
 .text          0x80014294       0xcc /Programs/devkitpro/devkitPPC/bin/../lib/gcc/powerpc-gekko/4.2.4/../../../../powerpc-gekko/lib/libsysbase.a(write.o)
                0x80014294                _write_r
 .text          0x80014360       0x6c /Programs/devkitpro/devkitPPC/bin/../lib/gcc/powerpc-gekko/4.2.4/../../../../powerpc-gekko/lib/libsysbase.a(flock.o)
                0x80014384                __flockfile
                0x80014360                __funlockfile
 .text          0x800143cc      0x120 /Programs/devkitpro/devkitPPC/bin/../lib/gcc/powerpc-gekko/4.2.4/../../../../powerpc-gekko/lib/libsysbase.a(handle_manager.o)
                0x80014490                __release_handle
                0x800143f8                __alloc_handle
                0x800143cc                __get_handle
 .text          0x800144ec      0x450 /Programs/devkitpro/devkitPPC/bin/../lib/gcc/powerpc-gekko/4.2.4/libgcc.a(_umoddi3.o)
                0x800144ec                __umoddi3
 .text          0x8001493c       0x6c /Programs/devkitpro/devkitPPC/bin/../lib/gcc/powerpc-gekko/4.2.4/crtend.o
 *(.text.*)
 .text.clearScreen
                0x800149a8       0x3c main.o
                0x800149a8                clearScreen
 .text.showMii  0x800149e4      0x16c main.o
                0x800149e4                showMii
 .text.init     0x80014b50       0xb8 main.o
                0x80014b50                init
 .text.main     0x80014c08       0xf8 main.o
                0x80014c08                main
 .text.loadMii  0x80014d00      0xb3c /Programs/devkitpro/libogc/lib/wii/libmii.a(mii.o)
                0x80014d00                loadMii
 .text.loadMiis
                0x8001583c      0x108 /Programs/devkitpro/libogc/lib/wii/libmii.a(mii.o)
                0x8001583c                loadMiis
 .text.read     0x80015944       0x88 /Programs/devkitpro/libogc/lib/wii/libmii.a(mii.o)
                0x80015944                read
 .text.loadMiis_Wii
                0x800159cc       0x58 /Programs/devkitpro/libogc/lib/wii/libmii.a(mii.o)
                0x800159cc                loadMiis_Wii
 .text.__wpad_assign_slot
                0x80015a24      0x24c /Programs/devkitpro/libogc/lib/wii/libwiiuse.a(wpad.o)
                0x80015a24                __wpad_assign_slot
 .text.__wpad_disconnectCB
                0x80015c70      0x100 /Programs/devkitpro/libogc/lib/wii/libwiiuse.a(wpad.o)
                0x80015c70                __wpad_disconnectCB
 .text.WPAD_ButtonsDown
                0x80015d70       0x28 /Programs/devkitpro/libogc/lib/wii/libwiiuse.a(wpad.o)
                0x80015d70                WPAD_ButtonsDown
 .text.__wpad_disconnect
                0x80015d98       0x58 /Programs/devkitpro/libogc/lib/wii/libwiiuse.a(wpad.o)
 .text.WPAD_Shutdown
                0x80015df0      0x100 /Programs/devkitpro/libogc/lib/wii/libwiiuse.a(wpad.o)
                0x80015df0                WPAD_Shutdown
 .text.__wpad_onreset
                0x80015ef0       0x2c /Programs/devkitpro/libogc/lib/wii/libwiiuse.a(wpad.o)
 .text.__wpad_timeouthandler
                0x80015f1c       0xb8 /Programs/devkitpro/libogc/lib/wii/libwiiuse.a(wpad.o)
 .text.__wpad_def_powcb
                0x80015fd4       0x20 /Programs/devkitpro/libogc/lib/wii/libwiiuse.a(wpad.o)
 .text.__wpad_setfmt
                0x80015ff4      0x110 /Programs/devkitpro/libogc/lib/wii/libwiiuse.a(wpad.o)
 .text.WPAD_ReadEvent
                0x80016104      0x5a4 /Programs/devkitpro/libogc/lib/wii/libwiiuse.a(wpad.o)
                0x80016104                WPAD_ReadEvent
 .text.WPAD_ReadPending
                0x800166a8      0x16c /Programs/devkitpro/libogc/lib/wii/libwiiuse.a(wpad.o)
                0x800166a8                WPAD_ReadPending
 .text.WPAD_ScanPads
                0x80016814        0xc /Programs/devkitpro/libogc/lib/wii/libwiiuse.a(wpad.o)
                0x80016814                WPAD_ScanPads
 .text.WPAD_Init
                0x80016820      0x20c /Programs/devkitpro/libogc/lib/wii/libwiiuse.a(wpad.o)
                0x80016820                WPAD_Init
 .text.__initcore_finished
                0x80016a2c       0x40 /Programs/devkitpro/libogc/lib/wii/libwiiuse.a(wpad.o)
 .text.__readlinkkey_finished
                0x80016a6c       0x38 /Programs/devkitpro/libogc/lib/wii/libwiiuse.a(wpad.o)
 .text.__wpad_patch_finished
                0x80016aa4       0x2c /Programs/devkitpro/libogc/lib/wii/libwiiuse.a(wpad.o)
 .text.__wpad_init_finished
                0x80016ad0      0x1d4 /Programs/devkitpro/libogc/lib/wii/libwiiuse.a(wpad.o)
 .text.__wpad_eventCB
                0x80016ca4      0x998 /Programs/devkitpro/libogc/lib/wii/libwiiuse.a(wpad.o)
 .text.calculate_gforce
                0x8001763c       0xfc /Programs/devkitpro/libogc/lib/wii/libwiiuse.a(dynamics.o)
                0x8001763c                calculate_gforce
 .text.calc_balanceboard_state
                0x80017738      0x380 /Programs/devkitpro/libogc/lib/wii/libwiiuse.a(dynamics.o)
                0x80017738                calc_balanceboard_state
 .text.apply_smoothing
                0x80017ab8      0x184 /Programs/devkitpro/libogc/lib/wii/libwiiuse.a(dynamics.o)
                0x80017ab8                apply_smoothing
 .text.calc_joystick_state
                0x80017c3c      0x274 /Programs/devkitpro/libogc/lib/wii/libwiiuse.a(dynamics.o)
                0x80017c3c                calc_joystick_state
 .text.calculate_orientation
                0x80017eb0      0x2ec /Programs/devkitpro/libogc/lib/wii/libwiiuse.a(dynamics.o)
                0x80017eb0                calculate_orientation
 .text.wiiuse_io_write
                0x8001819c       0x44 /Programs/devkitpro/libogc/lib/wii/libwiiuse.a(io_wii.o)
                0x8001819c                wiiuse_io_write
 .text.__wiiuse_disconnected
                0x800181e0       0xb0 /Programs/devkitpro/libogc/lib/wii/libwiiuse.a(io_wii.o)
 .text.__wiiuse_sent
                0x80018290       0xc4 /Programs/devkitpro/libogc/lib/wii/libwiiuse.a(io_wii.o)
 .text.wiiuse_init_cmd_queue
                0x80018354       0x4c /Programs/devkitpro/libogc/lib/wii/libwiiuse.a(io_wii.o)
                0x80018354                wiiuse_init_cmd_queue
 .text.wiiuse_disconnect
                0x800183a0       0x40 /Programs/devkitpro/libogc/lib/wii/libwiiuse.a(io_wii.o)
                0x800183a0                wiiuse_disconnect
 .text.wiiuse_register
                0x800183e0       0xe4 /Programs/devkitpro/libogc/lib/wii/libwiiuse.a(io_wii.o)
                0x800183e0                wiiuse_register
 .text.__wiiuse_connected
                0x800184c4       0x9c /Programs/devkitpro/libogc/lib/wii/libwiiuse.a(io_wii.o)
 .text.__wiiuse_receive
                0x80018560       0xc8 /Programs/devkitpro/libogc/lib/wii/libwiiuse.a(io_wii.o)
 .text.__wiiuse_sensorbar_enable
                0x80018628       0x50 /Programs/devkitpro/libogc/lib/wii/libwiiuse.a(io_wii.o)
                0x80018628                __wiiuse_sensorbar_enable
 .text.get_ir_sens
                0x80018678       0xec /Programs/devkitpro/libogc/lib/wii/libwiiuse.a(ir.o)
 .text.wiiuse_set_ir_position
                0x80018764       0x80 /Programs/devkitpro/libogc/lib/wii/libwiiuse.a(ir.o)
                0x80018764                wiiuse_set_ir_position
 .text.wiiuse_set_aspect_ratio
                0x800187e4       0x44 /Programs/devkitpro/libogc/lib/wii/libwiiuse.a(ir.o)
                0x800187e4                wiiuse_set_aspect_ratio
 .text.calculate_basic_ir
                0x80018828       0xf4 /Programs/devkitpro/libogc/lib/wii/libwiiuse.a(ir.o)
                0x80018828                calculate_basic_ir
 .text.calculate_extended_ir
                0x8001891c       0x70 /Programs/devkitpro/libogc/lib/wii/libwiiuse.a(ir.o)
                0x8001891c                calculate_extended_ir
 .text.calc_yaw
                0x8001898c       0x54 /Programs/devkitpro/libogc/lib/wii/libwiiuse.a(ir.o)
                0x8001898c                calc_yaw
 .text.apply_ir_smoothing
                0x800189e0       0xf4 /Programs/devkitpro/libogc/lib/wii/libwiiuse.a(ir.o)
                0x800189e0                apply_ir_smoothing
 .text.rotate_dots
                0x80018ad4      0x120 /Programs/devkitpro/libogc/lib/wii/libwiiuse.a(ir.o)
 .text.find_sensorbar
                0x80018bf4      0x970 /Programs/devkitpro/libogc/lib/wii/libwiiuse.a(ir.o)
                0x80018bf4                find_sensorbar
 .text.interpret_ir_data
                0x80019564      0x33c /Programs/devkitpro/libogc/lib/wii/libwiiuse.a(ir.o)
                0x80019564                interpret_ir_data
 .text.wiiuse_set_ir_sensitivity
                0x800198a0      0x118 /Programs/devkitpro/libogc/lib/wii/libwiiuse.a(ir.o)
                0x800198a0                wiiuse_set_ir_sensitivity
 .text.wiiuse_set_ir_mode
                0x800199b8       0x6c /Programs/devkitpro/libogc/lib/wii/libwiiuse.a(ir.o)
                0x800199b8                wiiuse_set_ir_mode
 .text.wiiuse_set_ir
                0x80019a24      0x21c /Programs/devkitpro/libogc/lib/wii/libwiiuse.a(ir.o)
                0x80019a24                wiiuse_set_ir
 .text.wiiuse_set_flags
                0x80019c40       0x20 /Programs/devkitpro/libogc/lib/wii/libwiiuse.a(wiiuse.o)
                0x80019c40                wiiuse_set_flags
 .text.wiiuse_send_next_command
                0x80019c60       0x6c /Programs/devkitpro/libogc/lib/wii/libwiiuse.a(wiiuse.o)
                0x80019c60                wiiuse_send_next_command
 .text.wiiuse_write_data
                0x80019ccc      0x184 /Programs/devkitpro/libogc/lib/wii/libwiiuse.a(wiiuse.o)
                0x80019ccc                wiiuse_write_data
 .text.wiiuse_init
                0x80019e50      0x164 /Programs/devkitpro/libogc/lib/wii/libwiiuse.a(wiiuse.o)
                0x80019e50                wiiuse_init
 .text.wiiuse_sendcmd
                0x80019fb4      0x10c /Programs/devkitpro/libogc/lib/wii/libwiiuse.a(wiiuse.o)
                0x80019fb4                wiiuse_sendcmd
 .text.wiiuse_status
                0x8001a0c0       0x5c /Programs/devkitpro/libogc/lib/wii/libwiiuse.a(wiiuse.o)
                0x8001a0c0                wiiuse_status
 .text.wiiuse_motion_sensing
                0x8001a11c       0x54 /Programs/devkitpro/libogc/lib/wii/libwiiuse.a(wiiuse.o)
                0x8001a11c                wiiuse_motion_sensing
 .text.wiiuse_set_report_type
                0x8001a170      0x100 /Programs/devkitpro/libogc/lib/wii/libwiiuse.a(wiiuse.o)
                0x8001a170                wiiuse_set_report_type
 .text.wiiuse_set_leds
                0x8001a270       0x60 /Programs/devkitpro/libogc/lib/wii/libwiiuse.a(wiiuse.o)
                0x8001a270                wiiuse_set_leds
 .text.wiiuse_read_data
                0x8001a2d0      0x144 /Programs/devkitpro/libogc/lib/wii/libwiiuse.a(wiiuse.o)
                0x8001a2d0                wiiuse_read_data
 .text.wiiuse_pressed_buttons
                0x8001a414       0x2c /Programs/devkitpro/libogc/lib/wii/libwiiuse.a(events.o)
                0x8001a414                wiiuse_pressed_buttons
 .text.handle_expansion
                0x8001a440       0x94 /Programs/devkitpro/libogc/lib/wii/libwiiuse.a(events.o)
 .text.parse_event
                0x8001a4d4      0x518 /Programs/devkitpro/libogc/lib/wii/libwiiuse.a(events.o)
                0x8001a4d4                parse_event
 .text.guitar_hero_3_event
                0x8001a9ec       0x50 /Programs/devkitpro/libogc/lib/wii/libwiiuse.a(guitar_hero_3.o)
                0x8001a9ec                guitar_hero_3_event
 .text.guitar_hero_3_disconnected
                0x8001aa3c       0x28 /Programs/devkitpro/libogc/lib/wii/libwiiuse.a(guitar_hero_3.o)
                0x8001aa3c                guitar_hero_3_disconnected
 .text.guitar_hero_3_handshake
                0x8001aa64       0xb4 /Programs/devkitpro/libogc/lib/wii/libwiiuse.a(guitar_hero_3.o)
                0x8001aa64                guitar_hero_3_handshake
 .text.wiiuse_disable_expansion
                0x8001ab18      0x170 /Programs/devkitpro/libogc/lib/wii/libwiiuse.a(io.o)
                0x8001ab18                wiiuse_disable_expansion
 .text.wiiuse_handshake_expansion
                0x8001ac88      0x238 /Programs/devkitpro/libogc/lib/wii/libwiiuse.a(io.o)
                0x8001ac88                wiiuse_handshake_expansion
 .text.wiiuse_handshake_expansion_start
                0x8001aec0       0x24 /Programs/devkitpro/libogc/lib/wii/libwiiuse.a(io.o)
                0x8001aec0                wiiuse_handshake_expansion_start
 .text.wiiuse_handshake
                0x8001aee4      0x164 /Programs/devkitpro/libogc/lib/wii/libwiiuse.a(io.o)
                0x8001aee4                wiiuse_handshake
 .text.nunchuk_event
                0x8001b048       0x88 /Programs/devkitpro/libogc/lib/wii/libwiiuse.a(nunchuk.o)
                0x8001b048                nunchuk_event
 .text.nunchuk_disconnected
                0x8001b0d0       0x28 /Programs/devkitpro/libogc/lib/wii/libwiiuse.a(nunchuk.o)
                0x8001b0d0                nunchuk_disconnected
 .text.nunchuk_handshake
                0x8001b0f8      0x198 /Programs/devkitpro/libogc/lib/wii/libwiiuse.a(nunchuk.o)
                0x8001b0f8                nunchuk_handshake
 .text.wii_board_event
                0x8001b290       0x54 /Programs/devkitpro/libogc/lib/wii/libwiiuse.a(wiiboard.o)
                0x8001b290                wii_board_event
 .text.wii_board_disconnected
                0x8001b2e4       0x28 /Programs/devkitpro/libogc/lib/wii/libwiiuse.a(wiiboard.o)
                0x8001b2e4                wii_board_disconnected
 .text.wii_board_handshake
                0x8001b30c      0x174 /Programs/devkitpro/libogc/lib/wii/libwiiuse.a(wiiboard.o)
                0x8001b30c                wii_board_handshake
 .text.classic_ctrl_event
                0x8001b480       0xa4 /Programs/devkitpro/libogc/lib/wii/libwiiuse.a(classic.o)
                0x8001b480                classic_ctrl_event
 .text.classic_ctrl_disconnected
                0x8001b524       0x28 /Programs/devkitpro/libogc/lib/wii/libwiiuse.a(classic.o)
                0x8001b524                classic_ctrl_disconnected
 .text.classic_ctrl_handshake
                0x8001b54c      0x128 /Programs/devkitpro/libogc/lib/wii/libwiiuse.a(classic.o)
                0x8001b54c                classic_ctrl_handshake
 .text.bte_arg  0x8001b674       0x38 /Programs/devkitpro/libogc/lib/wii/libbte.a(bte.o)
                0x8001b674                bte_arg
 .text.bte_received
                0x8001b6ac       0x38 /Programs/devkitpro/libogc/lib/wii/libbte.a(bte.o)
                0x8001b6ac                bte_received
 .text.bte_disconnected
                0x8001b6e4       0x38 /Programs/devkitpro/libogc/lib/wii/libbte.a(bte.o)
                0x8001b6e4                bte_disconnected
 .text.acl_wlp_completed
                0x8001b71c        0x8 /Programs/devkitpro/libogc/lib/wii/libbte.a(bte.o)
                0x8001b71c                acl_wlp_completed
 .text.l2cap_accepted
                0x8001b724      0x10c /Programs/devkitpro/libogc/lib/wii/libbte.a(bte.o)
                0x8001b724                l2cap_accepted
 .text.l2cap_disconnected_ind
                0x8001b830      0x174 /Programs/devkitpro/libogc/lib/wii/libbte.a(bte.o)
                0x8001b830                l2cap_disconnected_ind
 .text.__bte_send_pending_request
                0x8001b9a4       0xdc /Programs/devkitpro/libogc/lib/wii/libbte.a(bte.o)
 .text.bte_process_input
                0x8001ba80      0x130 /Programs/devkitpro/libogc/lib/wii/libbte.a(bte.o)
 .text.__bte_send_request
                0x8001bbb0       0xa4 /Programs/devkitpro/libogc/lib/wii/libbte.a(bte.o)
 .text.bte_disconnect
                0x8001bc54       0xb4 /Programs/devkitpro/libogc/lib/wii/libbte.a(bte.o)
                0x8001bc54                bte_disconnect
 .text.acl_conn_complete
                0x8001bd08       0x2c /Programs/devkitpro/libogc/lib/wii/libbte.a(bte.o)
                0x8001bd08                acl_conn_complete
 .text.bte_sendmessageasync
                0x8001bd34      0x138 /Programs/devkitpro/libogc/lib/wii/libbte.a(bte.o)
                0x8001bd34                bte_sendmessageasync
 .text.bte_registerdeviceasync
                0x8001be6c      0x1c0 /Programs/devkitpro/libogc/lib/wii/libbte.a(bte.o)
                0x8001be6c                bte_registerdeviceasync
 .text.bte_new  0x8001c02c       0x60 /Programs/devkitpro/libogc/lib/wii/libbte.a(bte.o)
                0x8001c02c                bte_new
 .text.BTE_SetDisconnectCallback
                0x8001c08c       0x20 /Programs/devkitpro/libogc/lib/wii/libbte.a(bte.o)
                0x8001c08c                BTE_SetDisconnectCallback
 .text.BTE_InitSub
                0x8001c0ac       0x94 /Programs/devkitpro/libogc/lib/wii/libbte.a(bte.o)
                0x8001c0ac                BTE_InitSub
 .text.BTE_ApplyPatch
                0x8001c140       0xa8 /Programs/devkitpro/libogc/lib/wii/libbte.a(bte.o)
                0x8001c140                BTE_ApplyPatch
 .text.BTE_InitCore
                0x8001c1e8       0x90 /Programs/devkitpro/libogc/lib/wii/libbte.a(bte.o)
                0x8001c1e8                BTE_InitCore
 .text.BTE_ReadStoredLinkKey
                0x8001c278       0x94 /Programs/devkitpro/libogc/lib/wii/libbte.a(bte.o)
                0x8001c278                BTE_ReadStoredLinkKey
 .text.BTE_Shutdown
                0x8001c30c      0x114 /Programs/devkitpro/libogc/lib/wii/libbte.a(bte.o)
                0x8001c30c                BTE_Shutdown
 .text.__bte_shutdown_finished
                0x8001c420      0x118 /Programs/devkitpro/libogc/lib/wii/libbte.a(bte.o)
 .text.BTE_Init
                0x8001c538      0x134 /Programs/devkitpro/libogc/lib/wii/libbte.a(bte.o)
                0x8001c538                BTE_Init
 .text.bt_alarmhandler
                0x8001c66c       0x60 /Programs/devkitpro/libogc/lib/wii/libbte.a(bte.o)
 .text.l2cap_disconnect_cfm
                0x8001c6cc      0x1ac /Programs/devkitpro/libogc/lib/wii/libbte.a(bte.o)
                0x8001c6cc                l2cap_disconnect_cfm
 .text.bte_hci_initsub_complete
                0x8001c878      0x230 /Programs/devkitpro/libogc/lib/wii/libbte.a(bte.o)
                0x8001c878                bte_hci_initsub_complete
 .text.bte_hci_patch_complete
                0x8001caa8      0x2b8 /Programs/devkitpro/libogc/lib/wii/libbte.a(bte.o)
                0x8001caa8                bte_hci_patch_complete
 .text.bte_hci_apply_patch_complete
                0x8001cd60      0x15c /Programs/devkitpro/libogc/lib/wii/libbte.a(bte.o)
                0x8001cd60                bte_hci_apply_patch_complete
 .text.bte_hci_initcore_complete
                0x8001cebc      0x208 /Programs/devkitpro/libogc/lib/wii/libbte.a(bte.o)
                0x8001cebc                bte_hci_initcore_complete
 .text.bte_hci_initcore_complete2
                0x8001d0c4      0x1e4 /Programs/devkitpro/libogc/lib/wii/libbte.a(bte.o)
                0x8001d0c4                bte_hci_initcore_complete2
 .text.bte_read_stored_link_key_complete
                0x8001d2a8      0x264 /Programs/devkitpro/libogc/lib/wii/libbte.a(bte.o)
                0x8001d2a8                bte_read_stored_link_key_complete
 .text.hci_get_link
                0x8001d50c       0x88 /Programs/devkitpro/libogc/lib/wii/libbte.a(hci.o)
                0x8001d50c                hci_get_link
 .text.hci_arg  0x8001d594       0x10 /Programs/devkitpro/libogc/lib/wii/libbte.a(hci.o)
                0x8001d594                hci_arg
 .text.hci_cmd_complete
                0x8001d5a4       0x10 /Programs/devkitpro/libogc/lib/wii/libbte.a(hci.o)
                0x8001d5a4                hci_cmd_complete
 .text.hci_connection_complete
                0x8001d5b4       0x10 /Programs/devkitpro/libogc/lib/wii/libbte.a(hci.o)
                0x8001d5b4                hci_connection_complete
 .text.hci_wlp_complete
                0x8001d5c4       0x10 /Programs/devkitpro/libogc/lib/wii/libbte.a(hci.o)
                0x8001d5c4                hci_wlp_complete
 .text.hci_cmd_ass
                0x8001d5d4       0x4c /Programs/devkitpro/libogc/lib/wii/libbte.a(hci.o)
                0x8001d5d4                hci_cmd_ass
 .text.lp_pdu_maxsize
                0x8001d620       0x10 /Programs/devkitpro/libogc/lib/wii/libbte.a(hci.o)
                0x8001d620                lp_pdu_maxsize
 .text.hci_host_num_comp_packets
                0x8001d630       0xcc /Programs/devkitpro/libogc/lib/wii/libbte.a(hci.o)
                0x8001d630                hci_host_num_comp_packets
 .text.hci_write_cod
                0x8001d6fc       0x8c /Programs/devkitpro/libogc/lib/wii/libbte.a(hci.o)
                0x8001d6fc                hci_write_cod
 .text.hci_disconnect
                0x8001d788       0xb8 /Programs/devkitpro/libogc/lib/wii/libbte.a(hci.o)
                0x8001d788                hci_disconnect
 .text.hci_pin_code_request_neg_reply
                0x8001d840       0x8c /Programs/devkitpro/libogc/lib/wii/libbte.a(hci.o)
                0x8001d840                hci_pin_code_request_neg_reply
 .text.hci_vendor_specific_command
                0x8001d8cc       0xb8 /Programs/devkitpro/libogc/lib/wii/libbte.a(hci.o)
                0x8001d8cc                hci_vendor_specific_command
 .text.hci_write_inquiry_scan_type
                0x8001d984       0x80 /Programs/devkitpro/libogc/lib/wii/libbte.a(hci.o)
                0x8001d984                hci_write_inquiry_scan_type
 .text.hci_write_page_scan_type
                0x8001da04       0x80 /Programs/devkitpro/libogc/lib/wii/libbte.a(hci.o)
                0x8001da04                hci_write_page_scan_type
 .text.hci_write_inquiry_mode
                0x8001da84       0x80 /Programs/devkitpro/libogc/lib/wii/libbte.a(hci.o)
                0x8001da84                hci_write_inquiry_mode
 .text.hci_write_pin_type
                0x8001db04       0x80 /Programs/devkitpro/libogc/lib/wii/libbte.a(hci.o)
                0x8001db04                hci_write_pin_type
 .text.hci_write_local_name
                0x8001db84       0x9c /Programs/devkitpro/libogc/lib/wii/libbte.a(hci.o)
                0x8001db84                hci_write_local_name
 .text.hci_accecpt_conn_request
                0x8001dc20       0xa0 /Programs/devkitpro/libogc/lib/wii/libbte.a(hci.o)
                0x8001dc20                hci_accecpt_conn_request
 .text.hci_write_scan_enable
                0x8001dcc0       0x80 /Programs/devkitpro/libogc/lib/wii/libbte.a(hci.o)
                0x8001dcc0                hci_write_scan_enable
 .text.hci_read_local_features
                0x8001dd40       0x6c /Programs/devkitpro/libogc/lib/wii/libbte.a(hci.o)
                0x8001dd40                hci_read_local_features
 .text.hci_read_local_version
                0x8001ddac       0x6c /Programs/devkitpro/libogc/lib/wii/libbte.a(hci.o)
                0x8001ddac                hci_read_local_version
 .text.hci_read_bd_addr
                0x8001de18       0x6c /Programs/devkitpro/libogc/lib/wii/libbte.a(hci.o)
                0x8001de18                hci_read_bd_addr
 .text.hci_read_buffer_size
                0x8001de84       0x6c /Programs/devkitpro/libogc/lib/wii/libbte.a(hci.o)
                0x8001de84                hci_read_buffer_size
 .text.hci_reset
                0x8001def0       0x6c /Programs/devkitpro/libogc/lib/wii/libbte.a(hci.o)
                0x8001def0                hci_reset
 .text.lp_acl_write
                0x8001df5c      0x180 /Programs/devkitpro/libogc/lib/wii/libbte.a(hci.o)
                0x8001df5c                lp_acl_write
 .text.hci_new  0x8001e0dc       0x54 /Programs/devkitpro/libogc/lib/wii/libbte.a(hci.o)
                0x8001e0dc                hci_new
 .text.hci_read_stored_link_key
                0x8001e130       0xd4 /Programs/devkitpro/libogc/lib/wii/libbte.a(hci.o)
                0x8001e130                hci_read_stored_link_key
 .text.hci_close
                0x8001e204       0xec /Programs/devkitpro/libogc/lib/wii/libbte.a(hci.o)
                0x8001e204                hci_close
 .text.hci_init
                0x8001e2f0       0xa0 /Programs/devkitpro/libogc/lib/wii/libbte.a(hci.o)
                0x8001e2f0                hci_init
 .text.hci_reset_all
                0x8001e390       0xd4 /Programs/devkitpro/libogc/lib/wii/libbte.a(hci.o)
                0x8001e390                hci_reset_all
 .text.hci_write_page_timeout
                0x8001e464       0x90 /Programs/devkitpro/libogc/lib/wii/libbte.a(hci.o)
                0x8001e464                hci_write_page_timeout
 .text.hci_acldata_handler
                0x8001e4f4      0x138 /Programs/devkitpro/libogc/lib/wii/libbte.a(hci.o)
                0x8001e4f4                hci_acldata_handler
 .text.hci_event_handler
                0x8001e62c      0xb98 /Programs/devkitpro/libogc/lib/wii/libbte.a(hci.o)
                0x8001e62c                hci_event_handler
 .text.lp_write_flush_timeout
                0x8001f1c4       0xc0 /Programs/devkitpro/libogc/lib/wii/libbte.a(hci.o)
                0x8001f1c4                lp_write_flush_timeout
 .text.hci_host_buffer_size
                0x8001f284       0xd0 /Programs/devkitpro/libogc/lib/wii/libbte.a(hci.o)
                0x8001f284                hci_host_buffer_size
 .text.hci_write_link_policy_settings
                0x8001f354       0xc0 /Programs/devkitpro/libogc/lib/wii/libbte.a(hci.o)
                0x8001f354                hci_write_link_policy_settings
 .text.l2cap_cid_alloc
                0x8001f414       0x60 /Programs/devkitpro/libogc/lib/wii/libbte.a(l2cap.o)
 .text.lp_connect_ind
                0x8001f474        0x4 /Programs/devkitpro/libogc/lib/wii/libbte.a(l2cap.o)
                0x8001f474                lp_connect_ind
 .text.l2cap_disconnect_bb
                0x8001f478       0x14 /Programs/devkitpro/libogc/lib/wii/libbte.a(l2cap.o)
                0x8001f478                l2cap_disconnect_bb
 .text.l2cap_next_sigid
                0x8001f48c       0x2c /Programs/devkitpro/libogc/lib/wii/libbte.a(l2cap.o)
                0x8001f48c                l2cap_next_sigid
 .text.l2cap_arg
                0x8001f4b8        0x8 /Programs/devkitpro/libogc/lib/wii/libbte.a(l2cap.o)
                0x8001f4b8                l2cap_arg
 .text.l2cap_disconnect_ind
                0x8001f4c0        0x8 /Programs/devkitpro/libogc/lib/wii/libbte.a(l2cap.o)
                0x8001f4c0                l2cap_disconnect_ind
 .text.l2cap_recv
                0x8001f4c8        0x8 /Programs/devkitpro/libogc/lib/wii/libbte.a(l2cap.o)
                0x8001f4c8                l2cap_recv
 .text.l2cap_connect_ind
                0x8001f4d0      0x108 /Programs/devkitpro/libogc/lib/wii/libbte.a(l2cap.o)
                0x8001f4d0                l2cap_connect_ind
 .text.l2cap_close
                0x8001f5d8      0x1e8 /Programs/devkitpro/libogc/lib/wii/libbte.a(l2cap.o)
                0x8001f5d8                l2cap_close
 .text.lp_disconnect_ind
                0x8001f7c0      0x114 /Programs/devkitpro/libogc/lib/wii/libbte.a(l2cap.o)
                0x8001f7c0                lp_disconnect_ind
 .text.l2cap_new
                0x8001f8d4       0x80 /Programs/devkitpro/libogc/lib/wii/libbte.a(l2cap.o)
                0x8001f8d4                l2cap_new
 .text.l2cap_write
                0x8001f954      0x1a4 /Programs/devkitpro/libogc/lib/wii/libbte.a(l2cap.o)
                0x8001f954                l2cap_write
 .text.l2cap_rexmit_signal
                0x8001faf8       0x2c /Programs/devkitpro/libogc/lib/wii/libbte.a(l2cap.o)
                0x8001faf8                l2cap_rexmit_signal
 .text.l2cap_signal
                0x8001fb24      0x1e0 /Programs/devkitpro/libogc/lib/wii/libbte.a(l2cap.o)
                0x8001fb24                l2cap_signal
 .text.l2ca_disconnect_req
                0x8001fd04       0xc0 /Programs/devkitpro/libogc/lib/wii/libbte.a(l2cap.o)
                0x8001fd04                l2ca_disconnect_req
 .text.l2cap_tmr
                0x8001fdc4      0x244 /Programs/devkitpro/libogc/lib/wii/libbte.a(l2cap.o)
                0x8001fdc4                l2cap_tmr
 .text.l2ca_config_req
                0x80020008      0x154 /Programs/devkitpro/libogc/lib/wii/libbte.a(l2cap.o)
                0x80020008                l2ca_config_req
 .text.l2cap_process_sig
                0x8002015c     0x1238 /Programs/devkitpro/libogc/lib/wii/libbte.a(l2cap.o)
                0x8002015c                l2cap_process_sig
 .text.l2cap_init
                0x80021394       0x88 /Programs/devkitpro/libogc/lib/wii/libbte.a(l2cap.o)
                0x80021394                l2cap_init
 .text.l2cap_reset_all
                0x8002141c      0x154 /Programs/devkitpro/libogc/lib/wii/libbte.a(l2cap.o)
                0x8002141c                l2cap_reset_all
 .text.lp_connect_cfm
                0x80021570      0x14c /Programs/devkitpro/libogc/lib/wii/libbte.a(l2cap.o)
                0x80021570                lp_connect_cfm
 .text.l2ca_datawrite
                0x800216bc      0x114 /Programs/devkitpro/libogc/lib/wii/libbte.a(l2cap.o)
                0x800216bc                l2ca_datawrite
 .text.l2cap_input
                0x800217d0      0x5d0 /Programs/devkitpro/libogc/lib/wii/libbte.a(l2cap.o)
                0x800217d0                l2cap_input
 .text.btmemb_alloc
                0x80021da0       0xc0 /Programs/devkitpro/libogc/lib/wii/libbte.a(btmemb.o)
                0x80021da0                btmemb_alloc
 .text.btmemb_free
                0x80021e60       0xbc /Programs/devkitpro/libogc/lib/wii/libbte.a(btmemb.o)
                0x80021e60                btmemb_free
 .text.btmemb_init
                0x80021f1c       0x40 /Programs/devkitpro/libogc/lib/wii/libbte.a(btmemb.o)
                0x80021f1c                btmemb_init
 .text.plug_holes
                0x80021f5c       0xcc /Programs/devkitpro/libogc/lib/wii/libbte.a(btmemr.o)
 .text.btmemr_malloc
                0x80022028      0x190 /Programs/devkitpro/libogc/lib/wii/libbte.a(btmemr.o)
                0x80022028                btmemr_malloc
 .text.btmemr_free
                0x800221b8       0xa4 /Programs/devkitpro/libogc/lib/wii/libbte.a(btmemr.o)
                0x800221b8                btmemr_free
 .text.btmemr_realloc
                0x8002225c      0x118 /Programs/devkitpro/libogc/lib/wii/libbte.a(btmemr.o)
                0x8002225c                btmemr_realloc
 .text.btmemr_init
                0x80022374       0xa8 /Programs/devkitpro/libogc/lib/wii/libbte.a(btmemr.o)
                0x80022374                btmemr_init
 .text.btpbuf_header
                0x8002241c       0xa8 /Programs/devkitpro/libogc/lib/wii/libbte.a(btpbuf.o)
                0x8002241c                btpbuf_header
 .text.btpbuf_ref
                0x800224c4       0x48 /Programs/devkitpro/libogc/lib/wii/libbte.a(btpbuf.o)
                0x800224c4                btpbuf_ref
 .text.btpbuf_cat
                0x8002250c       0x5c /Programs/devkitpro/libogc/lib/wii/libbte.a(btpbuf.o)
                0x8002250c                btpbuf_cat
 .text.btpbuf_chain
                0x80022568       0x30 /Programs/devkitpro/libogc/lib/wii/libbte.a(btpbuf.o)
                0x80022568                btpbuf_chain
 .text.btpbuf_free
                0x80022598      0x110 /Programs/devkitpro/libogc/lib/wii/libbte.a(btpbuf.o)
                0x80022598                btpbuf_free
 .text.btpbuf_dechain
                0x800226a8       0x7c /Programs/devkitpro/libogc/lib/wii/libbte.a(btpbuf.o)
                0x800226a8                btpbuf_dechain
 .text.btpbuf_realloc
                0x80022724       0xc0 /Programs/devkitpro/libogc/lib/wii/libbte.a(btpbuf.o)
                0x80022724                btpbuf_realloc
 .text.btpbuf_alloc
                0x800227e4      0x244 /Programs/devkitpro/libogc/lib/wii/libbte.a(btpbuf.o)
                0x800227e4                btpbuf_alloc
 .text.btpbuf_take
                0x80022a28      0x124 /Programs/devkitpro/libogc/lib/wii/libbte.a(btpbuf.o)
                0x80022a28                btpbuf_take
 .text.btpbuf_init
                0x80022b4c       0x34 /Programs/devkitpro/libogc/lib/wii/libbte.a(btpbuf.o)
                0x80022b4c                btpbuf_init
 .text.__usb_closeCB
                0x80022b80       0x10 /Programs/devkitpro/libogc/lib/wii/libbte.a(physbusif.o)
 .text.physbusif_close
                0x80022b90       0x2c /Programs/devkitpro/libogc/lib/wii/libbte.a(physbusif.o)
                0x80022b90                physbusif_close
 .text.physbusif_reset_all
                0x80022bbc        0x4 /Programs/devkitpro/libogc/lib/wii/libbte.a(physbusif.o)
                0x80022bbc                physbusif_reset_all
 .text.physbusif_output
                0x80022bc0      0x18c /Programs/devkitpro/libogc/lib/wii/libbte.a(physbusif.o)
                0x80022bc0                physbusif_output
 .text.__writebulkmsgCB
                0x80022d4c       0x40 /Programs/devkitpro/libogc/lib/wii/libbte.a(physbusif.o)
 .text.__writectrlmsgCB
                0x80022d8c       0x40 /Programs/devkitpro/libogc/lib/wii/libbte.a(physbusif.o)
 .text.physbusif_shutdown
                0x80022dcc       0x50 /Programs/devkitpro/libogc/lib/wii/libbte.a(physbusif.o)
                0x80022dcc                physbusif_shutdown
 .text.__initUsbIOBuffer
                0x80022e1c       0x98 /Programs/devkitpro/libogc/lib/wii/libbte.a(physbusif.o)
 .text.__issue_intrread
                0x80022eb4       0xbc /Programs/devkitpro/libogc/lib/wii/libbte.a(physbusif.o)
 .text.__readintrdataCB
                0x80022f70      0x120 /Programs/devkitpro/libogc/lib/wii/libbte.a(physbusif.o)
 .text.__issue_bulkread
                0x80023090       0xbc /Programs/devkitpro/libogc/lib/wii/libbte.a(physbusif.o)
 .text.physbusif_init
                0x8002314c      0x1d0 /Programs/devkitpro/libogc/lib/wii/libbte.a(physbusif.o)
                0x8002314c                physbusif_init
 .text.__readbulkdataCB
                0x8002331c      0x120 /Programs/devkitpro/libogc/lib/wii/libbte.a(physbusif.o)
 .text.__console_clear
                0x8002343c       0x60 /Programs/devkitpro/libogc/lib/wii/libogc.a(console.o)
 .text.__console_init
                0x8002349c      0x128 /Programs/devkitpro/libogc/lib/wii/libogc.a(console.o)
                0x8002349c                __console_init
 .text.CON_Init
                0x800235c4        0x4 /Programs/devkitpro/libogc/lib/wii/libogc.a(console.o)
                0x800235c4                CON_Init
 .text.__console_write
                0x800235c8      0x644 /Programs/devkitpro/libogc/lib/wii/libogc.a(console.o)
                0x800235c8                __console_write
 .text.__lwp_queue_initialize
                0x80023c0c       0x54 /Programs/devkitpro/libogc/lib/wii/libogc.a(lwp_queue.o)
                0x80023c0c                __lwp_queue_initialize
 .text.__lwp_queue_get
                0x80023c60       0x7c /Programs/devkitpro/libogc/lib/wii/libogc.a(lwp_queue.o)
                0x80023c60                __lwp_queue_get
 .text.__lwp_queue_append
                0x80023cdc       0x4c /Programs/devkitpro/libogc/lib/wii/libogc.a(lwp_queue.o)
                0x80023cdc                __lwp_queue_append
 .text.__lwp_isr_in_progress
                0x80023d28        0x8 /Programs/devkitpro/libogc/lib/wii/libogc.a(lwp_threads.o)
                0x80023d28                __lwp_isr_in_progress
 .text.__lwp_thread_resettimeslice
                0x80023d30       0xd0 /Programs/devkitpro/libogc/lib/wii/libogc.a(lwp_threads.o)
                0x80023d30                __lwp_thread_resettimeslice
 .text.__lwp_thread_setstate
                0x80023e00      0x158 /Programs/devkitpro/libogc/lib/wii/libogc.a(lwp_threads.o)
                0x80023e00                __lwp_thread_setstate
 .text.__lwp_thread_clearstate
                0x80023f58      0x104 /Programs/devkitpro/libogc/lib/wii/libogc.a(lwp_threads.o)
                0x80023f58                __lwp_thread_clearstate
 .text.__lwp_thread_setpriority
                0x8002405c       0x5c /Programs/devkitpro/libogc/lib/wii/libogc.a(lwp_threads.o)
                0x8002405c                __lwp_thread_setpriority
 .text.__lwp_thread_settransient
                0x800240b8       0xd0 /Programs/devkitpro/libogc/lib/wii/libogc.a(lwp_threads.o)
                0x800240b8                __lwp_thread_settransient
 .text.__lwp_thread_loadenv
                0x80024188       0x78 /Programs/devkitpro/libogc/lib/wii/libogc.a(lwp_threads.o)
                0x80024188                __lwp_thread_loadenv
 .text.__lwp_thread_ready
                0x80024200       0xf8 /Programs/devkitpro/libogc/lib/wii/libogc.a(lwp_threads.o)
                0x80024200                __lwp_thread_ready
 .text.__thread_dispatch
                0x800242f8      0x12c /Programs/devkitpro/libogc/lib/wii/libogc.a(lwp_threads.o)
                0x800242f8                __thread_dispatch
 .text.__lwp_thread_start
                0x80024424       0x64 /Programs/devkitpro/libogc/lib/wii/libogc.a(lwp_threads.o)
                0x80024424                __lwp_thread_start
 .text.__lwp_thread_close
                0x80024488      0x138 /Programs/devkitpro/libogc/lib/wii/libogc.a(lwp_threads.o)
                0x80024488                __lwp_thread_close
 .text.__lwp_thread_closeall
                0x800245c0       0xd4 /Programs/devkitpro/libogc/lib/wii/libogc.a(lwp_threads.o)
                0x800245c0                __lwp_thread_closeall
 .text.__lwp_thread_init
                0x80024694      0x124 /Programs/devkitpro/libogc/lib/wii/libogc.a(lwp_threads.o)
                0x80024694                __lwp_thread_init
 .text.__thread_dispatch_fp
                0x800247b8       0x9c /Programs/devkitpro/libogc/lib/wii/libogc.a(lwp_threads.o)
                0x800247b8                __thread_dispatch_fp
 .text.__lwp_thread_stopmultitasking
                0x80024854       0x64 /Programs/devkitpro/libogc/lib/wii/libogc.a(lwp_threads.o)
                0x80024854                __lwp_thread_stopmultitasking
 .text.__lwp_thread_changepriority
                0x800248b8      0x1b8 /Programs/devkitpro/libogc/lib/wii/libogc.a(lwp_threads.o)
                0x800248b8                __lwp_thread_changepriority
 .text.__lwp_thread_coreinit
                0x80024a70       0x94 /Programs/devkitpro/libogc/lib/wii/libogc.a(lwp_threads.o)
                0x80024a70                __lwp_thread_coreinit
 .text.__lwp_thread_exit
                0x80024b04       0x70 /Programs/devkitpro/libogc/lib/wii/libogc.a(lwp_threads.o)
                0x80024b04                __lwp_thread_exit
 .text.__lwp_thread_handler
                0x80024b74       0x7c /Programs/devkitpro/libogc/lib/wii/libogc.a(lwp_threads.o)
 .text.__lwp_thread_startmultitasking
                0x80024bf0       0xcc /Programs/devkitpro/libogc/lib/wii/libogc.a(lwp_threads.o)
                0x80024bf0                __lwp_thread_startmultitasking
 .text.__lwp_thread_tickle_timeslice
                0x80024cbc       0xe0 /Programs/devkitpro/libogc/lib/wii/libogc.a(lwp_threads.o)
                0x80024cbc                __lwp_thread_tickle_timeslice
 .text.idle_func
                0x80024d9c        0x4 /Programs/devkitpro/libogc/lib/wii/libogc.a(lwp.o)
 .text.__lwp_sysinit
                0x80024da0      0x118 /Programs/devkitpro/libogc/lib/wii/libogc.a(lwp.o)
                0x80024da0                __lwp_sysinit
 .text.LWP_ThreadSignal
                0x80024eb8       0x74 /Programs/devkitpro/libogc/lib/wii/libogc.a(lwp.o)
                0x80024eb8                LWP_ThreadSignal
 .text.LWP_ThreadBroadcast
                0x80024f2c       0x88 /Programs/devkitpro/libogc/lib/wii/libogc.a(lwp.o)
                0x80024f2c                LWP_ThreadBroadcast
 .text.LWP_ThreadSleep
                0x80024fb4       0xe0 /Programs/devkitpro/libogc/lib/wii/libogc.a(lwp.o)
                0x80024fb4                LWP_ThreadSleep
 .text.LWP_CloseQueue
                0x80025094       0xe8 /Programs/devkitpro/libogc/lib/wii/libogc.a(lwp.o)
                0x80025094                LWP_CloseQueue
 .text.LWP_InitQueue
                0x8002517c      0x124 /Programs/devkitpro/libogc/lib/wii/libogc.a(lwp.o)
                0x8002517c                LWP_InitQueue
 .text.__lwp_stack_free
                0x800252a0       0x38 /Programs/devkitpro/libogc/lib/wii/libogc.a(lwp_stack.o)
                0x800252a0                __lwp_stack_free
 .text.__lwp_stack_allocate
                0x800252d8       0x6c /Programs/devkitpro/libogc/lib/wii/libogc.a(lwp_stack.o)
                0x800252d8                __lwp_stack_allocate
 .text.__lwp_watchdog_init
                0x80025344       0x2c /Programs/devkitpro/libogc/lib/wii/libogc.a(lwp_watchdog.o)
                0x80025344                __lwp_watchdog_init
 .text.__lwp_wd_settimer
                0x80025370       0xe0 /Programs/devkitpro/libogc/lib/wii/libogc.a(lwp_watchdog.o)
 .text.__lwp_wd_remove
                0x80025450      0x104 /Programs/devkitpro/libogc/lib/wii/libogc.a(lwp_watchdog.o)
                0x80025450                __lwp_wd_remove
 .text.__lwp_wd_insert
                0x80025554      0x1c4 /Programs/devkitpro/libogc/lib/wii/libogc.a(lwp_watchdog.o)
                0x80025554                __lwp_wd_insert
 .text.__lwp_wd_tickle
                0x80025718      0x130 /Programs/devkitpro/libogc/lib/wii/libogc.a(lwp_watchdog.o)
                0x80025718                __lwp_wd_tickle
 .text.__lwp_wkspace_init
                0x80025848       0xc8 /Programs/devkitpro/libogc/lib/wii/libogc.a(lwp_wkspace.o)
                0x80025848                __lwp_wkspace_init
 .text.__lwp_objmgr_getisrdisable
                0x80025910       0x64 /Programs/devkitpro/libogc/lib/wii/libogc.a(lwp_objmgr.o)
                0x80025910                __lwp_objmgr_getisrdisable
 .text.__lwp_objmgr_getnoprotection
                0x80025974       0x24 /Programs/devkitpro/libogc/lib/wii/libogc.a(lwp_objmgr.o)
                0x80025974                __lwp_objmgr_getnoprotection
 .text.__lwp_objmgr_allocate
                0x80025998       0x74 /Programs/devkitpro/libogc/lib/wii/libogc.a(lwp_objmgr.o)
                0x80025998                __lwp_objmgr_allocate
 .text.__lwp_objmgr_free
                0x80025a0c       0x5c /Programs/devkitpro/libogc/lib/wii/libogc.a(lwp_objmgr.o)
                0x80025a0c                __lwp_objmgr_free
 .text.__lwp_objmgr_get
                0x80025a68       0x78 /Programs/devkitpro/libogc/lib/wii/libogc.a(lwp_objmgr.o)
                0x80025a68                __lwp_objmgr_get
 .text.__lwp_objmgr_initinfo
                0x80025ae0      0x1b0 /Programs/devkitpro/libogc/lib/wii/libogc.a(lwp_objmgr.o)
                0x80025ae0                __lwp_objmgr_initinfo
 .text.__lwp_heap_init
                0x80025c90       0x9c /Programs/devkitpro/libogc/lib/wii/libogc.a(lwp_heap.o)
                0x80025c90                __lwp_heap_init
 .text.__lwp_heap_free
                0x80025d2c      0x1d4 /Programs/devkitpro/libogc/lib/wii/libogc.a(lwp_heap.o)
                0x80025d2c                __lwp_heap_free
 .text.__lwp_heap_allocate
                0x80025f00      0x16c /Programs/devkitpro/libogc/lib/wii/libogc.a(lwp_heap.o)
                0x80025f00                __lwp_heap_allocate
 .text.c_irqdispatcher
                0x8002606c      0x2ac /Programs/devkitpro/libogc/lib/wii/libogc.a(irq.o)
                0x8002606c                c_irqdispatcher
 .text.__SetInterrupts
                0x80026318      0x268 /Programs/devkitpro/libogc/lib/wii/libogc.a(irq.o)
 .text.__UnmaskIrq
                0x80026580       0x90 /Programs/devkitpro/libogc/lib/wii/libogc.a(irq.o)
                0x80026580                __UnmaskIrq
 .text.__MaskIrq
                0x80026610       0x90 /Programs/devkitpro/libogc/lib/wii/libogc.a(irq.o)
                0x80026610                __MaskIrq
 .text.IRQ_Request
                0x800266a0       0x54 /Programs/devkitpro/libogc/lib/wii/libogc.a(irq.o)
                0x800266a0                IRQ_Request
 .text.IRQ_GetHandler
                0x800266f4       0x44 /Programs/devkitpro/libogc/lib/wii/libogc.a(irq.o)
                0x800266f4                IRQ_GetHandler
 .text.IRQ_Disable
                0x80026738       0x20 /Programs/devkitpro/libogc/lib/wii/libogc.a(irq.o)
                0x80026738                IRQ_Disable
 .text.IRQ_Restore
                0x80026758       0x1c /Programs/devkitpro/libogc/lib/wii/libogc.a(irq.o)
                0x80026758                IRQ_Restore
 .text.__irq_init
                0x80026774       0xac /Programs/devkitpro/libogc/lib/wii/libogc.a(irq.o)
                0x80026774                __irq_init
 .text.__gettiming
                0x80026820       0xb0 /Programs/devkitpro/libogc/lib/wii/libogc.a(video.o)
 .text.VIDEO_Flush
                0x800268d0      0x178 /Programs/devkitpro/libogc/lib/wii/libogc.a(video.o)
                0x800268d0                VIDEO_Flush
 .text.VIDEO_GetCurrentTvMode
                0x80026a48       0x70 /Programs/devkitpro/libogc/lib/wii/libogc.a(video.o)
                0x80026a48                VIDEO_GetCurrentTvMode
 .text.VIDEO_HaveComponentCable
                0x80026ab8       0x14 /Programs/devkitpro/libogc/lib/wii/libogc.a(video.o)
                0x80026ab8                VIDEO_HaveComponentCable
 .text.VIDEO_GetPreferredMode
                0x80026acc       0xd0 /Programs/devkitpro/libogc/lib/wii/libogc.a(video.o)
                0x80026acc                VIDEO_GetPreferredMode
 .text.VIDEO_WaitVSync
                0x80026b9c       0x90 /Programs/devkitpro/libogc/lib/wii/libogc.a(video.o)
                0x80026b9c                VIDEO_WaitVSync
 .text.__VISendI2CData
                0x80026c2c      0x560 /Programs/devkitpro/libogc/lib/wii/libogc.a(video.o)
 .text.__VIWriteI2CRegisterBuf
                0x8002718c       0x54 /Programs/devkitpro/libogc/lib/wii/libogc.a(video.o)
 .text.__VIWriteI2CRegister32
                0x800271e0       0x58 /Programs/devkitpro/libogc/lib/wii/libogc.a(video.o)
 .text.__VIWriteI2CRegister16
                0x80027238       0x48 /Programs/devkitpro/libogc/lib/wii/libogc.a(video.o)
 .text.__VIWriteI2CRegister8
                0x80027280       0x3c /Programs/devkitpro/libogc/lib/wii/libogc.a(video.o)
 .text.__VISetFilterEURGB60
                0x800272bc        0xc /Programs/devkitpro/libogc/lib/wii/libogc.a(video.o)
 .text.__VISetYUVSEL
                0x800272c8       0x90 /Programs/devkitpro/libogc/lib/wii/libogc.a(video.o)
 .text.VIDEO_Init
                0x80027358      0x818 /Programs/devkitpro/libogc/lib/wii/libogc.a(video.o)
                0x80027358                VIDEO_Init
 .text.__VIRetraceHandler
                0x80027b70      0x308 /Programs/devkitpro/libogc/lib/wii/libogc.a(video.o)
 .text.VIDEO_GetCurrentLine
                0x80027e78       0xa8 /Programs/devkitpro/libogc/lib/wii/libogc.a(video.o)
                0x80027e78                VIDEO_GetCurrentLine
 .text.VIDEO_SetBlack
                0x80027f20      0x158 /Programs/devkitpro/libogc/lib/wii/libogc.a(video.o)